******************************************************************************
                  TI ARM Linker PC v5.2.8                      
******************************************************************************
>> Linked Mon Mar 13 21:06:36 2017

OUTPUT FILE NAME:   <Filtro_GUI_ADC_teste.out>
ENTRY POINT SYMBOL: "_c_int00"  address: 00008999


MEMORY CONFIGURATION

         name            origin    length      used     unused   attr    fill
----------------------  --------  ---------  --------  --------  ----  --------
  FLASH                 00000000   00040000  00009b0a  000364f6  R  X
  SRAM                  20000000   00008000  0000600c  00001ff4  RW X


SEGMENT ALLOCATION MAP

run origin  load origin   length   init length attrs members
----------  ----------- ---------- ----------- ----- -------
00000000    00000000    00009b10   00009b10    r-x
  00000000    00000000    0000026c   0000026c    r-- .intvecs
  0000026c    0000026c    000090ec   000090ec    r-x .text
  00009358    00009358    000004ee   000004ee    r-- .const
  00009848    00009848    00000004   00000004    r-- .init_array
  00009850    00009850    000002c0   000002c0    r-- .cinit
20000000    20000000    00006010   00000000    rw-
  20000000    20000000    00005658   00000000    rw- .bss
  20005658    20005658    000005b4   00000000    rw- .data
  20005c0c    20005c0c    00000200   00000000    rw- .stack
  20005e10    20005e10    00000200   00000000    rw- .sysmem


SECTION ALLOCATION MAP

 output                                  attributes/
section   page    origin      length       input sections
--------  ----  ----------  ----------   ----------------
.intvecs   0    00000000    0000026c     
                  00000000    0000026c     tm4c123gh6pm_startup_ccs.obj (.intvecs)

.text      0    0000026c    000090ec     
                  0000026c    00002a9c     mkfilter.obj (.text)
                  00002d08    000010ba     rtsv7M4_T_le_v4SPD16_eabi.lib : _printfi.obj (.text)
                  00003dc2    00000002                                   : i_div0.obj (.text)
                  00003dc4    000005d4     complex.obj (.text)
                  00004398    000004dc     uartstdio.obj (.text)
                  00004874    00000498     rtsv7M4_T_le_v4SPD16_eabi.lib : pow.obj (.text)
                  00004d0c    000003dc                                   : memory.obj (.text)
                  000050e8    00000380                                   : vec_newdel.obj (.text)
                  00005468    0000030c                                   : lowlev.obj (.text)
                  00005774    000002ec                                   : xlog.obj (.text)
                  00005a60    000002d4                                   : trgdrv.obj (.text)
                  00005d34    00000294                                   : xsin.obj (.text)
                  00005fc8    00000264                                   : xhypot.obj (.text)
                  0000622c    0000024c                                   : tan.obj (.text)
                  00006478    0000023c                                   : strtod.obj (.text)
                  000066b4    00000228                                   : xsinh.obj (.text)
                  000068dc    000001fc                                   : xexp.obj (.text)
                  00006ad8    000001f4                                   : ull_div_t2.obj (.text)
                  00006ccc    000001c4                                   : fopen.obj (.text)
                  00006e90    000001b6                                   : fd_add_t2.obj (.text)
                  00007046    00000002                                   : newhandler.obj (.text)
                  00007048    00000174                                   : fmod.obj (.text)
                  000071bc    00000148                                   : sqrt.obj (.text)
                  00007304    00000136                                   : fd_div_t2.obj (.text)
                  0000743a    00000002     --HOLE-- [fill = 0]
                  0000743c    00000134                                   : fputs.obj (.text)
                  00007570    00000132     driverlib.lib : gpio.obj (.text:GPIOPadConfigSet)
                  000076a2    00000002     --HOLE-- [fill = 0]
                  000076a4    00000110                   : sysctl.obj (.text:SysCtlClockGet)
                  000077b4    00000110     rtsv7M4_T_le_v4SPD16_eabi.lib : xdscale.obj (.text)
                  000078c4    000000fc                                   : fd_mul_t2.obj (.text)
                  000079c0    000000f4     driverlib.lib : sysctl.obj (.text:SysCtlClockSet)
                  00007ab4    000000e4     rtsv7M4_T_le_v4SPD16_eabi.lib : xcosh.obj (.text)
                  00007b98    000000dc                                   : setvbuf.obj (.text)
                  00007c74    000000c8                                   : fflush.obj (.text)
                  00007d3c    000000c8                                   : floor.obj (.text)
                  00007e04    000000c0                                   : xdint.obj (.text)
                  00007ec4    000000be                                   : xdnorm.obj (.text)
                  00007f82    000000ac                                   : _io_perm.obj (.text)
                  0000802e    0000009c                                   : memcpy_t2.obj (.text)
                  000080ca    00000002     --HOLE-- [fill = 0]
                  000080cc    00000098                                   : fclose.obj (.text)
                  00008164    00000098                                   : fputc.obj (.text)
                  000081fc    00000090                                   : exp.obj (.text)
                  0000828c    00000086                                   : fd_cmp_t2.obj (.text:__aeabi_cdcmple)
                  00008312    00000086                                   : fd_cmp_t2.obj (.text:__aeabi_cdrcmple)
                  00008398    0000007a     driverlib.lib : adc.obj (.text:ADCSequenceStepConfigure)
                  00008412    0000007a     rtsv7M4_T_le_v4SPD16_eabi.lib : memset_t2.obj (.text)
                  0000848c    00000070                                   : printf.obj (.text)
                  000084fc    0000006c                                   : autoinit.obj (.text)
                  00008568    0000006a                                   : copy_decompress_rle.obj (.text)
                  000085d2    00000002     --HOLE-- [fill = 0]
                  000085d4    00000068     driverlib.lib : interrupt.obj (.text:IntEnable)
                  0000863c    00000068     rtsv7M4_T_le_v4SPD16_eabi.lib : trgmsg.obj (.text)
                  000086a4    00000066                                   : xdunscal.obj (.text)
                  0000870a    00000002     --HOLE-- [fill = 0]
                  0000870c    00000064                                   : fseek.obj (.text)
                  00008770    00000062     mkfilter.obj (.text:_Zmi7complexS_)
                  000087d2    00000062     complex.obj (.text:_Zpl7complexS_)
                  00008834    00000060     mkfilter.obj (.text:_Zng7complex)
                  00008894    0000005a     complex.obj (.text:_Zmld7complex)
                  000088ee    00000056     rtsv7M4_T_le_v4SPD16_eabi.lib : ltoa.obj (.text)
                  00008944    00000052                                   : ldexp.obj (.text)
                  00008996    00000002     --HOLE-- [fill = 0]
                  00008998    00000050                                   : boot.obj (.text)
                  000089e8    0000004c                                   : atoi.obj (.text)
                  00008a34    0000004c                                   : cpy_tbl.obj (.text)
                  00008a80    0000004a                                   : hypot.obj (.text)
                  00008aca    00000002     --HOLE-- [fill = 0]
                  00008acc    00000048     driverlib.lib : gpio.obj (.text:GPIOPinConfigure)
                  00008b14    00000048     rtsv7M4_T_le_v4SPD16_eabi.lib : fd_toi_t2.obj (.text)
                  00008b5c    00000044                                   : exit.obj (.text)
                  00008ba0    00000044                                   : fd_tou_t2.obj (.text)
                  00008be4    00000040     mkfilter.obj (.text:_Z3sqr7complex)
                  00008c24    00000040     rtsv7M4_T_le_v4SPD16_eabi.lib : signal.obj (.text)
                  00008c64    00000040                                   : u_divt2.obj (.text)
                  00008ca4    0000003e     driverlib.lib : adc.obj (.text:ADCSequenceConfigure)
                  00008ce2    0000003a     complex.obj (.text:_ZN7complexC1Edd)
                  00008d1c    00000038     mkfilter.obj (.text:_Z5cconj7complex)
                  00008d54    00000038     complex.obj (.text:_Z7c_hypot7complex)
                  00008d8c    00000038     mkfilter.obj (.text:_ZN7complexC1E9c_complex)
                  00008dc4    00000038     rtsv7M4_T_le_v4SPD16_eabi.lib : fs_tod_t2.obj (.text)
                  00008dfc    00000034     driverlib.lib : sysctl.obj (.text:SysCtlPeripheralEnable)
                  00008e30    00000034     rtsv7M4_T_le_v4SPD16_eabi.lib : feraiseexcept.obj (.text)
                  00008e64    00000030     mkfilter.obj (.text:_ZN5pzrepC1Ev)
                  00008e94    00000030     rtsv7M4_T_le_v4SPD16_eabi.lib : new_.obj (.text)
                  00008ec4    00000030                                   : strncpy.obj (.text)
                  00008ef4    00000030                                   : xdclass.obj (.text)
                  00008f24    00000030                                   : xferaise.obj (.text)
                  00008f54    0000002e                                   : i_tofd_t2.obj (.text)
                  00008f82    0000002e                                   : raise.obj (.text)
                  00008fb0    0000002a     driverlib.lib : gpio.obj (.text:GPIODirModeSet)
                  00008fda    0000002a     rtsv7M4_T_le_v4SPD16_eabi.lib : frexp.obj (.text)
                  00009004    00000028                                   : cosh.obj (.text)
                  0000902c    00000028                                   : sinh.obj (.text)
                  00009054    00000022     mkfilter.obj (.text:_Z3sqrd)
                  00009076    00000020     rtsv7M4_T_le_v4SPD16_eabi.lib : memchr.obj (.text)
                  00009096    00000020                                   : u_tofd_t2.obj (.text)
                  000090b6    0000001e     driverlib.lib : adc.obj (.text:ADCSequenceDataGet)
                  000090d4    0000001e     rtsv7M4_T_le_v4SPD16_eabi.lib : strcat.obj (.text)
                  000090f2    0000001c                                   : memccpy.obj (.text)
                  0000910e    0000001a                                   : cos.obj (.text)
                  00009128    0000001a                                   : log.obj (.text)
                  00009142    0000001a                                   : log10.obj (.text)
                  0000915c    0000001a                                   : sin.obj (.text)
                  00009176    00000018     driverlib.lib : adc.obj (.text:ADCClockConfigSet)
                  0000918e    00000018                   : adc.obj (.text:ADCProcessorTrigger)
                  000091a6    00000018                   : gpio.obj (.text:GPIOPinTypeGPIOOutput)
                  000091be    00000002     --HOLE-- [fill = 0]
                  000091c0    00000018     rtsv7M4_T_le_v4SPD16_eabi.lib : args_main.obj (.text)
                  000091d8    00000018                                   : strcmp.obj (.text)
                  000091f0    00000016                                   : strchr.obj (.text)
                  00009206    00000002     --HOLE-- [fill = 0]
                  00009208    00000014                                   : _lock.obj (.text)
                  0000921c    00000014                                   : strcpy.obj (.text)
                  00009230    00000014                                   : strlen.obj (.text)
                  00009244    00000012     driverlib.lib : gpio.obj (.text:GPIOPinTypeADC)
                  00009256    00000012                   : gpio.obj (.text:GPIOPinTypeUART)
                  00009268    00000012     rtsv7M4_T_le_v4SPD16_eabi.lib : atof.obj (.text)
                  0000927a    00000010     driverlib.lib : adc.obj (.text:ADCIntEnable)
                  0000928a    00000010                   : interrupt.obj (.text:IntMasterEnable)
                  0000929a    00000002     --HOLE-- [fill = 0]
                  0000929c    00000010                   : sysctl.obj (.text:SysCtlReset)
                  000092ac    0000000e                   : adc.obj (.text:ADCSequenceEnable)
                  000092ba    0000000e                   : uart.obj (.text:UARTCharGetNonBlocking)
                  000092c8    0000000e                   : uart.obj (.text:UARTCharsAvail)
                  000092d6    0000000e     rtsv7M4_T_le_v4SPD16_eabi.lib : copy_decompress_none.obj (.text:decompress:none)
                  000092e4    0000000c     driverlib.lib : cpu.obj (.text:CPUcpsie)
                  000092f0    0000000c     mkfilter.obj (.text:_ZN7complexC1Ev)
                  000092fc    0000000c     rtsv7M4_T_le_v4SPD16_eabi.lib : copy_zero_init.obj (.text:decompress:ZI)
                  00009308    0000000c     tm4c123gh6pm_startup_ccs.obj (.text)
                  00009314    0000000a     driverlib.lib : adc.obj (.text:ADCIntClear)
                  0000931e    0000000a                   : uart.obj (.text:UARTIntStatus)
                  00009328    00000008                   : uart.obj (.text:UARTIntEnable)
                  00009330    00000008     rtsv7M4_T_le_v4SPD16_eabi.lib : delete.obj (.text)
                  00009338    00000006     driverlib.lib : gpio.obj (.text:GPIOPinWrite)
                  0000933e    00000006                   : sysctl.obj (.text:SysCtlDelay)
                  00009344    00000006                   : uart.obj (.text:UARTClockSourceSet)
                  0000934a    00000006     rtsv7M4_T_le_v4SPD16_eabi.lib : copy_decompress_rle.obj (.text:decompress:rle24)
                  00009350    00000004     driverlib.lib : uart.obj (.text:UARTIntClear)
                  00009354    00000004     rtsv7M4_T_le_v4SPD16_eabi.lib : pre_init.obj (.text)

.const     0    00009358    000004ee     
                  00009358    00000101     rtsv7M4_T_le_v4SPD16_eabi.lib : ctype.obj (.const:.string:_ctypes_)
                  00009459    00000007     --HOLE-- [fill = 0]
                  00009460    00000098                                   : strtod.obj (.const)
                  000094f8    00000090     driverlib.lib : gpio.obj (.const:g_pui32GPIOBaseAddrs)
                  00009588    00000080     rtsv7M4_T_le_v4SPD16_eabi.lib : xsin.obj (.const)
                  00009608    00000070     driverlib.lib : interrupt.obj (.const)
                  00009678    0000006c                   : sysctl.obj (.const:g_pui32Xtals)
                  000096e4    00000004     --HOLE-- [fill = 0]
                  000096e8    00000050     rtsv7M4_T_le_v4SPD16_eabi.lib : tan.obj (.const)
                  00009738    00000048                                   : xexp.obj (.const)
                  00009780    00000038                                   : xlog.obj (.const:p)
                  000097b8    00000030                                   : xdint.obj (.const)
                  000097e8    00000030                                   : xsinh.obj (.const)
                  00009818    0000001c     uartstdio.obj (.const)
                  00009834    00000012     uartstdio.obj (.const:.string)

.init_array 
*          0    00009848    00000004     
                  00009848    00000004     mkfilter.obj (.init_array)

.cinit     0    00009850    000002c0     
                  00009850    0000029b     (.cinit..data.load) [load image, compression = rle]
                  00009aeb    00000001     --HOLE-- [fill = 0]
                  00009aec    0000000c     (__TI_handler_table)
                  00009af8    00000008     (.cinit..bss.load) [load image, compression = zero_init]
                  00009b00    00000010     (__TI_cinit_table)

.bss       0    20000000    00005658     UNINITIALIZED
                  20000000    00001fe8     mkfilter.obj (.bss:splane)
                  20001fe8    00001fe8     mkfilter.obj (.bss:zplane)
                  20003fd0    00000800     mkfilter.obj (.bss:xcoeffs)
                  200047d0    00000800     mkfilter.obj (.bss:ycoeffs)
                  20004fd0    00000158     mkfilter.obj (.bss:xv)
                  20005128    00000158     mkfilter.obj (.bss:yv)
                  20005280    00000120     rtsv7M4_T_le_v4SPD16_eabi.lib : trgmsg.obj (.bss:__CIOBUF_)
                  200053a0    000000a8     mkfilter.obj (.bss:coef_filtro)
                  20005448    000000a0     rtsv7M4_T_le_v4SPD16_eabi.lib : defs.obj (.bss:__TI_tmpnams)
                  200054e8    00000040     mkfilter.obj (.bss)
                  20005528    00000034     mkfilter.obj (.bss:bufferRequisicao)
                  2000555c    00000034     mkfilter.obj (.bss:texto)
                  20005590    00000020     (.common:s)
                  200055b0    00000008     (.common:alpha)
                  200055b8    00000008     (.common:alpha2)
                  200055c0    00000008     (.common:chebrip)
                  200055c8    00000008     (.common:final_gain)
                  200055d0    00000008     (.common:incognita_filtro)
                  200055d8    00000008     (.common:next_input)
                  200055e0    00000008     (.common:next_output)
                  200055e8    00000008     (.common:parmbuf)
                  200055f0    00000008     (.common:pbgain)
                  200055f8    00000008     (.common:raw_alpha1)
                  20005600    00000008     (.common:raw_alpha2)
                  20005608    00000008     (.common:total_partx)
                  20005610    00000008     (.common:total_party)
                  20005618    00000008     (.common:warped_alpha1)
                  20005620    00000008     (.common:warped_alpha2)
                  20005628    00000004     (.common:leitura)
                  2000562c    00000004     (.common:nEntrada)
                  20005630    00000004     (.common:npoles_gen)
                  20005634    00000004     (.common:nxfacs)
                  20005638    00000004     (.common:nzeros_gen)
                  2000563c    00000004     (.common:order)
                  20005640    00000004     (.common:pui32ADC0Value)
                  20005644    00000004     (.common:segunda_vez)
                  20005648    00000002     (.common:ativaRecebimento)
                  2000564a    00000002     (.common:cont)
                  2000564c    00000002     (.common:flag)
                  2000564e    00000002     (.common:flagEntrada)
                  20005650    00000002     (.common:flagInterrupcao)
                  20005652    00000001     (.common:bp_bs)
                  20005653    00000001     (.common:language)
                  20005654    00000001     (.common:lp_hp)
                  20005655    00000001     (.common:parte1)
                  20005656    00000001     (.common:parte2)
                  20005657    00000001     (.common:parte3)

.TI.noinit 
*          0    20000000    00000000     UNINITIALIZED

.data      0    20005658    000005b4     UNINITIALIZED
                  20005658    000001e0     mkfilter.obj (.data:bessel_poles)
                  20005838    000000f0     rtsv7M4_T_le_v4SPD16_eabi.lib : defs.obj (.data:_ftable)
                  20005928    000000d0                                   : lowlev.obj (.data)
                  200059f8    000000b0                                   : signal.obj (.data:sigtable)
                  20005aa8    00000080                                   : xvalues.obj (.data)
                  20005b28    00000068                                   : xfvalues.obj (.data)
                  20005b90    00000030     mkfilter.obj (.data)
                  20005bc0    00000010     rtsv7M4_T_le_v4SPD16_eabi.lib : defs.obj (.data)
                  20005bd0    0000000c                                   : memory.obj (.data)
                  20005bdc    00000008                                   : _lock.obj (.data)
                  20005be4    00000008                                   : exit.obj (.data)
                  20005bec    00000008                                   : feraiseexcept.obj (.data)
                  20005bf4    00000005     uartstdio.obj (.data)
                  20005bf9    00000003     --HOLE--
                  20005bfc    00000004     rtsv7M4_T_le_v4SPD16_eabi.lib : errno.obj (.data)
                  20005c00    00000004                                   : fopen.obj (.data)
                  20005c04    00000004                                   : stkdepth_vars.obj (.data)
                  20005c08    00000004                                   : vars.obj (.data)

.TI.persistent 
*          0    20005658    00000000     UNINITIALIZED

.stack     0    20005c0c    00000200     UNINITIALIZED
                  20005c0c    00000200     --HOLE--

.sysmem    0    20005e10    00000200     UNINITIALIZED
                  20005e10    00000008     rtsv7M4_T_le_v4SPD16_eabi.lib : memory.obj (.sysmem)
                  20005e18    000001f8     --HOLE--


LINKER GENERATED COPY TABLES

__TI_cinit_table @ 00009b00 records: 2, size/record: 8, table size: 16
	.data: load addr=00009850, load size=0000029b bytes, run addr=20005658, run size=000005b4 bytes, compression=rle
	.bss: load addr=00009af8, load size=00000008 bytes, run addr=20000000, run size=00005658 bytes, compression=zero_init


LINKER GENERATED HANDLER TABLE

__TI_handler_table @ 00009aec records: 3, size/record: 4, table size: 12
	index: 0, handler: __TI_decompress_rle24
	index: 1, handler: __TI_decompress_none
	index: 2, handler: __TI_zero_init


GLOBAL SYMBOLS: SORTED ALPHABETICALLY BY Name 

address   name                             
-------   ----                             
00009177  ADCClockConfigSet                
00009315  ADCIntClear                      
0000927b  ADCIntEnable                     
000028c5  ADCIntHandler                    
0000918f  ADCProcessorTrigger              
00008ca5  ADCSequenceConfigure             
000090b7  ADCSequenceDataGet               
000092ad  ADCSequenceEnable                
00008399  ADCSequenceStepConfigure         
00008b5d  C$$EXIT                          
0000866b  C$$IO$$                          
000092e5  CPUcpsie                         
00008fb1  GPIODirModeSet                   
00007571  GPIOPadConfigSet                 
00008acd  GPIOPinConfigure                 
00009245  GPIOPinTypeADC                   
000091a7  GPIOPinTypeGPIOOutput            
00009257  GPIOPinTypeUART                  
00009339  GPIOPinWrite                     
00005ced  HOSTclock                        
00005cb5  HOSTclose                        
00005c77  HOSTgetenv                       
00005c1b  HOSTlseek                        
00005bc9  HOSTopen                         
00005b7d  HOSTread                         
00005b1f  HOSTrename                       
00005ae5  HOSTtime                         
00005aad  HOSTunlink                       
00005a61  HOSTwrite                        
000085d5  IntEnable                        
0000928b  IntMasterEnable                  
00009309  ResetISR                         
00002893  ResetISRMod                      
00009848  SHT$$INIT_ARRAY$$Base            
0000984c  SHT$$INIT_ARRAY$$Limit           
000076a5  SysCtlClockGet                   
000079c1  SysCtlClockSet                   
0000933f  SysCtlDelay                      
00008dfd  SysCtlPeripheralEnable           
0000929d  SysCtlReset                      
000092bb  UARTCharGetNonBlocking           
000092c9  UARTCharsAvail                   
00009345  UARTClockSourceSet               
00009351  UARTIntClear                     
00009329  UARTIntEnable                    
00002601  UARTIntHandler                   
0000931f  UARTIntStatus                    
00004399  UARTStdioConfig                  
00004511  UARTgetc                         
0000444b  UARTgets                         
0000483f  UARTprintf                       
00004545  UARTvprintf                      
000043f9  UARTwrite                        
00007ab5  _Cosh                            
00008ef5  _Dclass                          
20005aa8  _Denorm                          
00007e05  _Dint                            
00007ec5  _Dnorm                           
000077b5  _Dscale                          
000086a5  _Dunscale                        
20005ab8  _Eps                             
20005bfc  _Errno                           
000068dd  _Exp                             
20005b28  _FDenorm                         
20005b38  _FEps                            
20005b48  _FInf                            
20005b58  _FNan                            
20005b78  _FRteps                          
20005b68  _FSnan                           
20005b88  _FXbig                           
20005b8c  _FZero                           
20005bec  _Fenv                            
00008f25  _Feraise                         
20005ac8  _Hugeval                         
00005fc9  _Hypot                           
20005ad8  _Inf                             
00005775  _Log                             
20005ae8  _Nan                             
20005b08  _Rteps                           
00005d35  _Sin                             
000066b5  _Sinh                            
20005af8  _Snan                            
20005bf0  _Tls_setup__Fenv                 
20005b18  _Xbig                            
0000029f  _Z11InitConsolev                 
000002db  _Z12calcula_coefv                
00002319  _Z15processaEntradav             
00007047  _Z21__default_new_handlerv       
00008be5  _Z3sqr7complex                   
00009055  _Z3sqrd                          
0000404f  _Z4cexp7complex                  
00002019  _Z4dtoaPcd                       
000040b7  _Z4expjd                         
00008d1d  _Z5cconj7complex                 
00003f59  _Z5csqrt7complex                 
00008d55  _Z7c_hypot7complex               
0000026d  _Z7delayMsj                      
00000287  _Z7delayUsj                      
00001a2b  _Z7gencodeRdRiPdS0_S1_           
00003dc5  _Z8evaluateP7complexiS0_iS_      
00008e65  _ZN5pzrepC1Ev                    
00008d8d  _ZN7complexC1E9c_complex         
00008ce3  _ZN7complexC1Edd                 
000092f1  _ZN7complexC1Ev                  
00009331  _ZdaPv                           
00009331  _ZdlPv                           
00004245  _Zdv7complexS_                   
20005b20  _Zero                            
00008771  _Zmi7complexS_                   
00004135  _Zml7complexS_                   
00008895  _Zmld7complex                    
00008e95  _Znaj                            
00008835  _Zng7complex                     
00008e95  _Znwj                            
000087d3  _Zpl7complexS_                   
20005280  __CIOBUF_                        
20005e0c  __STACK_END                      
00000200  __STACK_SIZE                     
20005e0c  __STACK_TOP                      
00000200  __SYSMEM_SIZE                    
00009b00  __TI_CINIT_Base                  
00009b10  __TI_CINIT_Limit                 
00009aec  __TI_Handler_Table_Base          
00009af8  __TI_Handler_Table_Limit         
000084fd  __TI_auto_init                   
00006d95  __TI_cleanup                     
20005be4  __TI_cleanup_ptr                 
000080cd  __TI_closefile                   
000092d7  __TI_decompress_none             
0000934b  __TI_decompress_rle24            
00007c75  __TI_doflush                     
20005be8  __TI_dtors_ptr                   
20005bc0  __TI_ft_end                      
00003abd  __TI_printfi                     
00007fe5  __TI_rd_ok                       
0000866f  __TI_readmsg                     
00000000  __TI_static_base__               
20005448  __TI_tmpnams                     
0000863d  __TI_writemsg                    
00007f83  __TI_wrt_ok                      
000092fd  __TI_zero_init                   
0000828d  __aeabi_cdcmpeq                  
0000828d  __aeabi_cdcmple                  
00008313  __aeabi_cdrcmple                 
00008b15  __aeabi_d2iz                     
00008ba1  __aeabi_d2uiz                    
00006e9b  __aeabi_dadd                     
00007305  __aeabi_ddiv                     
000078c5  __aeabi_dmul                     
00006e91  __aeabi_dsub                     
00008dc5  __aeabi_f2d                      
00008f55  __aeabi_i2d                      
00003dc3  __aeabi_idiv0                    
00008413  __aeabi_memclr                   
00008413  __aeabi_memclr4                  
00008413  __aeabi_memclr8                  
0000802f  __aeabi_memcpy                   
0000802f  __aeabi_memcpy4                  
0000802f  __aeabi_memcpy8                  
00008415  __aeabi_memset                   
00008415  __aeabi_memset4                  
00008415  __aeabi_memset8                  
20005bcc  __aeabi_stderr                   
20005bc4  __aeabi_stdin                    
20005bc8  __aeabi_stdout                   
00009097  __aeabi_ui2d                     
00008c65  __aeabi_uidiv                    
00008c65  __aeabi_uidivmod                 
00006ad9  __aeabi_uldivmod                 
00005453  __aeabi_vec_cctor_nocookie_nodtor
00005431  __aeabi_vec_ctor_cookie_nodtor   
0000541f  __aeabi_vec_ctor_nocookie_nodtor 
00005413  __aeabi_vec_delete               
000053f7  __aeabi_vec_delete3              
000053dd  __aeabi_vec_delete3_nodtor       
000053b7  __aeabi_vec_dtor                 
000053cb  __aeabi_vec_dtor_cookie          
00005391  __aeabi_vec_new_cookie           
00005375  __aeabi_vec_new_cookie_noctor    
0000535f  __aeabi_vec_new_cookie_nodtor    
0000534b  __aeabi_vec_new_nocookie         
ffffffff  __binit__                        
ffffffff  __c_args__                       
00005321  __cxa_vec_cctor                  
00005301  __cxa_vec_cleanup                
000052dd  __cxa_vec_ctor                   
000052b7  __cxa_vec_delete                 
00005291  __cxa_vec_delete2                
0000526b  __cxa_vec_delete3                
0000524f  __cxa_vec_dtor                   
000051b3  __cxa_vec_new                    
00005187  __cxa_vec_new2                   
0000515b  __cxa_vec_new3                   
20005c0c  __stack                          
00002c05  __sti___12_mkfilter_cpp_f5ec2cbd 
000091c1  _args_main                       
00008999  _c_int00                         
00009358  _ctypes_                         
20005838  _ftable                          
20005bdc  _lock                            
20005c08  _new_handler                     
00009217  _nop                             
0000920f  _register_lock                   
00009209  _register_unlock                 
20005e10  _sys_memory                      
00009355  _system_pre_init                 
20005be0  _unlock                          
00008b61  abort                            
000056c9  add_device                       
200055b0  alpha                            
200055b8  alpha2                           
00009269  atof                             
000089e9  atoi                             
ffffffff  binit                            
20005652  bp_bs                            
20005528  bufferRequisicao                 
000050b5  calloc                           
00005679  close                            
2000564a  cont                             
00008a35  copy_in                          
0000910f  cos                              
00009005  cosh                             
00008b69  exit                             
000081fd  exp                              
20005bac  f_ap                             
20005b90  f_be                             
20005ba4  f_bp                             
20005ba8  f_bs                             
20005b94  f_bu                             
20005b98  f_ch                             
20005ba0  f_hp                             
20005b9c  f_lp                             
00008133  fclose                           
00008e31  feraiseexcept                    
00007cc1  fflush                           
2000564c  flag                             
2000564e  flagEntrada                      
20005650  flagInterrupcao                  
00007d3d  floor                            
00007049  fmod                             
00006deb  fopen                            
00008165  fputc                            
0000743d  fputs                            
00004e03  free                             
00006dc1  freopen                          
00008fdb  frexp                            
0000870d  fseek                            
00000000  g_pfnVectors                     
00008a81  hypot                            
00008945  ldexp                            
20005628  leitura                          
00009129  log                              
00009143  log10                            
20005654  lp_hp                            
00005655  lseek                            
000088ef  ltoa                             
00002a1d  main                             
20005c04  main_func_sp                     
00004d9b  malloc                           
00004fd1  memalign                         
000090f3  memccpy                          
00009077  memchr                           
0000802f  memcpy                           
0000841b  memset                           
00004d0d  minit                            
2000562c  nEntrada                         
000055a7  open                             
20005655  parte1                           
20005656  parte2                           
20005657  parte3                           
00004875  pow                              
00008495  printf                           
20005640  pui32ADC0Value                   
00008165  putc                             
000081e9  putchar                          
00007549  puts                             
00008f83  raise                            
00005583  read                             
00004ec5  realloc                          
000054f9  remove                           
0000555b  remove_device                    
0000551d  rename                           
00007b99  setvbuf                          
00008c25  signal                           
0000915d  sin                              
0000902d  sinh                             
000071bd  sqrt                             
000090d5  strcat                           
000091f1  strchr                           
000091d9  strcmp                           
0000921d  strcpy                           
00009231  strlen                           
00008ec5  strncpy                          
00006479  strtod                           
00006479  strtold                          
0000622d  tan                              
2000555c  texto                            
000054f9  unlink                           
00005469  write                            


GLOBAL SYMBOLS: SORTED BY Symbol Address 

address   name                             
-------   ----                             
00000000  __TI_static_base__               
00000000  g_pfnVectors                     
00000200  __STACK_SIZE                     
00000200  __SYSMEM_SIZE                    
0000026d  _Z7delayMsj                      
00000287  _Z7delayUsj                      
0000029f  _Z11InitConsolev                 
000002db  _Z12calcula_coefv                
00001a2b  _Z7gencodeRdRiPdS0_S1_           
00002019  _Z4dtoaPcd                       
00002319  _Z15processaEntradav             
00002601  UARTIntHandler                   
00002893  ResetISRMod                      
000028c5  ADCIntHandler                    
00002a1d  main                             
00002c05  __sti___12_mkfilter_cpp_f5ec2cbd 
00003abd  __TI_printfi                     
00003dc3  __aeabi_idiv0                    
00003dc5  _Z8evaluateP7complexiS0_iS_      
00003f59  _Z5csqrt7complex                 
0000404f  _Z4cexp7complex                  
000040b7  _Z4expjd                         
00004135  _Zml7complexS_                   
00004245  _Zdv7complexS_                   
00004399  UARTStdioConfig                  
000043f9  UARTwrite                        
0000444b  UARTgets                         
00004511  UARTgetc                         
00004545  UARTvprintf                      
0000483f  UARTprintf                       
00004875  pow                              
00004d0d  minit                            
00004d9b  malloc                           
00004e03  free                             
00004ec5  realloc                          
00004fd1  memalign                         
000050b5  calloc                           
0000515b  __cxa_vec_new3                   
00005187  __cxa_vec_new2                   
000051b3  __cxa_vec_new                    
0000524f  __cxa_vec_dtor                   
0000526b  __cxa_vec_delete3                
00005291  __cxa_vec_delete2                
000052b7  __cxa_vec_delete                 
000052dd  __cxa_vec_ctor                   
00005301  __cxa_vec_cleanup                
00005321  __cxa_vec_cctor                  
0000534b  __aeabi_vec_new_nocookie         
0000535f  __aeabi_vec_new_cookie_nodtor    
00005375  __aeabi_vec_new_cookie_noctor    
00005391  __aeabi_vec_new_cookie           
000053b7  __aeabi_vec_dtor                 
000053cb  __aeabi_vec_dtor_cookie          
000053dd  __aeabi_vec_delete3_nodtor       
000053f7  __aeabi_vec_delete3              
00005413  __aeabi_vec_delete               
0000541f  __aeabi_vec_ctor_nocookie_nodtor 
00005431  __aeabi_vec_ctor_cookie_nodtor   
00005453  __aeabi_vec_cctor_nocookie_nodtor
00005469  write                            
000054f9  remove                           
000054f9  unlink                           
0000551d  rename                           
0000555b  remove_device                    
00005583  read                             
000055a7  open                             
00005655  lseek                            
00005679  close                            
000056c9  add_device                       
00005775  _Log                             
00005a61  HOSTwrite                        
00005aad  HOSTunlink                       
00005ae5  HOSTtime                         
00005b1f  HOSTrename                       
00005b7d  HOSTread                         
00005bc9  HOSTopen                         
00005c1b  HOSTlseek                        
00005c77  HOSTgetenv                       
00005cb5  HOSTclose                        
00005ced  HOSTclock                        
00005d35  _Sin                             
00005fc9  _Hypot                           
0000622d  tan                              
00006479  strtod                           
00006479  strtold                          
000066b5  _Sinh                            
000068dd  _Exp                             
00006ad9  __aeabi_uldivmod                 
00006d95  __TI_cleanup                     
00006dc1  freopen                          
00006deb  fopen                            
00006e91  __aeabi_dsub                     
00006e9b  __aeabi_dadd                     
00007047  _Z21__default_new_handlerv       
00007049  fmod                             
000071bd  sqrt                             
00007305  __aeabi_ddiv                     
0000743d  fputs                            
00007549  puts                             
00007571  GPIOPadConfigSet                 
000076a5  SysCtlClockGet                   
000077b5  _Dscale                          
000078c5  __aeabi_dmul                     
000079c1  SysCtlClockSet                   
00007ab5  _Cosh                            
00007b99  setvbuf                          
00007c75  __TI_doflush                     
00007cc1  fflush                           
00007d3d  floor                            
00007e05  _Dint                            
00007ec5  _Dnorm                           
00007f83  __TI_wrt_ok                      
00007fe5  __TI_rd_ok                       
0000802f  __aeabi_memcpy                   
0000802f  __aeabi_memcpy4                  
0000802f  __aeabi_memcpy8                  
0000802f  memcpy                           
000080cd  __TI_closefile                   
00008133  fclose                           
00008165  fputc                            
00008165  putc                             
000081e9  putchar                          
000081fd  exp                              
0000828d  __aeabi_cdcmpeq                  
0000828d  __aeabi_cdcmple                  
00008313  __aeabi_cdrcmple                 
00008399  ADCSequenceStepConfigure         
00008413  __aeabi_memclr                   
00008413  __aeabi_memclr4                  
00008413  __aeabi_memclr8                  
00008415  __aeabi_memset                   
00008415  __aeabi_memset4                  
00008415  __aeabi_memset8                  
0000841b  memset                           
00008495  printf                           
000084fd  __TI_auto_init                   
000085d5  IntEnable                        
0000863d  __TI_writemsg                    
0000866b  C$$IO$$                          
0000866f  __TI_readmsg                     
000086a5  _Dunscale                        
0000870d  fseek                            
00008771  _Zmi7complexS_                   
000087d3  _Zpl7complexS_                   
00008835  _Zng7complex                     
00008895  _Zmld7complex                    
000088ef  ltoa                             
00008945  ldexp                            
00008999  _c_int00                         
000089e9  atoi                             
00008a35  copy_in                          
00008a81  hypot                            
00008acd  GPIOPinConfigure                 
00008b15  __aeabi_d2iz                     
00008b5d  C$$EXIT                          
00008b61  abort                            
00008b69  exit                             
00008ba1  __aeabi_d2uiz                    
00008be5  _Z3sqr7complex                   
00008c25  signal                           
00008c65  __aeabi_uidiv                    
00008c65  __aeabi_uidivmod                 
00008ca5  ADCSequenceConfigure             
00008ce3  _ZN7complexC1Edd                 
00008d1d  _Z5cconj7complex                 
00008d55  _Z7c_hypot7complex               
00008d8d  _ZN7complexC1E9c_complex         
00008dc5  __aeabi_f2d                      
00008dfd  SysCtlPeripheralEnable           
00008e31  feraiseexcept                    
00008e65  _ZN5pzrepC1Ev                    
00008e95  _Znaj                            
00008e95  _Znwj                            
00008ec5  strncpy                          
00008ef5  _Dclass                          
00008f25  _Feraise                         
00008f55  __aeabi_i2d                      
00008f83  raise                            
00008fb1  GPIODirModeSet                   
00008fdb  frexp                            
00009005  cosh                             
0000902d  sinh                             
00009055  _Z3sqrd                          
00009077  memchr                           
00009097  __aeabi_ui2d                     
000090b7  ADCSequenceDataGet               
000090d5  strcat                           
000090f3  memccpy                          
0000910f  cos                              
00009129  log                              
00009143  log10                            
0000915d  sin                              
00009177  ADCClockConfigSet                
0000918f  ADCProcessorTrigger              
000091a7  GPIOPinTypeGPIOOutput            
000091c1  _args_main                       
000091d9  strcmp                           
000091f1  strchr                           
00009209  _register_unlock                 
0000920f  _register_lock                   
00009217  _nop                             
0000921d  strcpy                           
00009231  strlen                           
00009245  GPIOPinTypeADC                   
00009257  GPIOPinTypeUART                  
00009269  atof                             
0000927b  ADCIntEnable                     
0000928b  IntMasterEnable                  
0000929d  SysCtlReset                      
000092ad  ADCSequenceEnable                
000092bb  UARTCharGetNonBlocking           
000092c9  UARTCharsAvail                   
000092d7  __TI_decompress_none             
000092e5  CPUcpsie                         
000092f1  _ZN7complexC1Ev                  
000092fd  __TI_zero_init                   
00009309  ResetISR                         
00009315  ADCIntClear                      
0000931f  UARTIntStatus                    
00009329  UARTIntEnable                    
00009331  _ZdaPv                           
00009331  _ZdlPv                           
00009339  GPIOPinWrite                     
0000933f  SysCtlDelay                      
00009345  UARTClockSourceSet               
0000934b  __TI_decompress_rle24            
00009351  UARTIntClear                     
00009355  _system_pre_init                 
00009358  _ctypes_                         
00009848  SHT$$INIT_ARRAY$$Base            
0000984c  SHT$$INIT_ARRAY$$Limit           
00009aec  __TI_Handler_Table_Base          
00009af8  __TI_Handler_Table_Limit         
00009b00  __TI_CINIT_Base                  
00009b10  __TI_CINIT_Limit                 
20005280  __CIOBUF_                        
20005448  __TI_tmpnams                     
20005528  bufferRequisicao                 
2000555c  texto                            
200055b0  alpha                            
200055b8  alpha2                           
20005628  leitura                          
2000562c  nEntrada                         
20005640  pui32ADC0Value                   
2000564a  cont                             
2000564c  flag                             
2000564e  flagEntrada                      
20005650  flagInterrupcao                  
20005652  bp_bs                            
20005654  lp_hp                            
20005655  parte1                           
20005656  parte2                           
20005657  parte3                           
20005838  _ftable                          
20005aa8  _Denorm                          
20005ab8  _Eps                             
20005ac8  _Hugeval                         
20005ad8  _Inf                             
20005ae8  _Nan                             
20005af8  _Snan                            
20005b08  _Rteps                           
20005b18  _Xbig                            
20005b20  _Zero                            
20005b28  _FDenorm                         
20005b38  _FEps                            
20005b48  _FInf                            
20005b58  _FNan                            
20005b68  _FSnan                           
20005b78  _FRteps                          
20005b88  _FXbig                           
20005b8c  _FZero                           
20005b90  f_be                             
20005b94  f_bu                             
20005b98  f_ch                             
20005b9c  f_lp                             
20005ba0  f_hp                             
20005ba4  f_bp                             
20005ba8  f_bs                             
20005bac  f_ap                             
20005bc0  __TI_ft_end                      
20005bc4  __aeabi_stdin                    
20005bc8  __aeabi_stdout                   
20005bcc  __aeabi_stderr                   
20005bdc  _lock                            
20005be0  _unlock                          
20005be4  __TI_cleanup_ptr                 
20005be8  __TI_dtors_ptr                   
20005bec  _Fenv                            
20005bf0  _Tls_setup__Fenv                 
20005bfc  _Errno                           
20005c04  main_func_sp                     
20005c08  _new_handler                     
20005c0c  __stack                          
20005e0c  __STACK_END                      
20005e0c  __STACK_TOP                      
20005e10  _sys_memory                      
ffffffff  __binit__                        
ffffffff  __c_args__                       
ffffffff  binit                            

[299 symbols]
