******************************************************************************
                  TI ARM Linker PC v18.12.4                    
******************************************************************************
>> Linked Mon Jan 20 12:43:10 2020

OUTPUT FILE NAME:   <EMG2.out>
ENTRY POINT SYMBOL: "_c_int00_noargs"  address: 0000307d


MEMORY CONFIGURATION

         name            origin    length      used     unused   attr    fill
----------------------  --------  ---------  --------  --------  ----  --------
  FLASH                 00000000   00040000  00003704  0003c8fc  R  X
  SRAM                  20000000   00008000  00001e58  000061a8  RW X


SEGMENT ALLOCATION MAP

run origin  load origin   length   init length attrs members
----------  ----------- ---------- ----------- ----- -------
00000000    00000000    00003708   00003708    r-x
  00000000    00000000    0000026c   0000026c    r-- .intvecs
  0000026c    0000026c    000030f0   000030f0    r-x .text
  00003360    00003360    00000360   00000360    r-- .const
  000036c0    000036c0    00000048   00000048    r-- .cinit
20000000    20000000    00001e58   00000000    rw-
  20000000    20000000    00001c28   00000000    rw- .bss
  20001c28    20001c28    00000200   00000000    rw- .stack
  20001e28    20001e28    00000030   00000000    rw- .data


SECTION ALLOCATION MAP

 output                                  attributes/
section   page    origin      length       input sections
--------  ----  ----------  ----------   ----------------
.intvecs   0    00000000    0000026c     
                  00000000    0000026c     tm4c123gh6pm_startup_ccs.obj (.intvecs)

.text      0    0000026c    000030f0     
                  0000026c    00000738     rtsv7M4_T_le_v4SPD16_eabi.lib : k_rem_pio2.c.obj (.text:__kernel_rem_pio2)
                  000009a4    000005c4                                   : s_sin.c.obj (.text:sin)
                  00000f68    00000464     streaming_protocol.obj (.text)
                  000013cc    000002c8     main.obj (.text)
                  00001694    0000024c     comunication_protocol.obj (.text)
                  000018e0    00000208     tiva_HAL.obj (.text)
                  00001ae8    000001b6     rtsv7M4_T_le_v4SPD16_eabi.lib : fd_add_t2.asm.obj (.text)
                  00001c9e    00000002     --HOLE-- [fill = 0]
                  00001ca0    00000174                                   : k_sin.c.obj (.text:__kernel_sin)
                  00001e14    0000016c                                   : k_cos.c.obj (.text:__kernel_cos)
                  00001f80    00000160     function_gen.obj (.text)
                  000020e0    00000136     rtsv7M4_T_le_v4SPD16_eabi.lib : fd_div_t2.asm.obj (.text)
                  00002216    00000132     driverlib.lib : gpio.obj (.text:GPIOPadConfigSet)
                  00002348    00000110                   : sysctl.obj (.text:SysCtlClockGet)
                  00002458    00000110     rtsv7M4_T_le_v4SPD16_eabi.lib : s_scalbn.c.obj (.text:scalbn)
                  00002568    00000108     string_comun_prot.obj (.text)
                  00002670    000000fc     rtsv7M4_T_le_v4SPD16_eabi.lib : fd_mul_t2.asm.obj (.text)
                  0000276c    000000f8                                   : s_floor.c.obj (.text:floor)
                  00002864    000000f4     driverlib.lib : sysctl.obj (.text:SysCtlClockSet)
                  00002958    000000c0     rtsv7M4_T_le_v4SPD16_eabi.lib : s_round.c.obj (.text:round)
                  00002a18    0000009c                                   : memcpy_t2.asm.obj (.text)
                  00002ab4    00000086                                   : fd_cmp_t2.asm.obj (.text:__aeabi_cdcmple)
                  00002b3a    00000086                                   : fd_cmp_t2.asm.obj (.text:__aeabi_cdrcmple)
                  00002bc0    0000007a     driverlib.lib : adc.obj (.text:ADCSequenceStepConfigure)
                  00002c3a    0000007a     rtsv7M4_T_le_v4SPD16_eabi.lib : memset_t2.asm.obj (.text)
                  00002cb4    00000068     driverlib.lib : interrupt.obj (.text:IntDisable)
                  00002d1c    00000068                   : interrupt.obj (.text:IntEnable)
                  00002d84    00000068     rtsv7M4_T_le_v4SPD16_eabi.lib : copy_decompress_lzss.c.obj (.text:decompress:lzss:__TI_decompress_lzss)
                  00002dec    00000060     driverlib.lib : timer.obj (.text:TimerConfigure)
                  00002e4c    00000058                   : timer.obj (.text:TimerControlTrigger)
                  00002ea4    00000050                   : adc.obj (.text:ADCSequenceConfigure)
                  00002ef4    00000048                   : gpio.obj (.text:GPIOPinConfigure)
                  00002f3c    00000048     rtsv7M4_T_le_v4SPD16_eabi.lib : fd_toi_t2.asm.obj (.text)
                  00002f84    00000046     driverlib.lib : uart.obj (.text:UARTConfigSetExpClk)
                  00002fca    00000002     --HOLE-- [fill = 0]
                  00002fcc    00000044     rtsv7M4_T_le_v4SPD16_eabi.lib : autoinit.c.obj (.text:__TI_auto_init_nobinit_nopinit:__TI_auto_init_nobinit_nopinit)
                  00003010    00000038                                   : fs_tod_t2.asm.obj (.text)
                  00003048    00000034     driverlib.lib : sysctl.obj (.text:SysCtlPeripheralEnable)
                  0000307c    00000034     rtsv7M4_T_le_v4SPD16_eabi.lib : boot_cortex_m.c.obj (.text:_c_int00_noargs:_c_int00_noargs)
                  000030b0    0000002e     driverlib.lib : adc.obj (.text:ADCIntStatus)
                  000030de    0000002e     rtsv7M4_T_le_v4SPD16_eabi.lib : i_tofd_t2.asm.obj (.text)
                  0000310c    0000002a     driverlib.lib : gpio.obj (.text:GPIODirModeSet)
                  00003136    00000002     --HOLE-- [fill = 0]
                  00003138    00000024                   : interrupt.obj (.text:IntPrioritySet)
                  0000315c    00000020                   : uart.obj (.text:UARTDisable)
                  0000317c    0000001e                   : adc.obj (.text:ADCSequenceDataGet)
                  0000319a    0000001e     rtsv7M4_T_le_v4SPD16_eabi.lib : ll_lsl_t2.asm.obj (.text)
                  000031b8    0000001e                                   : ll_lsr_t2.asm.obj (.text)
                  000031d6    0000001a                                   : s_copysign.c.obj (.text:copysign)
                  000031f0    00000018     driverlib.lib : adc.obj (.text:ADCProcessorTrigger)
                  00003208    00000018                   : gpio.obj (.text:GPIOPinTypeGPIOOutput)
                  00003220    00000018                   : timer.obj (.text:TimerDisable)
                  00003238    00000014                   : uart.obj (.text:UARTEnable)
                  0000324c    00000012                   : gpio.obj (.text:GPIOPinTypeADC)
                  0000325e    00000012                   : gpio.obj (.text:GPIOPinTypeUART)
                  00003270    00000012                   : timer.obj (.text:TimerLoadSet)
                  00003282    00000010                   : interrupt.obj (.text:IntMasterEnable)
                  00003292    0000000e                   : adc.obj (.text:ADCSequenceEnable)
                  000032a0    0000000e                   : timer.obj (.text:TimerEnable)
                  000032ae    0000000e                   : uart.obj (.text:UARTCharGetNonBlocking)
                  000032bc    0000000e                   : uart.obj (.text:UARTCharsAvail)
                  000032ca    0000000e     rtsv7M4_T_le_v4SPD16_eabi.lib : copy_decompress_none.c.obj (.text:decompress:none:__TI_decompress_none)
                  000032d8    0000000c     driverlib.lib : adc.obj (.text:ADCReferenceSet)
                  000032e4    0000000c                   : cpu.obj (.text:CPUcpsie)
                  000032f0    0000000c     rtsv7M4_T_le_v4SPD16_eabi.lib : copy_zero_init.c.obj (.text:decompress:ZI:__TI_zero_init)
                  000032fc    0000000c     tm4c123gh6pm_startup_ccs.obj (.text)
                  00003308    0000000a     driverlib.lib : adc.obj (.text:ADCIntClear)
                  00003312    0000000a                   : timer.obj (.text:TimerValueGet)
                  0000331c    0000000a                   : uart.obj (.text:UARTCharPut)
                  00003326    00000008                   : timer.obj (.text:TimerIntEnable)
                  0000332e    00000008                   : uart.obj (.text:UARTIntEnable)
                  00003336    00000002     --HOLE-- [fill = 0]
                  00003338    00000008     rtsv7M4_T_le_v4SPD16_eabi.lib : errno.c.obj (.text:__aeabi_errno_addr)
                  00003340    00000006     driverlib.lib : gpio.obj (.text:GPIOPinWrite)
                  00003346    00000006                   : sysctl.obj (.text:SysCtlDelay)
                  0000334c    00000004                   : timer.obj (.text:TimerIntClear)
                  00003350    00000004                   : uart.obj (.text:UARTIntClear)
                  00003354    00000004     rtsv7M4_T_le_v4SPD16_eabi.lib : pre_init.c.obj (.text:_system_pre_init)
                  00003358    00000004                                   : exit.c.obj (.text:abort:abort)

.const     0    00003360    00000360     
                  00003360    00000158     rtsv7M4_T_le_v4SPD16_eabi.lib : k_rem_pio2.c.obj (.const:$O1$$)
                  000034b8    0000009c     driverlib.lib : interrupt.obj (.const:g_pui32Regs)
                  00003554    00000090                   : gpio.obj (.const:g_pui32GPIOBaseAddrs)
                  000035e4    00000070                   : interrupt.obj (.const)
                  00003654    0000006c                   : sysctl.obj (.const:g_pui32Xtals)

.cinit     0    000036c0    00000048     
                  000036c0    0000001e     (.cinit..data.load) [load image, compression = lzss]
                  000036de    00000002     --HOLE-- [fill = 0]
                  000036e0    0000000c     (__TI_handler_table)
                  000036ec    00000004     --HOLE-- [fill = 0]
                  000036f0    00000008     (.cinit..bss.load) [load image, compression = zero_init]
                  000036f8    00000010     (__TI_cinit_table)

.init_array 
*          0    00000000    00000000     UNINITIALIZED

.bss       0    20000000    00001c28     UNINITIALIZED
                  20000000    00000800     (.common:acquis_pingpong_buf_0)
                  20000800    00000800     (.common:acquis_pingpong_buf_1)
                  20001000    00000600     (.common:stream_pigpong_buf_0)
                  20001600    00000600     (.common:stream_pigpong_buf_1)
                  20001c00    0000001c     (.common:tiva_actual_state)
                  20001c1c    0000000c     (.common:string_streaming_buffer)

.data      0    20001e28    00000030     UNINITIALIZED
                  20001e28    0000001e     main.obj (.data)
                  20001e46    00000002     --HOLE--
                  20001e48    00000008     function_gen.obj (.data)
                  20001e50    00000004     main.obj (.data:mux_channel)
                  20001e54    00000004     rtsv7M4_T_le_v4SPD16_eabi.lib : errno.c.obj (.data)

.stack     0    20001c28    00000200     UNINITIALIZED
                  20001c28    00000004     rtsv7M4_T_le_v4SPD16_eabi.lib : boot_cortex_m.c.obj (.stack)
                  20001c2c    000001fc     --HOLE--

MODULE SUMMARY

       Module                         code    ro data   rw data
       ------                         ----    -------   -------
    .\
       main.obj                       712     0         7242   
       streaming_protocol.obj         1124    0         0      
       tm4c123gh6pm_startup_ccs.obj   12      620       0      
       comunication_protocol.obj      588     0         0      
       tiva_HAL.obj                   520     0         0      
       function_gen.obj               352     0         8      
       string_comun_prot.obj          264     0         0      
    +--+------------------------------+-------+---------+---------+
       Total:                         3572    620       7250   
                                                               
    C:/ti/TivaWare_C_Series-2.1.4.178/driverlib/ccs/Debug/driverlib.lib
       sysctl.obj                     574     108       0      
       gpio.obj                       486     144       0      
       interrupt.obj                  260     268       0      
       adc.obj                        338     0         0      
       timer.obj                      262     0         0      
       uart.obj                       172     0         0      
       cpu.obj                        12      0         0      
    +--+------------------------------+-------+---------+---------+
       Total:                         2104    520       0      
                                                               
    C:\ti\ccs930\ccs\tools\compiler\ti-cgt-arm_18.12.4.LTS\lib\rtsv7M4_T_le_v4SPD16_eabi.lib
       k_rem_pio2.c.obj               1848    344       0      
       s_sin.c.obj                    1476    0         0      
       fd_add_t2.asm.obj              438     0         0      
       k_sin.c.obj                    372     0         0      
       k_cos.c.obj                    364     0         0      
       fd_div_t2.asm.obj              310     0         0      
       s_scalbn.c.obj                 272     0         0      
       fd_cmp_t2.asm.obj              268     0         0      
       fd_mul_t2.asm.obj              252     0         0      
       s_floor.c.obj                  248     0         0      
       s_round.c.obj                  192     0         0      
       memcpy_t2.asm.obj              156     0         0      
       memset_t2.asm.obj              122     0         0      
       copy_decompress_lzss.c.obj     104     0         0      
       fd_toi_t2.asm.obj              72      0         0      
       autoinit.c.obj                 68      0         0      
       fs_tod_t2.asm.obj              56      0         0      
       boot_cortex_m.c.obj            52      0         0      
       i_tofd_t2.asm.obj              46      0         0      
       ll_lsl_t2.asm.obj              30      0         0      
       ll_lsr_t2.asm.obj              30      0         0      
       s_copysign.c.obj               26      0         0      
       copy_decompress_none.c.obj     14      0         0      
       copy_zero_init.c.obj           12      0         0      
       errno.c.obj                    8       0         4      
       exit.c.obj                     4       0         0      
       pre_init.c.obj                 4       0         0      
    +--+------------------------------+-------+---------+---------+
       Total:                         6844    344       4      
                                                               
       Stack:                         0       0         512    
       Linker Generated:              0       66        0      
    +--+------------------------------+-------+---------+---------+
       Grand Total:                   12520   1550      7766   


LINKER GENERATED COPY TABLES

__TI_cinit_table @ 000036f8 records: 2, size/record: 8, table size: 16
	.data: load addr=000036c0, load size=0000001e bytes, run addr=20001e28, run size=00000030 bytes, compression=lzss
	.bss: load addr=000036f0, load size=00000008 bytes, run addr=20000000, run size=00001c28 bytes, compression=zero_init


LINKER GENERATED HANDLER TABLE

__TI_handler_table @ 000036e0 records: 3, size/record: 4, table size: 12
	index: 0, handler: __TI_decompress_lzss
	index: 1, handler: __TI_decompress_none
	index: 2, handler: __TI_zero_init


GLOBAL SYMBOLS: SORTED ALPHABETICALLY BY Name 

address   name                          
-------   ----                          
00003309  ADCIntClear                   
000030b1  ADCIntStatus                  
000031f1  ADCProcessorTrigger           
000032d9  ADCReferenceSet               
00002ea5  ADCSequenceConfigure          
0000317d  ADCSequenceDataGet            
00003293  ADCSequenceEnable             
00002bc1  ADCSequenceStepConfigure      
00003359  C$$EXIT                       
000032e5  CPUcpsie                      
0000310d  GPIODirModeSet                
00002217  GPIOPadConfigSet              
00002ef5  GPIOPinConfigure              
0000324d  GPIOPinTypeADC                
00003209  GPIOPinTypeGPIOOutput         
0000325f  GPIOPinTypeUART               
00003341  GPIOPinWrite                  
00002cb5  IntDisable                    
00002d1d  IntEnable                     
00003283  IntMasterEnable               
00003139  IntPrioritySet                
000032fd  ResetISR                      
00002349  SysCtlClockGet                
00002865  SysCtlClockSet                
00003347  SysCtlDelay                   
00003049  SysCtlPeripheralEnable        
00002ded  TimerConfigure                
00002e4d  TimerControlTrigger           
00003221  TimerDisable                  
000032a1  TimerEnable                   
0000334d  TimerIntClear                 
00003327  TimerIntEnable                
00003271  TimerLoadSet                  
00003313  TimerValueGet                 
000032af  UARTCharGetNonBlocking        
0000331d  UARTCharPut                   
000032bd  UARTCharsAvail                
00002f85  UARTConfigSetExpClk           
0000315d  UARTDisable                   
00003239  UARTEnable                    
00003351  UARTIntClear                  
0000332f  UARTIntEnable                 
20001e28  __STACK_END                   
00000200  __STACK_SIZE                  
20001e28  __STACK_TOP                   
000036f8  __TI_CINIT_Base               
00003708  __TI_CINIT_Limit              
000036e0  __TI_Handler_Table_Base       
000036ec  __TI_Handler_Table_Limit      
00002fcd  __TI_auto_init_nobinit_nopinit
00002d85  __TI_decompress_lzss          
000032cb  __TI_decompress_none          
ffffffff  __TI_pprof_out_hndl           
ffffffff  __TI_prof_data_size           
ffffffff  __TI_prof_data_start          
00000000  __TI_static_base__            
000032f1  __TI_zero_init                
00002ab5  __aeabi_cdcmpeq               
00002ab5  __aeabi_cdcmple               
00002b3b  __aeabi_cdrcmple              
00002f3d  __aeabi_d2iz                  
00001af3  __aeabi_dadd                  
000020e1  __aeabi_ddiv                  
00002671  __aeabi_dmul                  
00001ae9  __aeabi_dsub                  
00003339  __aeabi_errno_addr            
00003011  __aeabi_f2d                   
000030df  __aeabi_i2d                   
0000319b  __aeabi_llsl                  
000031b9  __aeabi_llsr                  
00002c3b  __aeabi_memclr                
00002c3b  __aeabi_memclr4               
00002c3b  __aeabi_memclr8               
00002a19  __aeabi_memcpy                
00002a19  __aeabi_memcpy4               
00002a19  __aeabi_memcpy8               
00002c3d  __aeabi_memset                
00002c3d  __aeabi_memset4               
00002c3d  __aeabi_memset8               
ffffffff  __binit__                     
ffffffff  __c_args__                    
00001e15  __kernel_cos                  
0000026d  __kernel_rem_pio2             
00001ca1  __kernel_sin                  
UNDEFED   __mpu_init                    
20001c28  __stack                       
0000307d  _c_int00_noargs               
UNDEFED   _system_post_cinit            
00003355  _system_pre_init              
00003359  abort                         
00001879  acknowledgment                
20001e28  acquired_sample               
20000000  acquis_pingpong_buf_0         
20000800  acquis_pingpong_buf_1         
20001e2c  acquisition_buffer            
00001a7f  adc_sample_acquisition        
ffffffff  binit                         
20001e3c  board_index                   
20001e3e  channel_index                 
0000259b  clearStr                      
00001391  clear_acquisition_buffer      
00001307  clear_streaming_buffer        
00001695  command_handler               
000025ed  compareStr                    
0000153f  configurations                
0000192f  configureADC                  
00001977  configureSelectPins           
000019ef  configureTimer                
0000199f  configureUART                 
00001025  copy_streaming_buffer         
000031d7  copysign                      
000031d7  copysignl                     
20001e54  errno                         
0000276d  floor                         
0000276d  floorl                        
00001f81  function_gen                  
00000000  g_pfnVectors                  
00002459  ldexp                         
00002459  ldexpl                        
00001111  left_shift_sample_as_uint128  
000025c9  lengthStr                     
0000159d  main                          
00002a19  memcpy                        
00002c43  memset                        
20001e50  mux_channel                   
20001e45  mux_channel_index             
0000188f  not_acknowledgment            
000010e5  num_bytes_in_buffer           
000010c7  num_samples_in_buffer         
000011fd  pack_samples                  
00001185  pack_samples_                 
00000f69  pack_samples_buffer           
20001e30  packing_buffer_in             
20001e34  packing_buffer_out            
20001e48  pecent_of_period              
20001e4c  period_Func_Gen_              
000017ef  recieve_packet                
00002959  round                         
00002959  roundl                        
20001e40  sample_index                  
00002091  sawtooth_wave_gen             
00002459  scalbn                        
00002459  scalbnl                       
000017ad  send_packet                   
000012af  send_stream_packet            
000018a5  set_func_gen_frequence        
000009a5  sin                           
00002003  sin_wave_gen                  
000009a5  sinl                          
00002069  square_wave_gen               
0000184b  start_trasmission             
20001e44  state_of_processing           
20001e42  state_of_tx_pkt               
0000185d  stop_trasmission              
20001000  stream_pigpong_buf_0          
20001600  stream_pigpong_buf_1          
20001c1c  string_streaming_buffer       
000013cd  timer0AInterrupt              
20001c00  tiva_actual_state             
000018e1  tiva_actual_state_init        
20001e38  transmit_buffer               
20001e43  type_of_transmission          
00001521  uart0Interrupt                
00002645  uartSend                      
00002569  uintToStr                     


GLOBAL SYMBOLS: SORTED BY Symbol Address 

address   name                          
-------   ----                          
00000000  __TI_static_base__            
00000000  g_pfnVectors                  
00000200  __STACK_SIZE                  
0000026d  __kernel_rem_pio2             
000009a5  sin                           
000009a5  sinl                          
00000f69  pack_samples_buffer           
00001025  copy_streaming_buffer         
000010c7  num_samples_in_buffer         
000010e5  num_bytes_in_buffer           
00001111  left_shift_sample_as_uint128  
00001185  pack_samples_                 
000011fd  pack_samples                  
000012af  send_stream_packet            
00001307  clear_streaming_buffer        
00001391  clear_acquisition_buffer      
000013cd  timer0AInterrupt              
00001521  uart0Interrupt                
0000153f  configurations                
0000159d  main                          
00001695  command_handler               
000017ad  send_packet                   
000017ef  recieve_packet                
0000184b  start_trasmission             
0000185d  stop_trasmission              
00001879  acknowledgment                
0000188f  not_acknowledgment            
000018a5  set_func_gen_frequence        
000018e1  tiva_actual_state_init        
0000192f  configureADC                  
00001977  configureSelectPins           
0000199f  configureUART                 
000019ef  configureTimer                
00001a7f  adc_sample_acquisition        
00001ae9  __aeabi_dsub                  
00001af3  __aeabi_dadd                  
00001ca1  __kernel_sin                  
00001e15  __kernel_cos                  
00001f81  function_gen                  
00002003  sin_wave_gen                  
00002069  square_wave_gen               
00002091  sawtooth_wave_gen             
000020e1  __aeabi_ddiv                  
00002217  GPIOPadConfigSet              
00002349  SysCtlClockGet                
00002459  ldexp                         
00002459  ldexpl                        
00002459  scalbn                        
00002459  scalbnl                       
00002569  uintToStr                     
0000259b  clearStr                      
000025c9  lengthStr                     
000025ed  compareStr                    
00002645  uartSend                      
00002671  __aeabi_dmul                  
0000276d  floor                         
0000276d  floorl                        
00002865  SysCtlClockSet                
00002959  round                         
00002959  roundl                        
00002a19  __aeabi_memcpy                
00002a19  __aeabi_memcpy4               
00002a19  __aeabi_memcpy8               
00002a19  memcpy                        
00002ab5  __aeabi_cdcmpeq               
00002ab5  __aeabi_cdcmple               
00002b3b  __aeabi_cdrcmple              
00002bc1  ADCSequenceStepConfigure      
00002c3b  __aeabi_memclr                
00002c3b  __aeabi_memclr4               
00002c3b  __aeabi_memclr8               
00002c3d  __aeabi_memset                
00002c3d  __aeabi_memset4               
00002c3d  __aeabi_memset8               
00002c43  memset                        
00002cb5  IntDisable                    
00002d1d  IntEnable                     
00002d85  __TI_decompress_lzss          
00002ded  TimerConfigure                
00002e4d  TimerControlTrigger           
00002ea5  ADCSequenceConfigure          
00002ef5  GPIOPinConfigure              
00002f3d  __aeabi_d2iz                  
00002f85  UARTConfigSetExpClk           
00002fcd  __TI_auto_init_nobinit_nopinit
00003011  __aeabi_f2d                   
00003049  SysCtlPeripheralEnable        
0000307d  _c_int00_noargs               
000030b1  ADCIntStatus                  
000030df  __aeabi_i2d                   
0000310d  GPIODirModeSet                
00003139  IntPrioritySet                
0000315d  UARTDisable                   
0000317d  ADCSequenceDataGet            
0000319b  __aeabi_llsl                  
000031b9  __aeabi_llsr                  
000031d7  copysign                      
000031d7  copysignl                     
000031f1  ADCProcessorTrigger           
00003209  GPIOPinTypeGPIOOutput         
00003221  TimerDisable                  
00003239  UARTEnable                    
0000324d  GPIOPinTypeADC                
0000325f  GPIOPinTypeUART               
00003271  TimerLoadSet                  
00003283  IntMasterEnable               
00003293  ADCSequenceEnable             
000032a1  TimerEnable                   
000032af  UARTCharGetNonBlocking        
000032bd  UARTCharsAvail                
000032cb  __TI_decompress_none          
000032d9  ADCReferenceSet               
000032e5  CPUcpsie                      
000032f1  __TI_zero_init                
000032fd  ResetISR                      
00003309  ADCIntClear                   
00003313  TimerValueGet                 
0000331d  UARTCharPut                   
00003327  TimerIntEnable                
0000332f  UARTIntEnable                 
00003339  __aeabi_errno_addr            
00003341  GPIOPinWrite                  
00003347  SysCtlDelay                   
0000334d  TimerIntClear                 
00003351  UARTIntClear                  
00003355  _system_pre_init              
00003359  C$$EXIT                       
00003359  abort                         
000036e0  __TI_Handler_Table_Base       
000036ec  __TI_Handler_Table_Limit      
000036f8  __TI_CINIT_Base               
00003708  __TI_CINIT_Limit              
20000000  acquis_pingpong_buf_0         
20000800  acquis_pingpong_buf_1         
20001000  stream_pigpong_buf_0          
20001600  stream_pigpong_buf_1          
20001c00  tiva_actual_state             
20001c1c  string_streaming_buffer       
20001c28  __stack                       
20001e28  __STACK_END                   
20001e28  __STACK_TOP                   
20001e28  acquired_sample               
20001e2c  acquisition_buffer            
20001e30  packing_buffer_in             
20001e34  packing_buffer_out            
20001e38  transmit_buffer               
20001e3c  board_index                   
20001e3e  channel_index                 
20001e40  sample_index                  
20001e42  state_of_tx_pkt               
20001e43  type_of_transmission          
20001e44  state_of_processing           
20001e45  mux_channel_index             
20001e48  pecent_of_period              
20001e4c  period_Func_Gen_              
20001e50  mux_channel                   
20001e54  errno                         
ffffffff  __TI_pprof_out_hndl           
ffffffff  __TI_prof_data_size           
ffffffff  __TI_prof_data_start          
ffffffff  __binit__                     
ffffffff  __c_args__                    
ffffffff  binit                         
UNDEFED   __mpu_init                    
UNDEFED   _system_post_cinit            

[165 symbols]
