******************************************************************************
                  TI ARM Linker PC v18.12.4                    
******************************************************************************
>> Linked Wed Feb 12 14:48:16 2020

OUTPUT FILE NAME:   <EMG2.out>
ENTRY POINT SYMBOL: "_c_int00_noargs"  address: 00003215


MEMORY CONFIGURATION

         name            origin    length      used     unused   attr    fill
----------------------  --------  ---------  --------  --------  ----  --------
  FLASH                 00000000   00040000  0000389c  0003c764  R  X
  SRAM                  20000000   00008000  00001e58  000061a8  RW X


SEGMENT ALLOCATION MAP

run origin  load origin   length   init length attrs members
----------  ----------- ---------- ----------- ----- -------
00000000    00000000    000038a0   000038a0    r-x
  00000000    00000000    0000026c   0000026c    r-- .intvecs
  0000026c    0000026c    00003288   00003288    r-x .text
  000034f8    000034f8    00000360   00000360    r-- .const
  00003858    00003858    00000048   00000048    r-- .cinit
20000000    20000000    00001e58   00000000    rw-
  20000000    20000000    00001c28   00000000    rw- .bss
  20001c28    20001c28    00000200   00000000    rw- .stack
  20001e28    20001e28    00000030   00000000    rw- .data


SECTION ALLOCATION MAP

 output                                  attributes/
section   page    origin      length       input sections
--------  ----  ----------  ----------   ----------------
.intvecs   0    00000000    0000026c     
                  00000000    0000026c     tm4c123gh6pm_startup_ccs.obj (.intvecs)

.text      0    0000026c    00003288     
                  0000026c    00000738     rtsv7M4_T_le_v4SPD16_eabi.lib : k_rem_pio2.c.obj (.text:__kernel_rem_pio2)
                  000009a4    000005c4                                   : s_sin.c.obj (.text:sin)
                  00000f68    00000464     streaming_protocol.obj (.text)
                  000013cc    000003e4     comunication_protocol.obj (.text)
                  000017b0    000002c8     main.obj (.text)
                  00001a78    00000208     tiva_HAL.obj (.text)
                  00001c80    000001b6     rtsv7M4_T_le_v4SPD16_eabi.lib : fd_add_t2.asm.obj (.text)
                  00001e36    00000002     --HOLE-- [fill = 0]
                  00001e38    00000174                                   : k_sin.c.obj (.text:__kernel_sin)
                  00001fac    0000016c                                   : k_cos.c.obj (.text:__kernel_cos)
                  00002118    00000160     function_gen.obj (.text)
                  00002278    00000136     rtsv7M4_T_le_v4SPD16_eabi.lib : fd_div_t2.asm.obj (.text)
                  000023ae    00000132     driverlib.lib : gpio.obj (.text:GPIOPadConfigSet)
                  000024e0    00000110                   : sysctl.obj (.text:SysCtlClockGet)
                  000025f0    00000110     rtsv7M4_T_le_v4SPD16_eabi.lib : s_scalbn.c.obj (.text:scalbn)
                  00002700    00000108     string_comun_prot.obj (.text)
                  00002808    000000fc     rtsv7M4_T_le_v4SPD16_eabi.lib : fd_mul_t2.asm.obj (.text)
                  00002904    000000f8                                   : s_floor.c.obj (.text:floor)
                  000029fc    000000f4     driverlib.lib : sysctl.obj (.text:SysCtlClockSet)
                  00002af0    000000c0     rtsv7M4_T_le_v4SPD16_eabi.lib : s_round.c.obj (.text:round)
                  00002bb0    0000009c                                   : memcpy_t2.asm.obj (.text)
                  00002c4c    00000086                                   : fd_cmp_t2.asm.obj (.text:__aeabi_cdcmple)
                  00002cd2    00000086                                   : fd_cmp_t2.asm.obj (.text:__aeabi_cdrcmple)
                  00002d58    0000007a     driverlib.lib : adc.obj (.text:ADCSequenceStepConfigure)
                  00002dd2    0000007a     rtsv7M4_T_le_v4SPD16_eabi.lib : memset_t2.asm.obj (.text)
                  00002e4c    00000068     driverlib.lib : interrupt.obj (.text:IntDisable)
                  00002eb4    00000068                   : interrupt.obj (.text:IntEnable)
                  00002f1c    00000068     rtsv7M4_T_le_v4SPD16_eabi.lib : copy_decompress_lzss.c.obj (.text:decompress:lzss:__TI_decompress_lzss)
                  00002f84    00000060     driverlib.lib : timer.obj (.text:TimerConfigure)
                  00002fe4    00000058                   : timer.obj (.text:TimerControlTrigger)
                  0000303c    00000050                   : adc.obj (.text:ADCSequenceConfigure)
                  0000308c    00000048                   : gpio.obj (.text:GPIOPinConfigure)
                  000030d4    00000048     rtsv7M4_T_le_v4SPD16_eabi.lib : fd_toi_t2.asm.obj (.text)
                  0000311c    00000046     driverlib.lib : uart.obj (.text:UARTConfigSetExpClk)
                  00003162    00000002     --HOLE-- [fill = 0]
                  00003164    00000044     rtsv7M4_T_le_v4SPD16_eabi.lib : autoinit.c.obj (.text:__TI_auto_init_nobinit_nopinit:__TI_auto_init_nobinit_nopinit)
                  000031a8    00000038                                   : fs_tod_t2.asm.obj (.text)
                  000031e0    00000034     driverlib.lib : sysctl.obj (.text:SysCtlPeripheralEnable)
                  00003214    00000034     rtsv7M4_T_le_v4SPD16_eabi.lib : boot_cortex_m.c.obj (.text:_c_int00_noargs:_c_int00_noargs)
                  00003248    0000002e     driverlib.lib : adc.obj (.text:ADCIntStatus)
                  00003276    0000002e     rtsv7M4_T_le_v4SPD16_eabi.lib : i_tofd_t2.asm.obj (.text)
                  000032a4    0000002a     driverlib.lib : gpio.obj (.text:GPIODirModeSet)
                  000032ce    00000002     --HOLE-- [fill = 0]
                  000032d0    00000024                   : interrupt.obj (.text:IntPrioritySet)
                  000032f4    00000020                   : uart.obj (.text:UARTDisable)
                  00003314    0000001e                   : adc.obj (.text:ADCSequenceDataGet)
                  00003332    0000001e     rtsv7M4_T_le_v4SPD16_eabi.lib : ll_lsl_t2.asm.obj (.text)
                  00003350    0000001e                                   : ll_lsr_t2.asm.obj (.text)
                  0000336e    0000001a                                   : s_copysign.c.obj (.text:copysign)
                  00003388    00000018     driverlib.lib : adc.obj (.text:ADCProcessorTrigger)
                  000033a0    00000018                   : gpio.obj (.text:GPIOPinTypeGPIOOutput)
                  000033b8    00000018                   : timer.obj (.text:TimerDisable)
                  000033d0    00000014                   : uart.obj (.text:UARTEnable)
                  000033e4    00000012                   : gpio.obj (.text:GPIOPinTypeADC)
                  000033f6    00000012                   : gpio.obj (.text:GPIOPinTypeUART)
                  00003408    00000012                   : timer.obj (.text:TimerLoadSet)
                  0000341a    00000010                   : interrupt.obj (.text:IntMasterEnable)
                  0000342a    0000000e                   : adc.obj (.text:ADCSequenceEnable)
                  00003438    0000000e                   : timer.obj (.text:TimerEnable)
                  00003446    0000000e                   : uart.obj (.text:UARTCharGetNonBlocking)
                  00003454    0000000e                   : uart.obj (.text:UARTCharsAvail)
                  00003462    0000000e     rtsv7M4_T_le_v4SPD16_eabi.lib : copy_decompress_none.c.obj (.text:decompress:none:__TI_decompress_none)
                  00003470    0000000c     driverlib.lib : adc.obj (.text:ADCReferenceSet)
                  0000347c    0000000c                   : cpu.obj (.text:CPUcpsie)
                  00003488    0000000c     rtsv7M4_T_le_v4SPD16_eabi.lib : copy_zero_init.c.obj (.text:decompress:ZI:__TI_zero_init)
                  00003494    0000000c     tm4c123gh6pm_startup_ccs.obj (.text)
                  000034a0    0000000a     driverlib.lib : adc.obj (.text:ADCIntClear)
                  000034aa    0000000a                   : timer.obj (.text:TimerValueGet)
                  000034b4    0000000a                   : uart.obj (.text:UARTCharPut)
                  000034be    00000008                   : timer.obj (.text:TimerIntEnable)
                  000034c6    00000008                   : uart.obj (.text:UARTIntEnable)
                  000034ce    00000002     --HOLE-- [fill = 0]
                  000034d0    00000008     rtsv7M4_T_le_v4SPD16_eabi.lib : errno.c.obj (.text:__aeabi_errno_addr)
                  000034d8    00000006     driverlib.lib : gpio.obj (.text:GPIOPinWrite)
                  000034de    00000006                   : sysctl.obj (.text:SysCtlDelay)
                  000034e4    00000004                   : timer.obj (.text:TimerIntClear)
                  000034e8    00000004                   : uart.obj (.text:UARTIntClear)
                  000034ec    00000004     rtsv7M4_T_le_v4SPD16_eabi.lib : pre_init.c.obj (.text:_system_pre_init)
                  000034f0    00000004                                   : exit.c.obj (.text:abort:abort)

.const     0    000034f8    00000360     
                  000034f8    00000158     rtsv7M4_T_le_v4SPD16_eabi.lib : k_rem_pio2.c.obj (.const:$O1$$)
                  00003650    0000009c     driverlib.lib : interrupt.obj (.const:g_pui32Regs)
                  000036ec    00000090                   : gpio.obj (.const:g_pui32GPIOBaseAddrs)
                  0000377c    00000070                   : interrupt.obj (.const)
                  000037ec    0000006c                   : sysctl.obj (.const:g_pui32Xtals)

.cinit     0    00003858    00000048     
                  00003858    0000001e     (.cinit..data.load) [load image, compression = lzss]
                  00003876    00000002     --HOLE-- [fill = 0]
                  00003878    0000000c     (__TI_handler_table)
                  00003884    00000004     --HOLE-- [fill = 0]
                  00003888    00000008     (.cinit..bss.load) [load image, compression = zero_init]
                  00003890    00000010     (__TI_cinit_table)

.init_array 
*          0    00000000    00000000     UNINITIALIZED

.bss       0    20000000    00001c28     UNINITIALIZED
                  20000000    00000800     (.common:acquis_pingpong_buf_0)
                  20000800    00000800     (.common:acquis_pingpong_buf_1)
                  20001000    00000600     (.common:stream_pigpong_buf_0)
                  20001600    00000600     (.common:stream_pigpong_buf_1)
                  20001c00    0000001c     (.common:tiva_actual_state)
                  20001c1c    0000000c     (.common:string_streaming_buffer)

.data      0    20001e28    00000030     UNINITIALIZED
                  20001e28    0000001e     main.obj (.data)
                  20001e46    00000002     --HOLE--
                  20001e48    00000008     function_gen.obj (.data)
                  20001e50    00000004     main.obj (.data:mux_channel)
                  20001e54    00000004     rtsv7M4_T_le_v4SPD16_eabi.lib : errno.c.obj (.data)

.stack     0    20001c28    00000200     UNINITIALIZED
                  20001c28    00000004     rtsv7M4_T_le_v4SPD16_eabi.lib : boot_cortex_m.c.obj (.stack)
                  20001c2c    000001fc     --HOLE--

MODULE SUMMARY

       Module                         code    ro data   rw data
       ------                         ----    -------   -------
    .\
       main.obj                       712     0         7242   
       streaming_protocol.obj         1124    0         0      
       comunication_protocol.obj      996     0         0      
       tm4c123gh6pm_startup_ccs.obj   12      620       0      
       tiva_HAL.obj                   520     0         0      
       function_gen.obj               352     0         8      
       string_comun_prot.obj          264     0         0      
    +--+------------------------------+-------+---------+---------+
       Total:                         3980    620       7250   
                                                               
    C:/ti/TivaWare_C_Series-2.1.4.178/driverlib/ccs/Debug/driverlib.lib
       sysctl.obj                     574     108       0      
       gpio.obj                       486     144       0      
       interrupt.obj                  260     268       0      
       adc.obj                        338     0         0      
       timer.obj                      262     0         0      
       uart.obj                       172     0         0      
       cpu.obj                        12      0         0      
    +--+------------------------------+-------+---------+---------+
       Total:                         2104    520       0      
                                                               
    C:\ti\ccs930\ccs\tools\compiler\ti-cgt-arm_18.12.4.LTS\lib\rtsv7M4_T_le_v4SPD16_eabi.lib
       k_rem_pio2.c.obj               1848    344       0      
       s_sin.c.obj                    1476    0         0      
       fd_add_t2.asm.obj              438     0         0      
       k_sin.c.obj                    372     0         0      
       k_cos.c.obj                    364     0         0      
       fd_div_t2.asm.obj              310     0         0      
       s_scalbn.c.obj                 272     0         0      
       fd_cmp_t2.asm.obj              268     0         0      
       fd_mul_t2.asm.obj              252     0         0      
       s_floor.c.obj                  248     0         0      
       s_round.c.obj                  192     0         0      
       memcpy_t2.asm.obj              156     0         0      
       memset_t2.asm.obj              122     0         0      
       copy_decompress_lzss.c.obj     104     0         0      
       fd_toi_t2.asm.obj              72      0         0      
       autoinit.c.obj                 68      0         0      
       fs_tod_t2.asm.obj              56      0         0      
       boot_cortex_m.c.obj            52      0         0      
       i_tofd_t2.asm.obj              46      0         0      
       ll_lsl_t2.asm.obj              30      0         0      
       ll_lsr_t2.asm.obj              30      0         0      
       s_copysign.c.obj               26      0         0      
       copy_decompress_none.c.obj     14      0         0      
       copy_zero_init.c.obj           12      0         0      
       errno.c.obj                    8       0         4      
       exit.c.obj                     4       0         0      
       pre_init.c.obj                 4       0         0      
    +--+------------------------------+-------+---------+---------+
       Total:                         6844    344       4      
                                                               
       Stack:                         0       0         512    
       Linker Generated:              0       66        0      
    +--+------------------------------+-------+---------+---------+
       Grand Total:                   12928   1550      7766   


LINKER GENERATED COPY TABLES

__TI_cinit_table @ 00003890 records: 2, size/record: 8, table size: 16
	.data: load addr=00003858, load size=0000001e bytes, run addr=20001e28, run size=00000030 bytes, compression=lzss
	.bss: load addr=00003888, load size=00000008 bytes, run addr=20000000, run size=00001c28 bytes, compression=zero_init


LINKER GENERATED HANDLER TABLE

__TI_handler_table @ 00003878 records: 3, size/record: 4, table size: 12
	index: 0, handler: __TI_decompress_lzss
	index: 1, handler: __TI_decompress_none
	index: 2, handler: __TI_zero_init


GLOBAL SYMBOLS: SORTED ALPHABETICALLY BY Name 

address   name                          
-------   ----                          
000034a1  ADCIntClear                   
00003249  ADCIntStatus                  
00003389  ADCProcessorTrigger           
00003471  ADCReferenceSet               
0000303d  ADCSequenceConfigure          
00003315  ADCSequenceDataGet            
0000342b  ADCSequenceEnable             
00002d59  ADCSequenceStepConfigure      
000034f1  C$$EXIT                       
0000347d  CPUcpsie                      
000032a5  GPIODirModeSet                
000023af  GPIOPadConfigSet              
0000308d  GPIOPinConfigure              
000033e5  GPIOPinTypeADC                
000033a1  GPIOPinTypeGPIOOutput         
000033f7  GPIOPinTypeUART               
000034d9  GPIOPinWrite                  
00002e4d  IntDisable                    
00002eb5  IntEnable                     
0000341b  IntMasterEnable               
000032d1  IntPrioritySet                
00003495  ResetISR                      
000024e1  SysCtlClockGet                
000029fd  SysCtlClockSet                
000034df  SysCtlDelay                   
000031e1  SysCtlPeripheralEnable        
00002f85  TimerConfigure                
00002fe5  TimerControlTrigger           
000033b9  TimerDisable                  
00003439  TimerEnable                   
000034e5  TimerIntClear                 
000034bf  TimerIntEnable                
00003409  TimerLoadSet                  
000034ab  TimerValueGet                 
00003447  UARTCharGetNonBlocking        
000034b5  UARTCharPut                   
00003455  UARTCharsAvail                
0000311d  UARTConfigSetExpClk           
000032f5  UARTDisable                   
000033d1  UARTEnable                    
000034e9  UARTIntClear                  
000034c7  UARTIntEnable                 
20001e28  __STACK_END                   
00000200  __STACK_SIZE                  
20001e28  __STACK_TOP                   
00003890  __TI_CINIT_Base               
000038a0  __TI_CINIT_Limit              
00003878  __TI_Handler_Table_Base       
00003884  __TI_Handler_Table_Limit      
00003165  __TI_auto_init_nobinit_nopinit
00002f1d  __TI_decompress_lzss          
00003463  __TI_decompress_none          
ffffffff  __TI_pprof_out_hndl           
ffffffff  __TI_prof_data_size           
ffffffff  __TI_prof_data_start          
00000000  __TI_static_base__            
00003489  __TI_zero_init                
00002c4d  __aeabi_cdcmpeq               
00002c4d  __aeabi_cdcmple               
00002cd3  __aeabi_cdrcmple              
000030d5  __aeabi_d2iz                  
00001c8b  __aeabi_dadd                  
00002279  __aeabi_ddiv                  
00002809  __aeabi_dmul                  
00001c81  __aeabi_dsub                  
000034d1  __aeabi_errno_addr            
000031a9  __aeabi_f2d                   
00003277  __aeabi_i2d                   
00003333  __aeabi_llsl                  
00003351  __aeabi_llsr                  
00002dd3  __aeabi_memclr                
00002dd3  __aeabi_memclr4               
00002dd3  __aeabi_memclr8               
00002bb1  __aeabi_memcpy                
00002bb1  __aeabi_memcpy4               
00002bb1  __aeabi_memcpy8               
00002dd5  __aeabi_memset                
00002dd5  __aeabi_memset4               
00002dd5  __aeabi_memset8               
ffffffff  __binit__                     
ffffffff  __c_args__                    
00001fad  __kernel_cos                  
0000026d  __kernel_rem_pio2             
00001e39  __kernel_sin                  
UNDEFED   __mpu_init                    
20001c28  __stack                       
00003215  _c_int00_noargs               
UNDEFED   _system_post_cinit            
000034ed  _system_pre_init              
000034f1  abort                         
00001655  acknowledgment                
20001e28  acquired_sample               
20000000  acquis_pingpong_buf_0         
20000800  acquis_pingpong_buf_1         
20001e2c  acquisition_buffer            
00001c17  adc_sample_acquisition        
ffffffff  binit                         
20001e3c  board_index                   
20001e3e  channel_index                 
00002733  clearStr                      
00001391  clear_acquisition_buffer      
00001307  clear_streaming_buffer        
000013cd  command_handler               
00002785  compareStr                    
00001923  configurations                
00001ac7  configureADC                  
00001b0f  configureSelectPins           
00001b87  configureTimer                
00001b37  configureUART                 
00001025  copy_streaming_buffer         
0000336f  copysign                      
0000336f  copysignl                     
20001e54  errno                         
00002905  floor                         
00002905  floorl                        
00002119  function_gen                  
00000000  g_pfnVectors                  
00001785  get_bits_per_sample           
00001761  get_number_of_boards          
0000177b  get_number_of_bytes_in_packet 
00001747  get_number_of_channels        
0000172d  get_sample_rate               
000025f1  ldexp                         
000025f1  ldexpl                        
00001111  left_shift_sample_as_uint128  
00002761  lengthStr                     
00001981  main                          
00002bb1  memcpy                        
00002ddb  memset                        
20001e50  mux_channel                   
20001e45  mux_channel_index             
0000166b  not_acknowledgment            
000010e5  num_bytes_in_buffer           
000010c7  num_samples_in_buffer         
000011fd  pack_samples                  
00001185  pack_samples_                 
00000f69  pack_samples_buffer           
20001e30  packing_buffer_in             
20001e34  packing_buffer_out            
20001e48  pecent_of_period              
20001e4c  period_Func_Gen_              
000015cb  recieve_packet                
00002af1  round                         
00002af1  roundl                        
20001e40  sample_index                  
00002229  sawtooth_wave_gen             
000025f1  scalbn                        
000025f1  scalbnl                       
00001589  send_packet                   
000012af  send_stream_packet            
00001719  set_bits_per_sample           
00001681  set_func_gen_frequence        
000016f9  set_number_of_acquis_boards   
0000170d  set_number_of_bytes_in_packet 
000016e5  set_number_of_channels        
000016ab  set_sample_rate               
000009a5  sin                           
0000219b  sin_wave_gen                  
000009a5  sinl                          
00002201  square_wave_gen               
00001627  start_trasmission             
20001e44  state_of_processing           
20001e42  state_of_tx_pkt               
00001639  stop_trasmission              
20001000  stream_pigpong_buf_0          
20001600  stream_pigpong_buf_1          
20001c1c  string_streaming_buffer       
000017b1  timer0AInterrupt              
20001c00  tiva_actual_state             
00001a79  tiva_actual_state_init        
20001e38  transmit_buffer               
20001e43  type_of_transmission          
00001905  uart0Interrupt                
000027dd  uartSend                      
00002701  uintToStr                     


GLOBAL SYMBOLS: SORTED BY Symbol Address 

address   name                          
-------   ----                          
00000000  __TI_static_base__            
00000000  g_pfnVectors                  
00000200  __STACK_SIZE                  
0000026d  __kernel_rem_pio2             
000009a5  sin                           
000009a5  sinl                          
00000f69  pack_samples_buffer           
00001025  copy_streaming_buffer         
000010c7  num_samples_in_buffer         
000010e5  num_bytes_in_buffer           
00001111  left_shift_sample_as_uint128  
00001185  pack_samples_                 
000011fd  pack_samples                  
000012af  send_stream_packet            
00001307  clear_streaming_buffer        
00001391  clear_acquisition_buffer      
000013cd  command_handler               
00001589  send_packet                   
000015cb  recieve_packet                
00001627  start_trasmission             
00001639  stop_trasmission              
00001655  acknowledgment                
0000166b  not_acknowledgment            
00001681  set_func_gen_frequence        
000016ab  set_sample_rate               
000016e5  set_number_of_channels        
000016f9  set_number_of_acquis_boards   
0000170d  set_number_of_bytes_in_packet 
00001719  set_bits_per_sample           
0000172d  get_sample_rate               
00001747  get_number_of_channels        
00001761  get_number_of_boards          
0000177b  get_number_of_bytes_in_packet 
00001785  get_bits_per_sample           
000017b1  timer0AInterrupt              
00001905  uart0Interrupt                
00001923  configurations                
00001981  main                          
00001a79  tiva_actual_state_init        
00001ac7  configureADC                  
00001b0f  configureSelectPins           
00001b37  configureUART                 
00001b87  configureTimer                
00001c17  adc_sample_acquisition        
00001c81  __aeabi_dsub                  
00001c8b  __aeabi_dadd                  
00001e39  __kernel_sin                  
00001fad  __kernel_cos                  
00002119  function_gen                  
0000219b  sin_wave_gen                  
00002201  square_wave_gen               
00002229  sawtooth_wave_gen             
00002279  __aeabi_ddiv                  
000023af  GPIOPadConfigSet              
000024e1  SysCtlClockGet                
000025f1  ldexp                         
000025f1  ldexpl                        
000025f1  scalbn                        
000025f1  scalbnl                       
00002701  uintToStr                     
00002733  clearStr                      
00002761  lengthStr                     
00002785  compareStr                    
000027dd  uartSend                      
00002809  __aeabi_dmul                  
00002905  floor                         
00002905  floorl                        
000029fd  SysCtlClockSet                
00002af1  round                         
00002af1  roundl                        
00002bb1  __aeabi_memcpy                
00002bb1  __aeabi_memcpy4               
00002bb1  __aeabi_memcpy8               
00002bb1  memcpy                        
00002c4d  __aeabi_cdcmpeq               
00002c4d  __aeabi_cdcmple               
00002cd3  __aeabi_cdrcmple              
00002d59  ADCSequenceStepConfigure      
00002dd3  __aeabi_memclr                
00002dd3  __aeabi_memclr4               
00002dd3  __aeabi_memclr8               
00002dd5  __aeabi_memset                
00002dd5  __aeabi_memset4               
00002dd5  __aeabi_memset8               
00002ddb  memset                        
00002e4d  IntDisable                    
00002eb5  IntEnable                     
00002f1d  __TI_decompress_lzss          
00002f85  TimerConfigure                
00002fe5  TimerControlTrigger           
0000303d  ADCSequenceConfigure          
0000308d  GPIOPinConfigure              
000030d5  __aeabi_d2iz                  
0000311d  UARTConfigSetExpClk           
00003165  __TI_auto_init_nobinit_nopinit
000031a9  __aeabi_f2d                   
000031e1  SysCtlPeripheralEnable        
00003215  _c_int00_noargs               
00003249  ADCIntStatus                  
00003277  __aeabi_i2d                   
000032a5  GPIODirModeSet                
000032d1  IntPrioritySet                
000032f5  UARTDisable                   
00003315  ADCSequenceDataGet            
00003333  __aeabi_llsl                  
00003351  __aeabi_llsr                  
0000336f  copysign                      
0000336f  copysignl                     
00003389  ADCProcessorTrigger           
000033a1  GPIOPinTypeGPIOOutput         
000033b9  TimerDisable                  
000033d1  UARTEnable                    
000033e5  GPIOPinTypeADC                
000033f7  GPIOPinTypeUART               
00003409  TimerLoadSet                  
0000341b  IntMasterEnable               
0000342b  ADCSequenceEnable             
00003439  TimerEnable                   
00003447  UARTCharGetNonBlocking        
00003455  UARTCharsAvail                
00003463  __TI_decompress_none          
00003471  ADCReferenceSet               
0000347d  CPUcpsie                      
00003489  __TI_zero_init                
00003495  ResetISR                      
000034a1  ADCIntClear                   
000034ab  TimerValueGet                 
000034b5  UARTCharPut                   
000034bf  TimerIntEnable                
000034c7  UARTIntEnable                 
000034d1  __aeabi_errno_addr            
000034d9  GPIOPinWrite                  
000034df  SysCtlDelay                   
000034e5  TimerIntClear                 
000034e9  UARTIntClear                  
000034ed  _system_pre_init              
000034f1  C$$EXIT                       
000034f1  abort                         
00003878  __TI_Handler_Table_Base       
00003884  __TI_Handler_Table_Limit      
00003890  __TI_CINIT_Base               
000038a0  __TI_CINIT_Limit              
20000000  acquis_pingpong_buf_0         
20000800  acquis_pingpong_buf_1         
20001000  stream_pigpong_buf_0          
20001600  stream_pigpong_buf_1          
20001c00  tiva_actual_state             
20001c1c  string_streaming_buffer       
20001c28  __stack                       
20001e28  __STACK_END                   
20001e28  __STACK_TOP                   
20001e28  acquired_sample               
20001e2c  acquisition_buffer            
20001e30  packing_buffer_in             
20001e34  packing_buffer_out            
20001e38  transmit_buffer               
20001e3c  board_index                   
20001e3e  channel_index                 
20001e40  sample_index                  
20001e42  state_of_tx_pkt               
20001e43  type_of_transmission          
20001e44  state_of_processing           
20001e45  mux_channel_index             
20001e48  pecent_of_period              
20001e4c  period_Func_Gen_              
20001e50  mux_channel                   
20001e54  errno                         
ffffffff  __TI_pprof_out_hndl           
ffffffff  __TI_prof_data_size           
ffffffff  __TI_prof_data_start          
ffffffff  __binit__                     
ffffffff  __c_args__                    
ffffffff  binit                         
UNDEFED   __mpu_init                    
UNDEFED   _system_post_cinit            

[175 symbols]
