<?xml version="1.0" encoding="ISO-8859-1" ?>
<link_info>
   <banner>TI ARM Linker PC v20.2.1.LTS</banner>
   <copyright>Copyright (c) 1996-2018 Texas Instruments Incorporated</copyright>
   <link_time>0x5eec20f9</link_time>
   <link_errors>0x0</link_errors>
   <output_file>EMG2.out</output_file>
   <entry_point>
      <name>_c_int00_noargs</name>
      <address>0x3d15</address>
   </entry_point>
   <input_file_list>
      <input_file id="fl-2">
         <path>.\</path>
         <kind>object</kind>
         <file>comunication_protocol.obj</file>
         <name>comunication_protocol.obj</name>
      </input_file>
      <input_file id="fl-3">
         <path>.\</path>
         <kind>object</kind>
         <file>debug.obj</file>
         <name>debug.obj</name>
      </input_file>
      <input_file id="fl-4">
         <path>.\</path>
         <kind>object</kind>
         <file>function_gen.obj</file>
         <name>function_gen.obj</name>
      </input_file>
      <input_file id="fl-5">
         <path>.\</path>
         <kind>object</kind>
         <file>main.obj</file>
         <name>main.obj</name>
      </input_file>
      <input_file id="fl-6">
         <path>.\</path>
         <kind>object</kind>
         <file>streaming_protocol.obj</file>
         <name>streaming_protocol.obj</name>
      </input_file>
      <input_file id="fl-7">
         <path>.\</path>
         <kind>object</kind>
         <file>string_comun_prot.obj</file>
         <name>string_comun_prot.obj</name>
      </input_file>
      <input_file id="fl-8">
         <path>.\</path>
         <kind>object</kind>
         <file>tiva_HAL.obj</file>
         <name>tiva_HAL.obj</name>
      </input_file>
      <input_file id="fl-9">
         <path>.\</path>
         <kind>object</kind>
         <file>tm4c123gh6pm_startup_ccs.obj</file>
         <name>tm4c123gh6pm_startup_ccs.obj</name>
      </input_file>
      <input_file id="fl-f">
         <kind>object</kind>
         <file>&lt;internal&gt;</file>
         <name>&lt;internal&gt;</name>
      </input_file>
      <input_file id="fl-10">
         <path>C:\ti\TivaWare_C_Series-2.1.4.178\driverlib\ccs\Debug\</path>
         <kind>archive</kind>
         <file>driverlib.lib</file>
         <name>adc.obj</name>
      </input_file>
      <input_file id="fl-11">
         <path>C:\ti\TivaWare_C_Series-2.1.4.178\driverlib\ccs\Debug\</path>
         <kind>archive</kind>
         <file>driverlib.lib</file>
         <name>gpio.obj</name>
      </input_file>
      <input_file id="fl-12">
         <path>C:\ti\TivaWare_C_Series-2.1.4.178\driverlib\ccs\Debug\</path>
         <kind>archive</kind>
         <file>driverlib.lib</file>
         <name>interrupt.obj</name>
      </input_file>
      <input_file id="fl-13">
         <path>C:\ti\TivaWare_C_Series-2.1.4.178\driverlib\ccs\Debug\</path>
         <kind>archive</kind>
         <file>driverlib.lib</file>
         <name>sysctl.obj</name>
      </input_file>
      <input_file id="fl-14">
         <path>C:\ti\TivaWare_C_Series-2.1.4.178\driverlib\ccs\Debug\</path>
         <kind>archive</kind>
         <file>driverlib.lib</file>
         <name>timer.obj</name>
      </input_file>
      <input_file id="fl-15">
         <path>C:\ti\TivaWare_C_Series-2.1.4.178\driverlib\ccs\Debug\</path>
         <kind>archive</kind>
         <file>driverlib.lib</file>
         <name>uart.obj</name>
      </input_file>
      <input_file id="fl-16">
         <path>C:\ti\TivaWare_C_Series-2.1.4.178\driverlib\ccs\Debug\</path>
         <kind>archive</kind>
         <file>driverlib.lib</file>
         <name>cpu.obj</name>
      </input_file>
      <input_file id="fl-cc">
         <path>C:\ti\ccs930\ccs\tools\compiler\ti-cgt-arm_20.2.1.LTS\lib\</path>
         <kind>archive</kind>
         <file>rtsv7M4_T_le_v4SPD16_eabi.lib</file>
         <name>s_round.c.obj</name>
      </input_file>
      <input_file id="fl-cd">
         <path>C:\ti\ccs930\ccs\tools\compiler\ti-cgt-arm_20.2.1.LTS\lib\</path>
         <kind>archive</kind>
         <file>rtsv7M4_T_le_v4SPD16_eabi.lib</file>
         <name>s_sin.c.obj</name>
      </input_file>
      <input_file id="fl-ce">
         <path>C:\ti\ccs930\ccs\tools\compiler\ti-cgt-arm_20.2.1.LTS\lib\</path>
         <kind>archive</kind>
         <file>rtsv7M4_T_le_v4SPD16_eabi.lib</file>
         <name>fd_add_t2.asm.obj</name>
      </input_file>
      <input_file id="fl-cf">
         <path>C:\ti\ccs930\ccs\tools\compiler\ti-cgt-arm_20.2.1.LTS\lib\</path>
         <kind>archive</kind>
         <file>rtsv7M4_T_le_v4SPD16_eabi.lib</file>
         <name>fd_cmp_t2.asm.obj</name>
      </input_file>
      <input_file id="fl-d0">
         <path>C:\ti\ccs930\ccs\tools\compiler\ti-cgt-arm_20.2.1.LTS\lib\</path>
         <kind>archive</kind>
         <file>rtsv7M4_T_le_v4SPD16_eabi.lib</file>
         <name>fd_div_t2.asm.obj</name>
      </input_file>
      <input_file id="fl-d1">
         <path>C:\ti\ccs930\ccs\tools\compiler\ti-cgt-arm_20.2.1.LTS\lib\</path>
         <kind>archive</kind>
         <file>rtsv7M4_T_le_v4SPD16_eabi.lib</file>
         <name>fd_mul_t2.asm.obj</name>
      </input_file>
      <input_file id="fl-d2">
         <path>C:\ti\ccs930\ccs\tools\compiler\ti-cgt-arm_20.2.1.LTS\lib\</path>
         <kind>archive</kind>
         <file>rtsv7M4_T_le_v4SPD16_eabi.lib</file>
         <name>fd_toi_t2.asm.obj</name>
      </input_file>
      <input_file id="fl-d3">
         <path>C:\ti\ccs930\ccs\tools\compiler\ti-cgt-arm_20.2.1.LTS\lib\</path>
         <kind>archive</kind>
         <file>rtsv7M4_T_le_v4SPD16_eabi.lib</file>
         <name>fd_tos_t2.asm.obj</name>
      </input_file>
      <input_file id="fl-d4">
         <path>C:\ti\ccs930\ccs\tools\compiler\ti-cgt-arm_20.2.1.LTS\lib\</path>
         <kind>archive</kind>
         <file>rtsv7M4_T_le_v4SPD16_eabi.lib</file>
         <name>fs_tod_t2.asm.obj</name>
      </input_file>
      <input_file id="fl-d5">
         <path>C:\ti\ccs930\ccs\tools\compiler\ti-cgt-arm_20.2.1.LTS\lib\</path>
         <kind>archive</kind>
         <file>rtsv7M4_T_le_v4SPD16_eabi.lib</file>
         <name>i_tofd_t2.asm.obj</name>
      </input_file>
      <input_file id="fl-d6">
         <path>C:\ti\ccs930\ccs\tools\compiler\ti-cgt-arm_20.2.1.LTS\lib\</path>
         <kind>archive</kind>
         <file>rtsv7M4_T_le_v4SPD16_eabi.lib</file>
         <name>ll_lsl_t2.asm.obj</name>
      </input_file>
      <input_file id="fl-d7">
         <path>C:\ti\ccs930\ccs\tools\compiler\ti-cgt-arm_20.2.1.LTS\lib\</path>
         <kind>archive</kind>
         <file>rtsv7M4_T_le_v4SPD16_eabi.lib</file>
         <name>ll_lsr_t2.asm.obj</name>
      </input_file>
      <input_file id="fl-d8">
         <path>C:\ti\ccs930\ccs\tools\compiler\ti-cgt-arm_20.2.1.LTS\lib\</path>
         <kind>archive</kind>
         <file>rtsv7M4_T_le_v4SPD16_eabi.lib</file>
         <name>copy_zero_init.c.obj</name>
      </input_file>
      <input_file id="fl-d9">
         <path>C:\ti\ccs930\ccs\tools\compiler\ti-cgt-arm_20.2.1.LTS\lib\</path>
         <kind>archive</kind>
         <file>rtsv7M4_T_le_v4SPD16_eabi.lib</file>
         <name>copy_decompress_none.c.obj</name>
      </input_file>
      <input_file id="fl-da">
         <path>C:\ti\ccs930\ccs\tools\compiler\ti-cgt-arm_20.2.1.LTS\lib\</path>
         <kind>archive</kind>
         <file>rtsv7M4_T_le_v4SPD16_eabi.lib</file>
         <name>copy_decompress_lzss.c.obj</name>
      </input_file>
      <input_file id="fl-db">
         <path>C:\ti\ccs930\ccs\tools\compiler\ti-cgt-arm_20.2.1.LTS\lib\</path>
         <kind>archive</kind>
         <file>rtsv7M4_T_le_v4SPD16_eabi.lib</file>
         <name>strcat.c.obj</name>
      </input_file>
      <input_file id="fl-dc">
         <path>C:\ti\ccs930\ccs\tools\compiler\ti-cgt-arm_20.2.1.LTS\lib\</path>
         <kind>archive</kind>
         <file>rtsv7M4_T_le_v4SPD16_eabi.lib</file>
         <name>strlen.c.obj</name>
      </input_file>
      <input_file id="fl-dd">
         <path>C:\ti\ccs930\ccs\tools\compiler\ti-cgt-arm_20.2.1.LTS\lib\</path>
         <kind>archive</kind>
         <file>rtsv7M4_T_le_v4SPD16_eabi.lib</file>
         <name>k_rem_pio2.c.obj</name>
      </input_file>
      <input_file id="fl-de">
         <path>C:\ti\ccs930\ccs\tools\compiler\ti-cgt-arm_20.2.1.LTS\lib\</path>
         <kind>archive</kind>
         <file>rtsv7M4_T_le_v4SPD16_eabi.lib</file>
         <name>boot_cortex_m.c.obj</name>
      </input_file>
      <input_file id="fl-df">
         <path>C:\ti\ccs930\ccs\tools\compiler\ti-cgt-arm_20.2.1.LTS\lib\</path>
         <kind>archive</kind>
         <file>rtsv7M4_T_le_v4SPD16_eabi.lib</file>
         <name>k_cos.c.obj</name>
      </input_file>
      <input_file id="fl-e0">
         <path>C:\ti\ccs930\ccs\tools\compiler\ti-cgt-arm_20.2.1.LTS\lib\</path>
         <kind>archive</kind>
         <file>rtsv7M4_T_le_v4SPD16_eabi.lib</file>
         <name>k_sin.c.obj</name>
      </input_file>
      <input_file id="fl-e1">
         <path>C:\ti\ccs930\ccs\tools\compiler\ti-cgt-arm_20.2.1.LTS\lib\</path>
         <kind>archive</kind>
         <file>rtsv7M4_T_le_v4SPD16_eabi.lib</file>
         <name>s_floor.c.obj</name>
      </input_file>
      <input_file id="fl-e2">
         <path>C:\ti\ccs930\ccs\tools\compiler\ti-cgt-arm_20.2.1.LTS\lib\</path>
         <kind>archive</kind>
         <file>rtsv7M4_T_le_v4SPD16_eabi.lib</file>
         <name>s_scalbn.c.obj</name>
      </input_file>
      <input_file id="fl-e3">
         <path>C:\ti\ccs930\ccs\tools\compiler\ti-cgt-arm_20.2.1.LTS\lib\</path>
         <kind>archive</kind>
         <file>rtsv7M4_T_le_v4SPD16_eabi.lib</file>
         <name>memset_t2.asm.obj</name>
      </input_file>
      <input_file id="fl-e4">
         <path>C:\ti\ccs930\ccs\tools\compiler\ti-cgt-arm_20.2.1.LTS\lib\</path>
         <kind>archive</kind>
         <file>rtsv7M4_T_le_v4SPD16_eabi.lib</file>
         <name>memcpy_t2.asm.obj</name>
      </input_file>
      <input_file id="fl-e5">
         <path>C:\ti\ccs930\ccs\tools\compiler\ti-cgt-arm_20.2.1.LTS\lib\</path>
         <kind>archive</kind>
         <file>rtsv7M4_T_le_v4SPD16_eabi.lib</file>
         <name>autoinit.c.obj</name>
      </input_file>
      <input_file id="fl-e6">
         <path>C:\ti\ccs930\ccs\tools\compiler\ti-cgt-arm_20.2.1.LTS\lib\</path>
         <kind>archive</kind>
         <file>rtsv7M4_T_le_v4SPD16_eabi.lib</file>
         <name>pre_init.c.obj</name>
      </input_file>
      <input_file id="fl-e7">
         <path>C:\ti\ccs930\ccs\tools\compiler\ti-cgt-arm_20.2.1.LTS\lib\</path>
         <kind>archive</kind>
         <file>rtsv7M4_T_le_v4SPD16_eabi.lib</file>
         <name>cpy_tbl.c.obj</name>
      </input_file>
      <input_file id="fl-e8">
         <path>C:\ti\ccs930\ccs\tools\compiler\ti-cgt-arm_20.2.1.LTS\lib\</path>
         <kind>archive</kind>
         <file>rtsv7M4_T_le_v4SPD16_eabi.lib</file>
         <name>exit.c.obj</name>
      </input_file>
      <input_file id="fl-e9">
         <path>C:\ti\ccs930\ccs\tools\compiler\ti-cgt-arm_20.2.1.LTS\lib\</path>
         <kind>archive</kind>
         <file>rtsv7M4_T_le_v4SPD16_eabi.lib</file>
         <name>_lock.c.obj</name>
      </input_file>
      <input_file id="fl-ea">
         <path>C:\ti\ccs930\ccs\tools\compiler\ti-cgt-arm_20.2.1.LTS\lib\</path>
         <kind>archive</kind>
         <file>rtsv7M4_T_le_v4SPD16_eabi.lib</file>
         <name>args_main.c.obj</name>
      </input_file>
      <input_file id="fl-eb">
         <path>C:\ti\ccs930\ccs\tools\compiler\ti-cgt-arm_20.2.1.LTS\lib\</path>
         <kind>archive</kind>
         <file>rtsv7M4_T_le_v4SPD16_eabi.lib</file>
         <name>errno.c.obj</name>
      </input_file>
      <input_file id="fl-ec">
         <path>C:\ti\ccs930\ccs\tools\compiler\ti-cgt-arm_20.2.1.LTS\lib\</path>
         <kind>archive</kind>
         <file>rtsv7M4_T_le_v4SPD16_eabi.lib</file>
         <name>s_copysign.c.obj</name>
      </input_file>
   </input_file_list>
   <object_component_list>
      <object_component id="oc-12">
         <name>.intvecs</name>
         <load_address>0x0</load_address>
         <run_address>0x0</run_address>
         <size>0x26c</size>
         <input_file_ref idref="fl-9"/>
      </object_component>
      <object_component id="oc-9e">
         <name>.text</name>
         <load_address>0x26c</load_address>
         <run_address>0x26c</run_address>
         <size>0xc9a</size>
         <input_file_ref idref="fl-2"/>
      </object_component>
      <object_component id="oc-2c7">
         <name>.text:__kernel_rem_pio2</name>
         <load_address>0xf08</load_address>
         <run_address>0xf08</run_address>
         <size>0x738</size>
         <input_file_ref idref="fl-dd"/>
      </object_component>
      <object_component id="oc-1af">
         <name>.text:sin</name>
         <load_address>0x1640</load_address>
         <run_address>0x1640</run_address>
         <size>0x5c4</size>
         <input_file_ref idref="fl-cd"/>
      </object_component>
      <object_component id="oc-b0">
         <name>.text</name>
         <load_address>0x1c04</load_address>
         <run_address>0x1c04</run_address>
         <size>0x53c</size>
         <input_file_ref idref="fl-6"/>
      </object_component>
      <object_component id="oc-2d">
         <name>.text</name>
         <load_address>0x2140</load_address>
         <run_address>0x2140</run_address>
         <size>0x3b0</size>
         <input_file_ref idref="fl-5"/>
      </object_component>
      <object_component id="oc-7a">
         <name>.text</name>
         <load_address>0x24f0</load_address>
         <run_address>0x24f0</run_address>
         <size>0x214</size>
         <input_file_ref idref="fl-8"/>
      </object_component>
      <object_component id="oc-1b5">
         <name>.text</name>
         <load_address>0x2704</load_address>
         <run_address>0x2704</run_address>
         <size>0x1b6</size>
         <input_file_ref idref="fl-ce"/>
      </object_component>
      <object_component id="oc-2b7">
         <name>.text:__kernel_sin</name>
         <load_address>0x28bc</load_address>
         <run_address>0x28bc</run_address>
         <size>0x174</size>
         <input_file_ref idref="fl-e0"/>
      </object_component>
      <object_component id="oc-2cd">
         <name>.text:__kernel_cos</name>
         <load_address>0x2a30</load_address>
         <run_address>0x2a30</run_address>
         <size>0x16c</size>
         <input_file_ref idref="fl-df"/>
      </object_component>
      <object_component id="oc-86">
         <name>.text</name>
         <load_address>0x2b9c</load_address>
         <run_address>0x2b9c</run_address>
         <size>0x16c</size>
         <input_file_ref idref="fl-4"/>
      </object_component>
      <object_component id="oc-1ba">
         <name>.text</name>
         <load_address>0x2d08</load_address>
         <run_address>0x2d08</run_address>
         <size>0x136</size>
         <input_file_ref idref="fl-d0"/>
      </object_component>
      <object_component id="oc-143">
         <name>.text:GPIOPadConfigSet</name>
         <load_address>0x2e3e</load_address>
         <run_address>0x2e3e</run_address>
         <size>0x132</size>
         <input_file_ref idref="fl-11"/>
      </object_component>
      <object_component id="oc-10d">
         <name>.text:SysCtlClockGet</name>
         <load_address>0x2f70</load_address>
         <run_address>0x2f70</run_address>
         <size>0x110</size>
         <input_file_ref idref="fl-13"/>
      </object_component>
      <object_component id="oc-33c">
         <name>.text:scalbn</name>
         <load_address>0x3080</load_address>
         <run_address>0x3080</run_address>
         <size>0x110</size>
         <input_file_ref idref="fl-e2"/>
      </object_component>
      <object_component id="oc-8c">
         <name>.text</name>
         <load_address>0x3190</load_address>
         <run_address>0x3190</run_address>
         <size>0x108</size>
         <input_file_ref idref="fl-7"/>
      </object_component>
      <object_component id="oc-1a5">
         <name>.text</name>
         <load_address>0x3298</load_address>
         <run_address>0x3298</run_address>
         <size>0xfc</size>
         <input_file_ref idref="fl-d1"/>
      </object_component>
      <object_component id="oc-2dc">
         <name>.text:floor</name>
         <load_address>0x3394</load_address>
         <run_address>0x3394</run_address>
         <size>0xf8</size>
         <input_file_ref idref="fl-e1"/>
      </object_component>
      <object_component id="oc-a4">
         <name>.text:SysCtlClockSet</name>
         <load_address>0x348c</load_address>
         <run_address>0x348c</run_address>
         <size>0xf4</size>
         <input_file_ref idref="fl-13"/>
      </object_component>
      <object_component id="oc-1bf">
         <name>.text:round</name>
         <load_address>0x3580</load_address>
         <run_address>0x3580</run_address>
         <size>0xc0</size>
         <input_file_ref idref="fl-cc"/>
      </object_component>
      <object_component id="oc-41">
         <name>.text</name>
         <load_address>0x3640</load_address>
         <run_address>0x3640</run_address>
         <size>0x9c</size>
         <input_file_ref idref="fl-e4"/>
      </object_component>
      <object_component id="oc-2c2">
         <name>.text:__aeabi_cdcmple</name>
         <load_address>0x36dc</load_address>
         <run_address>0x36dc</run_address>
         <size>0x86</size>
         <input_file_ref idref="fl-cf"/>
      </object_component>
      <object_component id="oc-342">
         <name>.text:__aeabi_cdrcmple</name>
         <load_address>0x3762</load_address>
         <run_address>0x3762</run_address>
         <size>0x86</size>
         <input_file_ref idref="fl-cf"/>
      </object_component>
      <object_component id="oc-12b">
         <name>.text:ADCSequenceStepConfigure</name>
         <load_address>0x37e8</load_address>
         <run_address>0x37e8</run_address>
         <size>0x7a</size>
         <input_file_ref idref="fl-10"/>
      </object_component>
      <object_component id="oc-ee">
         <name>.text</name>
         <load_address>0x3862</load_address>
         <run_address>0x3862</run_address>
         <size>0x7a</size>
         <input_file_ref idref="fl-e3"/>
      </object_component>
      <object_component id="oc-1aa">
         <name>.text</name>
         <load_address>0x38dc</load_address>
         <run_address>0x38dc</run_address>
         <size>0x6e</size>
         <input_file_ref idref="fl-d3"/>
      </object_component>
      <object_component id="oc-1ec">
         <name>.text:IntDisable</name>
         <load_address>0x394c</load_address>
         <run_address>0x394c</run_address>
         <size>0x68</size>
         <input_file_ref idref="fl-12"/>
      </object_component>
      <object_component id="oc-167">
         <name>.text:IntEnable</name>
         <load_address>0x39b4</load_address>
         <run_address>0x39b4</run_address>
         <size>0x68</size>
         <input_file_ref idref="fl-12"/>
      </object_component>
      <object_component id="oc-15">
         <name>.text:decompress:lzss:__TI_decompress_lzss</name>
         <load_address>0x3a1c</load_address>
         <run_address>0x3a1c</run_address>
         <size>0x68</size>
         <input_file_ref idref="fl-da"/>
      </object_component>
      <object_component id="oc-16d">
         <name>.text:TimerConfigure</name>
         <load_address>0x3a84</load_address>
         <run_address>0x3a84</run_address>
         <size>0x60</size>
         <input_file_ref idref="fl-14"/>
      </object_component>
      <object_component id="oc-179">
         <name>.text:TimerControlTrigger</name>
         <load_address>0x3ae4</load_address>
         <run_address>0x3ae4</run_address>
         <size>0x58</size>
         <input_file_ref idref="fl-14"/>
      </object_component>
      <object_component id="oc-125">
         <name>.text:ADCSequenceConfigure</name>
         <load_address>0x3b3c</load_address>
         <run_address>0x3b3c</run_address>
         <size>0x50</size>
         <input_file_ref idref="fl-10"/>
      </object_component>
      <object_component id="oc-149">
         <name>.text:GPIOPinConfigure</name>
         <load_address>0x3b8c</load_address>
         <run_address>0x3b8c</run_address>
         <size>0x48</size>
         <input_file_ref idref="fl-11"/>
      </object_component>
      <object_component id="oc-1c5">
         <name>.text</name>
         <load_address>0x3bd4</load_address>
         <run_address>0x3bd4</run_address>
         <size>0x48</size>
         <input_file_ref idref="fl-d2"/>
      </object_component>
      <object_component id="oc-155">
         <name>.text:UARTConfigSetExpClk</name>
         <load_address>0x3c1c</load_address>
         <run_address>0x3c1c</run_address>
         <size>0x46</size>
         <input_file_ref idref="fl-15"/>
      </object_component>
      <object_component id="oc-245">
         <name>.text:__TI_auto_init_nobinit_nopinit:__TI_auto_init_nobinit_nopinit</name>
         <load_address>0x3c64</load_address>
         <run_address>0x3c64</run_address>
         <size>0x44</size>
         <input_file_ref idref="fl-e5"/>
      </object_component>
      <object_component id="oc-1a0">
         <name>.text</name>
         <load_address>0x3ca8</load_address>
         <run_address>0x3ca8</run_address>
         <size>0x38</size>
         <input_file_ref idref="fl-d4"/>
      </object_component>
      <object_component id="oc-113">
         <name>.text:SysCtlPeripheralEnable</name>
         <load_address>0x3ce0</load_address>
         <run_address>0x3ce0</run_address>
         <size>0x34</size>
         <input_file_ref idref="fl-13"/>
      </object_component>
      <object_component id="oc-5f">
         <name>.text:_c_int00_noargs:_c_int00_noargs</name>
         <load_address>0x3d14</load_address>
         <run_address>0x3d14</run_address>
         <size>0x34</size>
         <input_file_ref idref="fl-de"/>
      </object_component>
      <object_component id="oc-191">
         <name>.text:ADCIntStatus</name>
         <load_address>0x3d48</load_address>
         <run_address>0x3d48</run_address>
         <size>0x2e</size>
         <input_file_ref idref="fl-10"/>
      </object_component>
      <object_component id="oc-2bd">
         <name>.text</name>
         <load_address>0x3d76</load_address>
         <run_address>0x3d76</run_address>
         <size>0x2e</size>
         <input_file_ref idref="fl-d5"/>
      </object_component>
      <object_component id="oc-27e">
         <name>.text:GPIODirModeSet</name>
         <load_address>0x3da4</load_address>
         <run_address>0x3da4</run_address>
         <size>0x2a</size>
         <input_file_ref idref="fl-11"/>
      </object_component>
      <object_component id="oc-161">
         <name>.text:IntPrioritySet</name>
         <load_address>0x3dd0</load_address>
         <run_address>0x3dd0</run_address>
         <size>0x24</size>
         <input_file_ref idref="fl-12"/>
      </object_component>
      <object_component id="oc-293">
         <name>.text:UARTDisable</name>
         <load_address>0x3df4</load_address>
         <run_address>0x3df4</run_address>
         <size>0x20</size>
         <input_file_ref idref="fl-15"/>
      </object_component>
      <object_component id="oc-197">
         <name>.text:ADCSequenceDataGet</name>
         <load_address>0x3e14</load_address>
         <run_address>0x3e14</run_address>
         <size>0x1e</size>
         <input_file_ref idref="fl-10"/>
      </object_component>
      <object_component id="oc-20a">
         <name>.text</name>
         <load_address>0x3e32</load_address>
         <run_address>0x3e32</run_address>
         <size>0x1e</size>
         <input_file_ref idref="fl-d6"/>
      </object_component>
      <object_component id="oc-20f">
         <name>.text</name>
         <load_address>0x3e50</load_address>
         <run_address>0x3e50</run_address>
         <size>0x1e</size>
         <input_file_ref idref="fl-d7"/>
      </object_component>
      <object_component id="oc-1f2">
         <name>.text:strcat</name>
         <load_address>0x3e6e</load_address>
         <run_address>0x3e6e</run_address>
         <size>0x1e</size>
         <input_file_ref idref="fl-db"/>
      </object_component>
      <object_component id="oc-38c">
         <name>.text:copysign</name>
         <load_address>0x3e8c</load_address>
         <run_address>0x3e8c</run_address>
         <size>0x1a</size>
         <input_file_ref idref="fl-ec"/>
      </object_component>
      <object_component id="oc-18b">
         <name>.text:ADCProcessorTrigger</name>
         <load_address>0x3ea6</load_address>
         <run_address>0x3ea6</run_address>
         <size>0x18</size>
         <input_file_ref idref="fl-10"/>
      </object_component>
      <object_component id="oc-13d">
         <name>.text:GPIOPinTypeGPIOOutput</name>
         <load_address>0x3ebe</load_address>
         <run_address>0x3ebe</run_address>
         <size>0x18</size>
         <input_file_ref idref="fl-11"/>
      </object_component>
      <object_component id="oc-1e6">
         <name>.text:TimerDisable</name>
         <load_address>0x3ed8</load_address>
         <run_address>0x3ed8</run_address>
         <size>0x18</size>
         <input_file_ref idref="fl-14"/>
      </object_component>
      <object_component id="oc-299">
         <name>.text:UARTEnable</name>
         <load_address>0x3ef0</load_address>
         <run_address>0x3ef0</run_address>
         <size>0x14</size>
         <input_file_ref idref="fl-15"/>
      </object_component>
      <object_component id="oc-1f8">
         <name>.text:strlen</name>
         <load_address>0x3f04</load_address>
         <run_address>0x3f04</run_address>
         <size>0x14</size>
         <input_file_ref idref="fl-dc"/>
      </object_component>
      <object_component id="oc-119">
         <name>.text:GPIOPinTypeADC</name>
         <load_address>0x3f18</load_address>
         <run_address>0x3f18</run_address>
         <size>0x12</size>
         <input_file_ref idref="fl-11"/>
      </object_component>
      <object_component id="oc-14f">
         <name>.text:GPIOPinTypeUART</name>
         <load_address>0x3f2a</load_address>
         <run_address>0x3f2a</run_address>
         <size>0x12</size>
         <input_file_ref idref="fl-11"/>
      </object_component>
      <object_component id="oc-173">
         <name>.text:TimerLoadSet</name>
         <load_address>0x3f3c</load_address>
         <run_address>0x3f3c</run_address>
         <size>0x12</size>
         <input_file_ref idref="fl-14"/>
      </object_component>
      <object_component id="oc-aa">
         <name>.text:IntMasterEnable</name>
         <load_address>0x3f4e</load_address>
         <run_address>0x3f4e</run_address>
         <size>0x10</size>
         <input_file_ref idref="fl-12"/>
      </object_component>
      <object_component id="oc-131">
         <name>.text:ADCSequenceEnable</name>
         <load_address>0x3f5e</load_address>
         <run_address>0x3f5e</run_address>
         <size>0xe</size>
         <input_file_ref idref="fl-10"/>
      </object_component>
      <object_component id="oc-185">
         <name>.text:TimerEnable</name>
         <load_address>0x3f6c</load_address>
         <run_address>0x3f6c</run_address>
         <size>0xe</size>
         <input_file_ref idref="fl-14"/>
      </object_component>
      <object_component id="oc-1da">
         <name>.text:UARTCharGetNonBlocking</name>
         <load_address>0x3f7a</load_address>
         <run_address>0x3f7a</run_address>
         <size>0xe</size>
         <input_file_ref idref="fl-15"/>
      </object_component>
      <object_component id="oc-1e0">
         <name>.text:UARTCharsAvail</name>
         <load_address>0x3f88</load_address>
         <run_address>0x3f88</run_address>
         <size>0xe</size>
         <input_file_ref idref="fl-15"/>
      </object_component>
      <object_component id="oc-1b">
         <name>.text:decompress:none:__TI_decompress_none</name>
         <load_address>0x3f96</load_address>
         <run_address>0x3f96</run_address>
         <size>0xe</size>
         <input_file_ref idref="fl-d9"/>
      </object_component>
      <object_component id="oc-11f">
         <name>.text:ADCReferenceSet</name>
         <load_address>0x3fa4</load_address>
         <run_address>0x3fa4</run_address>
         <size>0xc</size>
         <input_file_ref idref="fl-10"/>
      </object_component>
      <object_component id="oc-203">
         <name>.text:CPUcpsie</name>
         <load_address>0x3fb0</load_address>
         <run_address>0x3fb0</run_address>
         <size>0xc</size>
         <input_file_ref idref="fl-16"/>
      </object_component>
      <object_component id="oc-53">
         <name>.text:decompress:ZI:__TI_zero_init</name>
         <load_address>0x3fbc</load_address>
         <run_address>0x3fbc</run_address>
         <size>0xc</size>
         <input_file_ref idref="fl-d8"/>
      </object_component>
      <object_component id="oc-27">
         <name>.text</name>
         <load_address>0x3fc8</load_address>
         <run_address>0x3fc8</run_address>
         <size>0xc</size>
         <input_file_ref idref="fl-9"/>
      </object_component>
      <object_component id="oc-137">
         <name>.text:ADCIntClear</name>
         <load_address>0x3fd4</load_address>
         <run_address>0x3fd4</run_address>
         <size>0xa</size>
         <input_file_ref idref="fl-10"/>
      </object_component>
      <object_component id="oc-80">
         <name>.text:TimerValueGet</name>
         <load_address>0x3fde</load_address>
         <run_address>0x3fde</run_address>
         <size>0xa</size>
         <input_file_ref idref="fl-14"/>
      </object_component>
      <object_component id="oc-1ce">
         <name>.text:UARTCharPut</name>
         <load_address>0x3fe8</load_address>
         <run_address>0x3fe8</run_address>
         <size>0xa</size>
         <input_file_ref idref="fl-15"/>
      </object_component>
      <object_component id="oc-17f">
         <name>.text:TimerIntEnable</name>
         <load_address>0x3ff2</load_address>
         <run_address>0x3ff2</run_address>
         <size>0x8</size>
         <input_file_ref idref="fl-14"/>
      </object_component>
      <object_component id="oc-15b">
         <name>.text:UARTIntEnable</name>
         <load_address>0x3ffa</load_address>
         <run_address>0x3ffa</run_address>
         <size>0x8</size>
         <input_file_ref idref="fl-15"/>
      </object_component>
      <object_component id="oc-386">
         <name>.text:__aeabi_errno_addr</name>
         <load_address>0x4004</load_address>
         <run_address>0x4004</run_address>
         <size>0x8</size>
         <input_file_ref idref="fl-eb"/>
      </object_component>
      <object_component id="oc-92">
         <name>.text:GPIOPinWrite</name>
         <load_address>0x400c</load_address>
         <run_address>0x400c</run_address>
         <size>0x6</size>
         <input_file_ref idref="fl-11"/>
      </object_component>
      <object_component id="oc-200">
         <name>.text:SysCtlDelay</name>
         <load_address>0x4012</load_address>
         <run_address>0x4012</run_address>
         <size>0x6</size>
         <input_file_ref idref="fl-13"/>
      </object_component>
      <object_component id="oc-74">
         <name>.text:TimerIntClear</name>
         <load_address>0x4018</load_address>
         <run_address>0x4018</run_address>
         <size>0x4</size>
         <input_file_ref idref="fl-14"/>
      </object_component>
      <object_component id="oc-98">
         <name>.text:UARTIntClear</name>
         <load_address>0x401c</load_address>
         <run_address>0x401c</run_address>
         <size>0x4</size>
         <input_file_ref idref="fl-15"/>
      </object_component>
      <object_component id="oc-f4">
         <name>.text:_system_pre_init</name>
         <load_address>0x4020</load_address>
         <run_address>0x4020</run_address>
         <size>0x4</size>
         <input_file_ref idref="fl-e6"/>
      </object_component>
      <object_component id="oc-239">
         <name>.text:abort:abort</name>
         <load_address>0x4024</load_address>
         <run_address>0x4024</run_address>
         <size>0x4</size>
         <input_file_ref idref="fl-e8"/>
      </object_component>
      <object_component id="oc-347">
         <name>.const:$O1$$</name>
         <load_address>0x4028</load_address>
         <run_address>0x4028</run_address>
         <size>0x158</size>
         <input_file_ref idref="fl-dd"/>
      </object_component>
      <object_component id="oc-2a1">
         <name>.const:g_pui32Regs</name>
         <load_address>0x4180</load_address>
         <run_address>0x4180</run_address>
         <size>0x9c</size>
         <input_file_ref idref="fl-12"/>
      </object_component>
      <object_component id="oc-28e">
         <name>.const:g_pui32GPIOBaseAddrs</name>
         <load_address>0x421c</load_address>
         <run_address>0x421c</run_address>
         <size>0x90</size>
         <input_file_ref idref="fl-11"/>
      </object_component>
      <object_component id="oc-2a6">
         <name>.const</name>
         <load_address>0x42ac</load_address>
         <run_address>0x42ac</run_address>
         <size>0x70</size>
         <input_file_ref idref="fl-12"/>
      </object_component>
      <object_component id="oc-279">
         <name>.const:g_pui32Xtals</name>
         <load_address>0x431c</load_address>
         <run_address>0x431c</run_address>
         <size>0x6c</size>
         <input_file_ref idref="fl-13"/>
      </object_component>
      <object_component id="oc-3e8">
         <name>.cinit..data.load</name>
         <load_address>0x4388</load_address>
         <run_address>0x4388</run_address>
         <size>0x1e</size>
      </object_component>
      <object_component id="oc-3e6">
         <name>__TI_handler_table</name>
         <load_address>0x43a8</load_address>
         <run_address>0x43a8</run_address>
         <size>0xc</size>
      </object_component>
      <object_component id="oc-3e9">
         <name>.cinit..bss.load</name>
         <load_address>0x43b8</load_address>
         <run_address>0x43b8</run_address>
         <size>0x8</size>
      </object_component>
      <object_component id="oc-3e7">
         <name>__TI_cinit_table</name>
         <load_address>0x43c0</load_address>
         <run_address>0x43c0</run_address>
         <size>0x10</size>
      </object_component>
      <object_component id="oc-1ca">
         <name>.data</name>
         <load_address>0x20003a6c</load_address>
         <run_address>0x20003a6c</run_address>
         <size>0x8</size>
         <input_file_ref idref="fl-4"/>
      </object_component>
      <object_component id="oc-b9">
         <name>.data</name>
         <load_address>0x20003a48</load_address>
         <run_address>0x20003a48</run_address>
         <size>0x24</size>
         <input_file_ref idref="fl-5"/>
      </object_component>
      <object_component id="oc-3b1">
         <name>.data</name>
         <load_address>0x20003a74</load_address>
         <run_address>0x20003a74</run_address>
         <size>0x4</size>
         <input_file_ref idref="fl-eb"/>
      </object_component>
      <object_component id="oc-b6">
         <name>.common:tiva_actual_state</name>
         <uninitialized>true</uninitialized>
         <run_address>0x20003800</run_address>
         <size>0x24</size>
      </object_component>
      <object_component id="oc-bc">
         <name>.common:string_streaming_buffer</name>
         <uninitialized>true</uninitialized>
         <run_address>0x20003824</run_address>
         <size>0x20</size>
      </object_component>
      <object_component id="oc-be">
         <name>.common:acquis_pingpong_buf_0</name>
         <uninitialized>true</uninitialized>
         <run_address>0x20000000</run_address>
         <size>0x1000</size>
      </object_component>
      <object_component id="oc-bf">
         <name>.common:acquis_pingpong_buf_1</name>
         <uninitialized>true</uninitialized>
         <run_address>0x20001000</run_address>
         <size>0x1000</size>
      </object_component>
      <object_component id="oc-c0">
         <name>.common:stream_pigpong_buf_0</name>
         <uninitialized>true</uninitialized>
         <run_address>0x20002000</run_address>
         <size>0xc00</size>
      </object_component>
      <object_component id="oc-c1">
         <name>.common:stream_pigpong_buf_1</name>
         <uninitialized>true</uninitialized>
         <run_address>0x20002c00</run_address>
         <size>0xc00</size>
      </object_component>
      <object_component id="oc-bd">
         <name>.common:mux_channel</name>
         <uninitialized>true</uninitialized>
         <run_address>0x20003844</run_address>
         <size>0x4</size>
      </object_component>
      <object_component id="oc-24">
         <name>.stack</name>
         <uninitialized>true</uninitialized>
         <run_address>0x20003848</run_address>
         <size>0x4</size>
         <input_file_ref idref="fl-de"/>
      </object_component>
      <object_component id="oc-3eb">
         <name>.stack</name>
         <uninitialized>true</uninitialized>
         <run_address>0x20003848</run_address>
         <size>0x0</size>
      </object_component>
      <object_component id="oc-1ff">
         <name>.debug_info</name>
         <load_address>0x0</load_address>
         <run_address>0x0</run_address>
         <size>0x517</size>
         <input_file_ref idref="fl-2"/>
      </object_component>
      <object_component id="oc-a2">
         <name>.debug_info</name>
         <load_address>0x517</load_address>
         <run_address>0x517</run_address>
         <size>0x266a</size>
         <input_file_ref idref="fl-2"/>
      </object_component>
      <object_component id="oc-c3">
         <name>.debug_info</name>
         <load_address>0x2b81</load_address>
         <run_address>0x2b81</run_address>
         <size>0xf0</size>
         <input_file_ref idref="fl-2"/>
      </object_component>
      <object_component id="oc-21d">
         <name>.debug_info</name>
         <load_address>0x2c71</load_address>
         <run_address>0x2c71</run_address>
         <size>0x126</size>
         <input_file_ref idref="fl-2"/>
      </object_component>
      <object_component id="oc-cf">
         <name>.debug_info</name>
         <load_address>0x2d97</load_address>
         <run_address>0x2d97</run_address>
         <size>0x26b</size>
         <input_file_ref idref="fl-2"/>
      </object_component>
      <object_component id="oc-c8">
         <name>.debug_info</name>
         <load_address>0x3002</load_address>
         <run_address>0x3002</run_address>
         <size>0x8b</size>
         <input_file_ref idref="fl-2"/>
      </object_component>
      <object_component id="oc-224">
         <name>.debug_info</name>
         <load_address>0x308d</load_address>
         <run_address>0x308d</run_address>
         <size>0x2a4</size>
         <input_file_ref idref="fl-2"/>
      </object_component>
      <object_component id="oc-d4">
         <name>.debug_info</name>
         <load_address>0x3331</load_address>
         <run_address>0x3331</run_address>
         <size>0xbb</size>
         <input_file_ref idref="fl-2"/>
      </object_component>
      <object_component id="oc-2f8">
         <name>.debug_info</name>
         <load_address>0x33ec</load_address>
         <run_address>0x33ec</run_address>
         <size>0xcc</size>
         <input_file_ref idref="fl-2"/>
      </object_component>
      <object_component id="oc-3c">
         <name>.debug_info</name>
         <load_address>0x34b8</load_address>
         <run_address>0x34b8</run_address>
         <size>0x84</size>
         <input_file_ref idref="fl-3"/>
      </object_component>
      <object_component id="oc-1cb">
         <name>.debug_info</name>
         <load_address>0x353c</load_address>
         <run_address>0x353c</run_address>
         <size>0x10f</size>
         <input_file_ref idref="fl-4"/>
      </object_component>
      <object_component id="oc-89">
         <name>.debug_info</name>
         <load_address>0x364b</load_address>
         <run_address>0x364b</run_address>
         <size>0x557</size>
         <input_file_ref idref="fl-4"/>
      </object_component>
      <object_component id="oc-b7">
         <name>.debug_info</name>
         <load_address>0x3ba2</load_address>
         <run_address>0x3ba2</run_address>
         <size>0x8fb</size>
         <input_file_ref idref="fl-5"/>
      </object_component>
      <object_component id="oc-ba">
         <name>.debug_info</name>
         <load_address>0x449d</load_address>
         <run_address>0x449d</run_address>
         <size>0x2cf</size>
         <input_file_ref idref="fl-5"/>
      </object_component>
      <object_component id="oc-30">
         <name>.debug_info</name>
         <load_address>0x476c</load_address>
         <run_address>0x476c</run_address>
         <size>0x5b3</size>
         <input_file_ref idref="fl-5"/>
      </object_component>
      <object_component id="oc-216">
         <name>.debug_info</name>
         <load_address>0x4d1f</load_address>
         <run_address>0x4d1f</run_address>
         <size>0x9e</size>
         <input_file_ref idref="fl-5"/>
      </object_component>
      <object_component id="oc-230">
         <name>.debug_info</name>
         <load_address>0x4dbd</load_address>
         <run_address>0x4dbd</run_address>
         <size>0x2c</size>
         <input_file_ref idref="fl-5"/>
      </object_component>
      <object_component id="oc-215">
         <name>.debug_info</name>
         <load_address>0x4de9</load_address>
         <run_address>0x4de9</run_address>
         <size>0x33d</size>
         <input_file_ref idref="fl-6"/>
      </object_component>
      <object_component id="oc-b3">
         <name>.debug_info</name>
         <load_address>0x5126</load_address>
         <run_address>0x5126</run_address>
         <size>0x11e4</size>
         <input_file_ref idref="fl-6"/>
      </object_component>
      <object_component id="oc-1d5">
         <name>.debug_info</name>
         <load_address>0x630a</load_address>
         <run_address>0x630a</run_address>
         <size>0x291</size>
         <input_file_ref idref="fl-7"/>
      </object_component>
      <object_component id="oc-8f">
         <name>.debug_info</name>
         <load_address>0x659b</load_address>
         <run_address>0x659b</run_address>
         <size>0x49f</size>
         <input_file_ref idref="fl-7"/>
      </object_component>
      <object_component id="oc-19e">
         <name>.debug_info</name>
         <load_address>0x6a3a</load_address>
         <run_address>0x6a3a</run_address>
         <size>0x7e7</size>
         <input_file_ref idref="fl-8"/>
      </object_component>
      <object_component id="oc-7d">
         <name>.debug_info</name>
         <load_address>0x7221</load_address>
         <run_address>0x7221</run_address>
         <size>0x7d2</size>
         <input_file_ref idref="fl-8"/>
      </object_component>
      <object_component id="oc-35">
         <name>.debug_info</name>
         <load_address>0x79f3</load_address>
         <run_address>0x79f3</run_address>
         <size>0x2ef</size>
         <input_file_ref idref="fl-9"/>
      </object_component>
      <object_component id="oc-13">
         <name>.debug_info</name>
         <load_address>0x7ce2</load_address>
         <run_address>0x7ce2</run_address>
         <size>0xe2</size>
         <input_file_ref idref="fl-9"/>
      </object_component>
      <object_component id="oc-28">
         <name>.debug_info</name>
         <load_address>0x7dc4</load_address>
         <run_address>0x7dc4</run_address>
         <size>0x25e</size>
         <input_file_ref idref="fl-9"/>
      </object_component>
      <object_component id="oc-286">
         <name>.debug_info</name>
         <load_address>0x8022</load_address>
         <run_address>0x8022</run_address>
         <size>0x24d</size>
         <input_file_ref idref="fl-10"/>
      </object_component>
      <object_component id="oc-12d">
         <name>.debug_info</name>
         <load_address>0x826f</load_address>
         <run_address>0x826f</run_address>
         <size>0x333</size>
         <input_file_ref idref="fl-10"/>
      </object_component>
      <object_component id="oc-133">
         <name>.debug_info</name>
         <load_address>0x85a2</load_address>
         <run_address>0x85a2</run_address>
         <size>0x2a0</size>
         <input_file_ref idref="fl-10"/>
      </object_component>
      <object_component id="oc-199">
         <name>.debug_info</name>
         <load_address>0x8842</load_address>
         <run_address>0x8842</run_address>
         <size>0x2ff</size>
         <input_file_ref idref="fl-10"/>
      </object_component>
      <object_component id="oc-127">
         <name>.debug_info</name>
         <load_address>0x8b41</load_address>
         <run_address>0x8b41</run_address>
         <size>0x326</size>
         <input_file_ref idref="fl-10"/>
      </object_component>
      <object_component id="oc-121">
         <name>.debug_info</name>
         <load_address>0x8e67</load_address>
         <run_address>0x8e67</run_address>
         <size>0x27c</size>
         <input_file_ref idref="fl-10"/>
      </object_component>
      <object_component id="oc-18d">
         <name>.debug_info</name>
         <load_address>0x90e3</load_address>
         <run_address>0x90e3</run_address>
         <size>0x2a4</size>
         <input_file_ref idref="fl-10"/>
      </object_component>
      <object_component id="oc-193">
         <name>.debug_info</name>
         <load_address>0x9387</load_address>
         <run_address>0x9387</run_address>
         <size>0x2e7</size>
         <input_file_ref idref="fl-10"/>
      </object_component>
      <object_component id="oc-139">
         <name>.debug_info</name>
         <load_address>0x966e</load_address>
         <run_address>0x966e</run_address>
         <size>0x294</size>
         <input_file_ref idref="fl-10"/>
      </object_component>
      <object_component id="oc-107">
         <name>.debug_info</name>
         <load_address>0x9902</load_address>
         <run_address>0x9902</run_address>
         <size>0x18b</size>
         <input_file_ref idref="fl-10"/>
      </object_component>
      <object_component id="oc-1d7">
         <name>.debug_info</name>
         <load_address>0x9a8d</load_address>
         <run_address>0x9a8d</run_address>
         <size>0x240</size>
         <input_file_ref idref="fl-11"/>
      </object_component>
      <object_component id="oc-28f">
         <name>.debug_info</name>
         <load_address>0x9ccd</load_address>
         <run_address>0x9ccd</run_address>
         <size>0x15b</size>
         <input_file_ref idref="fl-11"/>
      </object_component>
      <object_component id="oc-93">
         <name>.debug_info</name>
         <load_address>0x9e28</load_address>
         <run_address>0x9e28</run_address>
         <size>0x2a3</size>
         <input_file_ref idref="fl-11"/>
      </object_component>
      <object_component id="oc-27f">
         <name>.debug_info</name>
         <load_address>0xa0cb</load_address>
         <run_address>0xa0cb</run_address>
         <size>0x2b3</size>
         <input_file_ref idref="fl-11"/>
      </object_component>
      <object_component id="oc-144">
         <name>.debug_info</name>
         <load_address>0xa37e</load_address>
         <run_address>0xa37e</run_address>
         <size>0x316</size>
         <input_file_ref idref="fl-11"/>
      </object_component>
      <object_component id="oc-151">
         <name>.debug_info</name>
         <load_address>0xa694</load_address>
         <run_address>0xa694</run_address>
         <size>0x27b</size>
         <input_file_ref idref="fl-11"/>
      </object_component>
      <object_component id="oc-13e">
         <name>.debug_info</name>
         <load_address>0xa90f</load_address>
         <run_address>0xa90f</run_address>
         <size>0x2b7</size>
         <input_file_ref idref="fl-11"/>
      </object_component>
      <object_component id="oc-11a">
         <name>.debug_info</name>
         <load_address>0xabc6</load_address>
         <run_address>0xabc6</run_address>
         <size>0x279</size>
         <input_file_ref idref="fl-11"/>
      </object_component>
      <object_component id="oc-14a">
         <name>.debug_info</name>
         <load_address>0xae3f</load_address>
         <run_address>0xae3f</run_address>
         <size>0x280</size>
         <input_file_ref idref="fl-11"/>
      </object_component>
      <object_component id="oc-2a5">
         <name>.debug_info</name>
         <load_address>0xb0bf</load_address>
         <run_address>0xb0bf</run_address>
         <size>0x20e</size>
         <input_file_ref idref="fl-12"/>
      </object_component>
      <object_component id="oc-2a7">
         <name>.debug_info</name>
         <load_address>0xb2cd</load_address>
         <run_address>0xb2cd</run_address>
         <size>0x210</size>
         <input_file_ref idref="fl-12"/>
      </object_component>
      <object_component id="oc-2a2">
         <name>.debug_info</name>
         <load_address>0xb4dd</load_address>
         <run_address>0xb4dd</run_address>
         <size>0x14e</size>
         <input_file_ref idref="fl-12"/>
      </object_component>
      <object_component id="oc-162">
         <name>.debug_info</name>
         <load_address>0xb62b</load_address>
         <run_address>0xb62b</run_address>
         <size>0x2c9</size>
         <input_file_ref idref="fl-12"/>
      </object_component>
      <object_component id="oc-ad">
         <name>.debug_info</name>
         <load_address>0xb8f4</load_address>
         <run_address>0xb8f4</run_address>
         <size>0x23e</size>
         <input_file_ref idref="fl-12"/>
      </object_component>
      <object_component id="oc-169">
         <name>.debug_info</name>
         <load_address>0xbb32</load_address>
         <run_address>0xbb32</run_address>
         <size>0x268</size>
         <input_file_ref idref="fl-12"/>
      </object_component>
      <object_component id="oc-1ee">
         <name>.debug_info</name>
         <load_address>0xbd9a</load_address>
         <run_address>0xbd9a</run_address>
         <size>0x26a</size>
         <input_file_ref idref="fl-12"/>
      </object_component>
      <object_component id="oc-202">
         <name>.debug_info</name>
         <load_address>0xc004</load_address>
         <run_address>0xc004</run_address>
         <size>0x298</size>
         <input_file_ref idref="fl-13"/>
      </object_component>
      <object_component id="oc-27a">
         <name>.debug_info</name>
         <load_address>0xc29c</load_address>
         <run_address>0xc29c</run_address>
         <size>0x14d</size>
         <input_file_ref idref="fl-13"/>
      </object_component>
      <object_component id="oc-114">
         <name>.debug_info</name>
         <load_address>0xc3e9</load_address>
         <run_address>0xc3e9</run_address>
         <size>0x27d</size>
         <input_file_ref idref="fl-13"/>
      </object_component>
      <object_component id="oc-a5">
         <name>.debug_info</name>
         <load_address>0xc666</load_address>
         <run_address>0xc666</run_address>
         <size>0x2db</size>
         <input_file_ref idref="fl-13"/>
      </object_component>
      <object_component id="oc-10e">
         <name>.debug_info</name>
         <load_address>0xc941</load_address>
         <run_address>0xc941</run_address>
         <size>0x2b5</size>
         <input_file_ref idref="fl-13"/>
      </object_component>
      <object_component id="oc-2ff">
         <name>.debug_info</name>
         <load_address>0xcbf6</load_address>
         <run_address>0xcbf6</run_address>
         <size>0x5f</size>
         <input_file_ref idref="fl-13"/>
      </object_component>
      <object_component id="oc-10c">
         <name>.debug_info</name>
         <load_address>0xcc55</load_address>
         <run_address>0xcc55</run_address>
         <size>0x223</size>
         <input_file_ref idref="fl-14"/>
      </object_component>
      <object_component id="oc-81">
         <name>.debug_info</name>
         <load_address>0xce78</load_address>
         <run_address>0xce78</run_address>
         <size>0x28a</size>
         <input_file_ref idref="fl-14"/>
      </object_component>
      <object_component id="oc-174">
         <name>.debug_info</name>
         <load_address>0xd102</load_address>
         <run_address>0xd102</run_address>
         <size>0x2ba</size>
         <input_file_ref idref="fl-14"/>
      </object_component>
      <object_component id="oc-180">
         <name>.debug_info</name>
         <load_address>0xd3bc</load_address>
         <run_address>0xd3bc</run_address>
         <size>0x294</size>
         <input_file_ref idref="fl-14"/>
      </object_component>
      <object_component id="oc-75">
         <name>.debug_info</name>
         <load_address>0xd650</load_address>
         <run_address>0xd650</run_address>
         <size>0x292</size>
         <input_file_ref idref="fl-14"/>
      </object_component>
      <object_component id="oc-186">
         <name>.debug_info</name>
         <load_address>0xd8e2</load_address>
         <run_address>0xd8e2</run_address>
         <size>0x27f</size>
         <input_file_ref idref="fl-14"/>
      </object_component>
      <object_component id="oc-1e7">
         <name>.debug_info</name>
         <load_address>0xdb61</load_address>
         <run_address>0xdb61</run_address>
         <size>0x281</size>
         <input_file_ref idref="fl-14"/>
      </object_component>
      <object_component id="oc-17a">
         <name>.debug_info</name>
         <load_address>0xdde2</load_address>
         <run_address>0xdde2</run_address>
         <size>0x2d7</size>
         <input_file_ref idref="fl-14"/>
      </object_component>
      <object_component id="oc-16e">
         <name>.debug_info</name>
         <load_address>0xe0b9</load_address>
         <run_address>0xe0b9</run_address>
         <size>0x28c</size>
         <input_file_ref idref="fl-14"/>
      </object_component>
      <object_component id="oc-1d9">
         <name>.debug_info</name>
         <load_address>0xe345</load_address>
         <run_address>0xe345</run_address>
         <size>0x227</size>
         <input_file_ref idref="fl-15"/>
      </object_component>
      <object_component id="oc-15c">
         <name>.debug_info</name>
         <load_address>0xe56c</load_address>
         <run_address>0xe56c</run_address>
         <size>0x28f</size>
         <input_file_ref idref="fl-15"/>
      </object_component>
      <object_component id="oc-99">
         <name>.debug_info</name>
         <load_address>0xe7fb</load_address>
         <run_address>0xe7fb</run_address>
         <size>0x28d</size>
         <input_file_ref idref="fl-15"/>
      </object_component>
      <object_component id="oc-29b">
         <name>.debug_info</name>
         <load_address>0xea88</load_address>
         <run_address>0xea88</run_address>
         <size>0x247</size>
         <input_file_ref idref="fl-15"/>
      </object_component>
      <object_component id="oc-294">
         <name>.debug_info</name>
         <load_address>0xeccf</load_address>
         <run_address>0xeccf</run_address>
         <size>0x249</size>
         <input_file_ref idref="fl-15"/>
      </object_component>
      <object_component id="oc-156">
         <name>.debug_info</name>
         <load_address>0xef18</load_address>
         <run_address>0xef18</run_address>
         <size>0x326</size>
         <input_file_ref idref="fl-15"/>
      </object_component>
      <object_component id="oc-1e1">
         <name>.debug_info</name>
         <load_address>0xf23e</load_address>
         <run_address>0xf23e</run_address>
         <size>0x253</size>
         <input_file_ref idref="fl-15"/>
      </object_component>
      <object_component id="oc-1cf">
         <name>.debug_info</name>
         <load_address>0xf491</load_address>
         <run_address>0xf491</run_address>
         <size>0x273</size>
         <input_file_ref idref="fl-15"/>
      </object_component>
      <object_component id="oc-1db">
         <name>.debug_info</name>
         <load_address>0xf704</load_address>
         <run_address>0xf704</run_address>
         <size>0x263</size>
         <input_file_ref idref="fl-15"/>
      </object_component>
      <object_component id="oc-206">
         <name>.debug_info</name>
         <load_address>0xf967</load_address>
         <run_address>0xf967</run_address>
         <size>0x212</size>
         <input_file_ref idref="fl-16"/>
      </object_component>
      <object_component id="oc-2e3">
         <name>.debug_info</name>
         <load_address>0xfb79</load_address>
         <run_address>0xfb79</run_address>
         <size>0x2b0</size>
         <input_file_ref idref="fl-cc"/>
      </object_component>
      <object_component id="oc-1c0">
         <name>.debug_info</name>
         <load_address>0xfe29</load_address>
         <run_address>0xfe29</run_address>
         <size>0x219</size>
         <input_file_ref idref="fl-cc"/>
      </object_component>
      <object_component id="oc-2d4">
         <name>.debug_info</name>
         <load_address>0x10042</load_address>
         <run_address>0x10042</run_address>
         <size>0x366</size>
         <input_file_ref idref="fl-cd"/>
      </object_component>
      <object_component id="oc-1b0">
         <name>.debug_info</name>
         <load_address>0x103a8</load_address>
         <run_address>0x103a8</run_address>
         <size>0x796</size>
         <input_file_ref idref="fl-cd"/>
      </object_component>
      <object_component id="oc-356">
         <name>.debug_info</name>
         <load_address>0x10b3e</load_address>
         <run_address>0x10b3e</run_address>
         <size>0x46</size>
         <input_file_ref idref="fl-cd"/>
      </object_component>
      <object_component id="oc-2d5">
         <name>.debug_info</name>
         <load_address>0x10b84</load_address>
         <run_address>0x10b84</run_address>
         <size>0x39</size>
         <input_file_ref idref="fl-cd"/>
      </object_component>
      <object_component id="oc-1b6">
         <name>.debug_info</name>
         <load_address>0x10bbd</load_address>
         <run_address>0x10bbd</run_address>
         <size>0x14c</size>
         <input_file_ref idref="fl-ce"/>
      </object_component>
      <object_component id="oc-2c4">
         <name>.debug_info</name>
         <load_address>0x10d09</load_address>
         <run_address>0x10d09</run_address>
         <size>0x128</size>
         <input_file_ref idref="fl-cf"/>
      </object_component>
      <object_component id="oc-343">
         <name>.debug_info</name>
         <load_address>0x10e31</load_address>
         <run_address>0x10e31</run_address>
         <size>0x12a</size>
         <input_file_ref idref="fl-cf"/>
      </object_component>
      <object_component id="oc-1bd">
         <name>.debug_info</name>
         <load_address>0x10f5b</load_address>
         <run_address>0x10f5b</run_address>
         <size>0x13a</size>
         <input_file_ref idref="fl-d0"/>
      </object_component>
      <object_component id="oc-1a7">
         <name>.debug_info</name>
         <load_address>0x11095</load_address>
         <run_address>0x11095</run_address>
         <size>0x13a</size>
         <input_file_ref idref="fl-d1"/>
      </object_component>
      <object_component id="oc-1c7">
         <name>.debug_info</name>
         <load_address>0x111cf</load_address>
         <run_address>0x111cf</run_address>
         <size>0x12e</size>
         <input_file_ref idref="fl-d2"/>
      </object_component>
      <object_component id="oc-1ad">
         <name>.debug_info</name>
         <load_address>0x112fd</load_address>
         <run_address>0x112fd</run_address>
         <size>0x13e</size>
         <input_file_ref idref="fl-d3"/>
      </object_component>
      <object_component id="oc-1a1">
         <name>.debug_info</name>
         <load_address>0x1143b</load_address>
         <run_address>0x1143b</run_address>
         <size>0x12c</size>
         <input_file_ref idref="fl-d4"/>
      </object_component>
      <object_component id="oc-2be">
         <name>.debug_info</name>
         <load_address>0x11567</load_address>
         <run_address>0x11567</run_address>
         <size>0x12c</size>
         <input_file_ref idref="fl-d5"/>
      </object_component>
      <object_component id="oc-20c">
         <name>.debug_info</name>
         <load_address>0x11693</load_address>
         <run_address>0x11693</run_address>
         <size>0x122</size>
         <input_file_ref idref="fl-d6"/>
      </object_component>
      <object_component id="oc-212">
         <name>.debug_info</name>
         <load_address>0x117b5</load_address>
         <run_address>0x117b5</run_address>
         <size>0x122</size>
         <input_file_ref idref="fl-d7"/>
      </object_component>
      <object_component id="oc-ed">
         <name>.debug_info</name>
         <load_address>0x118d7</load_address>
         <run_address>0x118d7</run_address>
         <size>0x2d4</size>
         <input_file_ref idref="fl-d8"/>
      </object_component>
      <object_component id="oc-54">
         <name>.debug_info</name>
         <load_address>0x11bab</load_address>
         <run_address>0x11bab</run_address>
         <size>0x1b5</size>
         <input_file_ref idref="fl-d8"/>
      </object_component>
      <object_component id="oc-e8">
         <name>.debug_info</name>
         <load_address>0x11d60</load_address>
         <run_address>0x11d60</run_address>
         <size>0x46</size>
         <input_file_ref idref="fl-d8"/>
      </object_component>
      <object_component id="oc-4c">
         <name>.debug_info</name>
         <load_address>0x11da6</load_address>
         <run_address>0x11da6</run_address>
         <size>0x2a8</size>
         <input_file_ref idref="fl-d9"/>
      </object_component>
      <object_component id="oc-1c">
         <name>.debug_info</name>
         <load_address>0x1204e</load_address>
         <run_address>0x1204e</run_address>
         <size>0x1ea</size>
         <input_file_ref idref="fl-d9"/>
      </object_component>
      <object_component id="oc-47">
         <name>.debug_info</name>
         <load_address>0x12238</load_address>
         <run_address>0x12238</run_address>
         <size>0x46</size>
         <input_file_ref idref="fl-d9"/>
      </object_component>
      <object_component id="oc-e0">
         <name>.debug_info</name>
         <load_address>0x1227e</load_address>
         <run_address>0x1227e</run_address>
         <size>0x2c</size>
         <input_file_ref idref="fl-d9"/>
      </object_component>
      <object_component id="oc-de">
         <name>.debug_info</name>
         <load_address>0x122aa</load_address>
         <run_address>0x122aa</run_address>
         <size>0x29e</size>
         <input_file_ref idref="fl-da"/>
      </object_component>
      <object_component id="oc-16">
         <name>.debug_info</name>
         <load_address>0x12548</load_address>
         <run_address>0x12548</run_address>
         <size>0x250</size>
         <input_file_ref idref="fl-da"/>
      </object_component>
      <object_component id="oc-37">
         <name>.debug_info</name>
         <load_address>0x12798</load_address>
         <run_address>0x12798</run_address>
         <size>0x60</size>
         <input_file_ref idref="fl-da"/>
      </object_component>
      <object_component id="oc-229">
         <name>.debug_info</name>
         <load_address>0x127f8</load_address>
         <run_address>0x127f8</run_address>
         <size>0x46</size>
         <input_file_ref idref="fl-da"/>
      </object_component>
      <object_component id="oc-d9">
         <name>.debug_info</name>
         <load_address>0x1283e</load_address>
         <run_address>0x1283e</run_address>
         <size>0x39</size>
         <input_file_ref idref="fl-da"/>
      </object_component>
      <object_component id="oc-2f3">
         <name>.debug_info</name>
         <load_address>0x12877</load_address>
         <run_address>0x12877</run_address>
         <size>0x2a4</size>
         <input_file_ref idref="fl-db"/>
      </object_component>
      <object_component id="oc-1f3">
         <name>.debug_info</name>
         <load_address>0x12b1b</load_address>
         <run_address>0x12b1b</run_address>
         <size>0x267</size>
         <input_file_ref idref="fl-db"/>
      </object_component>
      <object_component id="oc-2f5">
         <name>.debug_info</name>
         <load_address>0x12d82</load_address>
         <run_address>0x12d82</run_address>
         <size>0x28f</size>
         <input_file_ref idref="fl-dc"/>
      </object_component>
      <object_component id="oc-1fc">
         <name>.debug_info</name>
         <load_address>0x13011</load_address>
         <run_address>0x13011</run_address>
         <size>0x245</size>
         <input_file_ref idref="fl-dc"/>
      </object_component>
      <object_component id="oc-34b">
         <name>.debug_info</name>
         <load_address>0x13256</load_address>
         <run_address>0x13256</run_address>
         <size>0x3aa</size>
         <input_file_ref idref="fl-dd"/>
      </object_component>
      <object_component id="oc-348">
         <name>.debug_info</name>
         <load_address>0x13600</load_address>
         <run_address>0x13600</run_address>
         <size>0x13a</size>
         <input_file_ref idref="fl-dd"/>
      </object_component>
      <object_component id="oc-2c8">
         <name>.debug_info</name>
         <load_address>0x1373a</load_address>
         <run_address>0x1373a</run_address>
         <size>0x72f</size>
         <input_file_ref idref="fl-dd"/>
      </object_component>
      <object_component id="oc-399">
         <name>.debug_info</name>
         <load_address>0x13e69</load_address>
         <run_address>0x13e69</run_address>
         <size>0x39</size>
         <input_file_ref idref="fl-dd"/>
      </object_component>
      <object_component id="oc-34d">
         <name>.debug_info</name>
         <load_address>0x13ea2</load_address>
         <run_address>0x13ea2</run_address>
         <size>0x2c</size>
         <input_file_ref idref="fl-dd"/>
      </object_component>
      <object_component id="oc-25">
         <name>.debug_info</name>
         <load_address>0x13ece</load_address>
         <run_address>0x13ece</run_address>
         <size>0x10b</size>
         <input_file_ref idref="fl-de"/>
      </object_component>
      <object_component id="oc-60">
         <name>.debug_info</name>
         <load_address>0x13fd9</load_address>
         <run_address>0x13fd9</run_address>
         <size>0x1a9</size>
         <input_file_ref idref="fl-de"/>
      </object_component>
      <object_component id="oc-353">
         <name>.debug_info</name>
         <load_address>0x14182</load_address>
         <run_address>0x14182</run_address>
         <size>0x28d</size>
         <input_file_ref idref="fl-df"/>
      </object_component>
      <object_component id="oc-2ce">
         <name>.debug_info</name>
         <load_address>0x1440f</load_address>
         <run_address>0x1440f</run_address>
         <size>0x327</size>
         <input_file_ref idref="fl-df"/>
      </object_component>
      <object_component id="oc-339">
         <name>.debug_info</name>
         <load_address>0x14736</load_address>
         <run_address>0x14736</run_address>
         <size>0x292</size>
         <input_file_ref idref="fl-e0"/>
      </object_component>
      <object_component id="oc-2b8">
         <name>.debug_info</name>
         <load_address>0x149c8</load_address>
         <run_address>0x149c8</run_address>
         <size>0x380</size>
         <input_file_ref idref="fl-e0"/>
      </object_component>
      <object_component id="oc-35c">
         <name>.debug_info</name>
         <load_address>0x14d48</load_address>
         <run_address>0x14d48</run_address>
         <size>0x28f</size>
         <input_file_ref idref="fl-e1"/>
      </object_component>
      <object_component id="oc-2dd">
         <name>.debug_info</name>
         <load_address>0x14fd7</load_address>
         <run_address>0x14fd7</run_address>
         <size>0x22a</size>
         <input_file_ref idref="fl-e1"/>
      </object_component>
      <object_component id="oc-393">
         <name>.debug_info</name>
         <load_address>0x15201</load_address>
         <run_address>0x15201</run_address>
         <size>0x2fd</size>
         <input_file_ref idref="fl-e2"/>
      </object_component>
      <object_component id="oc-33d">
         <name>.debug_info</name>
         <load_address>0x154fe</load_address>
         <run_address>0x154fe</run_address>
         <size>0x225</size>
         <input_file_ref idref="fl-e2"/>
      </object_component>
      <object_component id="oc-f1">
         <name>.debug_info</name>
         <load_address>0x15723</load_address>
         <run_address>0x15723</run_address>
         <size>0x147</size>
         <input_file_ref idref="fl-e3"/>
      </object_component>
      <object_component id="oc-44">
         <name>.debug_info</name>
         <load_address>0x1586a</load_address>
         <run_address>0x1586a</run_address>
         <size>0x119</size>
         <input_file_ref idref="fl-e4"/>
      </object_component>
      <object_component id="oc-314">
         <name>.debug_info</name>
         <load_address>0x15983</load_address>
         <run_address>0x15983</run_address>
         <size>0x4b3</size>
         <input_file_ref idref="fl-e5"/>
      </object_component>
      <object_component id="oc-246">
         <name>.debug_info</name>
         <load_address>0x15e36</load_address>
         <run_address>0x15e36</run_address>
         <size>0x1a6</size>
         <input_file_ref idref="fl-e5"/>
      </object_component>
      <object_component id="oc-373">
         <name>.debug_info</name>
         <load_address>0x15fdc</load_address>
         <run_address>0x15fdc</run_address>
         <size>0x39</size>
         <input_file_ref idref="fl-e5"/>
      </object_component>
      <object_component id="oc-3a5">
         <name>.debug_info</name>
         <load_address>0x16015</load_address>
         <run_address>0x16015</run_address>
         <size>0x39</size>
         <input_file_ref idref="fl-e5"/>
      </object_component>
      <object_component id="oc-378">
         <name>.debug_info</name>
         <load_address>0x1604e</load_address>
         <run_address>0x1604e</run_address>
         <size>0x39</size>
         <input_file_ref idref="fl-e5"/>
      </object_component>
      <object_component id="oc-37d">
         <name>.debug_info</name>
         <load_address>0x16087</load_address>
         <run_address>0x16087</run_address>
         <size>0xcd</size>
         <input_file_ref idref="fl-e5"/>
      </object_component>
      <object_component id="oc-f8">
         <name>.debug_info</name>
         <load_address>0x16154</load_address>
         <run_address>0x16154</run_address>
         <size>0x153</size>
         <input_file_ref idref="fl-e6"/>
      </object_component>
      <object_component id="oc-23b">
         <name>.debug_info</name>
         <load_address>0x162a7</load_address>
         <run_address>0x162a7</run_address>
         <size>0x122</size>
         <input_file_ref idref="fl-e8"/>
      </object_component>
      <object_component id="oc-3b5">
         <name>.debug_info</name>
         <load_address>0x163c9</load_address>
         <run_address>0x163c9</run_address>
         <size>0x289</size>
         <input_file_ref idref="fl-eb"/>
      </object_component>
      <object_component id="oc-3b2">
         <name>.debug_info</name>
         <load_address>0x16652</load_address>
         <run_address>0x16652</run_address>
         <size>0x10e</size>
         <input_file_ref idref="fl-eb"/>
      </object_component>
      <object_component id="oc-387">
         <name>.debug_info</name>
         <load_address>0x16760</load_address>
         <run_address>0x16760</run_address>
         <size>0x14e</size>
         <input_file_ref idref="fl-eb"/>
      </object_component>
      <object_component id="oc-38e">
         <name>.debug_info</name>
         <load_address>0x168ae</load_address>
         <run_address>0x168ae</run_address>
         <size>0x161</size>
         <input_file_ref idref="fl-ec"/>
      </object_component>
      <object_component id="oc-3ec">
         <name>.debug_info</name>
         <load_address>0x16a0f</load_address>
         <run_address>0x16a0f</run_address>
         <size>0x95</size>
      </object_component>
      <object_component id="oc-2f7">
         <name>.debug_line</name>
         <load_address>0x0</load_address>
         <run_address>0x0</run_address>
         <size>0x180</size>
         <input_file_ref idref="fl-2"/>
      </object_component>
      <object_component id="oc-a0">
         <name>.debug_line</name>
         <load_address>0x180</load_address>
         <run_address>0x180</run_address>
         <size>0x611</size>
         <input_file_ref idref="fl-2"/>
      </object_component>
      <object_component id="oc-c6">
         <name>.debug_line</name>
         <load_address>0x791</load_address>
         <run_address>0x791</run_address>
         <size>0x3e</size>
         <input_file_ref idref="fl-2"/>
      </object_component>
      <object_component id="oc-220">
         <name>.debug_line</name>
         <load_address>0x7cf</load_address>
         <run_address>0x7cf</run_address>
         <size>0x31</size>
         <input_file_ref idref="fl-2"/>
      </object_component>
      <object_component id="oc-d2">
         <name>.debug_line</name>
         <load_address>0x800</load_address>
         <run_address>0x800</run_address>
         <size>0x6e</size>
         <input_file_ref idref="fl-2"/>
      </object_component>
      <object_component id="oc-cb">
         <name>.debug_line</name>
         <load_address>0x86e</load_address>
         <run_address>0x86e</run_address>
         <size>0x20</size>
         <input_file_ref idref="fl-2"/>
      </object_component>
      <object_component id="oc-227">
         <name>.debug_line</name>
         <load_address>0x88e</load_address>
         <run_address>0x88e</run_address>
         <size>0x72</size>
         <input_file_ref idref="fl-2"/>
      </object_component>
      <object_component id="oc-d7">
         <name>.debug_line</name>
         <load_address>0x900</load_address>
         <run_address>0x900</run_address>
         <size>0x6f</size>
         <input_file_ref idref="fl-2"/>
      </object_component>
      <object_component id="oc-2fb">
         <name>.debug_line</name>
         <load_address>0x96f</load_address>
         <run_address>0x96f</run_address>
         <size>0x69</size>
         <input_file_ref idref="fl-2"/>
      </object_component>
      <object_component id="oc-3f">
         <name>.debug_line</name>
         <load_address>0x9d8</load_address>
         <run_address>0x9d8</run_address>
         <size>0x20</size>
         <input_file_ref idref="fl-3"/>
      </object_component>
      <object_component id="oc-2e6">
         <name>.debug_line</name>
         <load_address>0x9f8</load_address>
         <run_address>0x9f8</run_address>
         <size>0x35</size>
         <input_file_ref idref="fl-4"/>
      </object_component>
      <object_component id="oc-88">
         <name>.debug_line</name>
         <load_address>0xa2d</load_address>
         <run_address>0xa2d</run_address>
         <size>0xb1</size>
         <input_file_ref idref="fl-4"/>
      </object_component>
      <object_component id="oc-21c">
         <name>.debug_line</name>
         <load_address>0xade</load_address>
         <run_address>0xade</run_address>
         <size>0x1bd</size>
         <input_file_ref idref="fl-5"/>
      </object_component>
      <object_component id="oc-223">
         <name>.debug_line</name>
         <load_address>0xc9b</load_address>
         <run_address>0xc9b</run_address>
         <size>0x2d</size>
         <input_file_ref idref="fl-5"/>
      </object_component>
      <object_component id="oc-2f">
         <name>.debug_line</name>
         <load_address>0xcc8</load_address>
         <run_address>0xcc8</run_address>
         <size>0x151</size>
         <input_file_ref idref="fl-5"/>
      </object_component>
      <object_component id="oc-219">
         <name>.debug_line</name>
         <load_address>0xe19</load_address>
         <run_address>0xe19</run_address>
         <size>0x3b</size>
         <input_file_ref idref="fl-5"/>
      </object_component>
      <object_component id="oc-233">
         <name>.debug_line</name>
         <load_address>0xe54</load_address>
         <run_address>0xe54</run_address>
         <size>0x6a</size>
         <input_file_ref idref="fl-5"/>
      </object_component>
      <object_component id="oc-308">
         <name>.debug_line</name>
         <load_address>0xebe</load_address>
         <run_address>0xebe</run_address>
         <size>0x74</size>
         <input_file_ref idref="fl-6"/>
      </object_component>
      <object_component id="oc-b1">
         <name>.debug_line</name>
         <load_address>0xf32</load_address>
         <run_address>0xf32</run_address>
         <size>0x245</size>
         <input_file_ref idref="fl-6"/>
      </object_component>
      <object_component id="oc-2e9">
         <name>.debug_line</name>
         <load_address>0x1177</load_address>
         <run_address>0x1177</run_address>
         <size>0x56</size>
         <input_file_ref idref="fl-7"/>
      </object_component>
      <object_component id="oc-8e">
         <name>.debug_line</name>
         <load_address>0x11cd</load_address>
         <run_address>0x11cd</run_address>
         <size>0xf3</size>
         <input_file_ref idref="fl-7"/>
      </object_component>
      <object_component id="oc-2b3">
         <name>.debug_line</name>
         <load_address>0x12c0</load_address>
         <run_address>0x12c0</run_address>
         <size>0x16b</size>
         <input_file_ref idref="fl-8"/>
      </object_component>
      <object_component id="oc-7b">
         <name>.debug_line</name>
         <load_address>0x142b</load_address>
         <run_address>0x142b</run_address>
         <size>0x108</size>
         <input_file_ref idref="fl-8"/>
      </object_component>
      <object_component id="oc-ce">
         <name>.debug_line</name>
         <load_address>0x1533</load_address>
         <run_address>0x1533</run_address>
         <size>0x41</size>
         <input_file_ref idref="fl-9"/>
      </object_component>
      <object_component id="oc-34">
         <name>.debug_line</name>
         <load_address>0x1574</load_address>
         <run_address>0x1574</run_address>
         <size>0x41</size>
         <input_file_ref idref="fl-9"/>
      </object_component>
      <object_component id="oc-2b">
         <name>.debug_line</name>
         <load_address>0x15b5</load_address>
         <run_address>0x15b5</run_address>
         <size>0xa1</size>
         <input_file_ref idref="fl-9"/>
      </object_component>
      <object_component id="oc-32d">
         <name>.debug_line</name>
         <load_address>0x1656</load_address>
         <run_address>0x1656</run_address>
         <size>0xde</size>
         <input_file_ref idref="fl-10"/>
      </object_component>
      <object_component id="oc-12f">
         <name>.debug_line</name>
         <load_address>0x1734</load_address>
         <run_address>0x1734</run_address>
         <size>0xa7</size>
         <input_file_ref idref="fl-10"/>
      </object_component>
[...]
         <name>configurations</name>
         <value>0x230b</value>
         <object_component_ref idref="oc-2d"/>
      </symbol>
      <symbol id="sm-184">
         <name>state_of_processing</name>
         <value>0x20003a63</value>
         <object_component_ref idref="oc-b9"/>
      </symbol>
      <symbol id="sm-185">
         <name>sample_index</name>
         <value>0x20003a60</value>
         <object_component_ref idref="oc-b9"/>
      </symbol>
      <symbol id="sm-186">
         <name>acquisition_buffer</name>
         <value>0x20003a4c</value>
         <object_component_ref idref="oc-b9"/>
      </symbol>
      <symbol id="sm-187">
         <name>count</name>
         <value>0x20003a68</value>
         <object_component_ref idref="oc-b9"/>
      </symbol>
      <symbol id="sm-188">
         <name>packing_buffer_in</name>
         <value>0x20003a50</value>
         <object_component_ref idref="oc-b9"/>
      </symbol>
      <symbol id="sm-189">
         <name>acquired_sample</name>
         <value>0x20003a48</value>
         <object_component_ref idref="oc-b9"/>
      </symbol>
      <symbol id="sm-18a">
         <name>transmit_buffer</name>
         <value>0x20003a58</value>
         <object_component_ref idref="oc-b9"/>
      </symbol>
      <symbol id="sm-18b">
         <name>reset_acquisition</name>
         <value>0x2375</value>
         <object_component_ref idref="oc-2d"/>
      </symbol>
      <symbol id="sm-1be">
         <name>pack_samples_</name>
         <value>0x1eb5</value>
         <object_component_ref idref="oc-b0"/>
      </symbol>
      <symbol id="sm-1bf">
         <name>clear_acquisition_buffer</name>
         <value>0x2103</value>
         <object_component_ref idref="oc-b0"/>
      </symbol>
      <symbol id="sm-1c0">
         <name>copy_streaming_buffer</name>
         <value>0x1d1f</value>
         <object_component_ref idref="oc-b0"/>
      </symbol>
      <symbol id="sm-1c1">
         <name>left_shift_sample_as_uint128</name>
         <value>0x1e41</value>
         <object_component_ref idref="oc-b0"/>
      </symbol>
      <symbol id="sm-1c2">
         <name>send_stream_packet</name>
         <value>0x1fdf</value>
         <object_component_ref idref="oc-b0"/>
      </symbol>
      <symbol id="sm-1c3">
         <name>clear_streaming_buffer</name>
         <value>0x2079</value>
         <object_component_ref idref="oc-b0"/>
      </symbol>
      <symbol id="sm-1c4">
         <name>num_bytes_in_buffer</name>
         <value>0x1ddf</value>
         <object_component_ref idref="oc-b0"/>
      </symbol>
      <symbol id="sm-1c5">
         <name>pack_samples_buffer</name>
         <value>0x1c05</value>
         <object_component_ref idref="oc-b0"/>
      </symbol>
      <symbol id="sm-1c6">
         <name>pack_samples</name>
         <value>0x1f2d</value>
         <object_component_ref idref="oc-b0"/>
      </symbol>
      <symbol id="sm-1c7">
         <name>num_samples_in_buffer</name>
         <value>0x1dc1</value>
         <object_component_ref idref="oc-b0"/>
      </symbol>
      <symbol id="sm-1e6">
         <name>clearStr</name>
         <value>0x31c3</value>
         <object_component_ref idref="oc-8c"/>
      </symbol>
      <symbol id="sm-1e7">
         <name>compareStr</name>
         <value>0x3215</value>
         <object_component_ref idref="oc-8c"/>
      </symbol>
      <symbol id="sm-1e8">
         <name>uartSend</name>
         <value>0x326d</value>
         <object_component_ref idref="oc-8c"/>
      </symbol>
      <symbol id="sm-1e9">
         <name>lengthStr</name>
         <value>0x31f1</value>
         <object_component_ref idref="oc-8c"/>
      </symbol>
      <symbol id="sm-1ea">
         <name>uintToStr</name>
         <value>0x3191</value>
         <object_component_ref idref="oc-8c"/>
      </symbol>
      <symbol id="sm-20b">
         <name>tiva_actual_state_init</name>
         <value>0x24f1</value>
         <object_component_ref idref="oc-7a"/>
      </symbol>
      <symbol id="sm-20c">
         <name>adc_sample_acquisition</name>
         <value>0x269d</value>
         <object_component_ref idref="oc-7a"/>
      </symbol>
      <symbol id="sm-20d">
         <name>configureTimer</name>
         <value>0x260d</value>
         <object_component_ref idref="oc-7a"/>
      </symbol>
      <symbol id="sm-20e">
         <name>configureUART</name>
         <value>0x25bd</value>
         <object_component_ref idref="oc-7a"/>
      </symbol>
      <symbol id="sm-20f">
         <name>configureSelectPins</name>
         <value>0x2595</value>
         <object_component_ref idref="oc-7a"/>
      </symbol>
      <symbol id="sm-210">
         <name>configureADC</name>
         <value>0x254d</value>
         <object_component_ref idref="oc-7a"/>
      </symbol>
      <symbol id="sm-22c">
         <name>ResetISR</name>
         <value>0x3fc9</value>
         <object_component_ref idref="oc-27"/>
      </symbol>
      <symbol id="sm-22d">
         <name>g_pfnVectors</name>
         <value>0x0</value>
         <object_component_ref idref="oc-12"/>
      </symbol>
      <symbol id="sm-280">
         <name>ADCProcessorTrigger</name>
         <value>0x3ea7</value>
         <object_component_ref idref="oc-18b"/>
      </symbol>
      <symbol id="sm-281">
         <name>ADCSequenceEnable</name>
         <value>0x3f5f</value>
         <object_component_ref idref="oc-131"/>
      </symbol>
      <symbol id="sm-282">
         <name>ADCSequenceConfigure</name>
         <value>0x3b3d</value>
         <object_component_ref idref="oc-125"/>
      </symbol>
      <symbol id="sm-283">
         <name>ADCReferenceSet</name>
         <value>0x3fa5</value>
         <object_component_ref idref="oc-11f"/>
      </symbol>
      <symbol id="sm-284">
         <name>ADCSequenceStepConfigure</name>
         <value>0x37e9</value>
         <object_component_ref idref="oc-12b"/>
      </symbol>
      <symbol id="sm-285">
         <name>ADCIntClear</name>
         <value>0x3fd5</value>
         <object_component_ref idref="oc-137"/>
      </symbol>
      <symbol id="sm-286">
         <name>ADCIntStatus</name>
         <value>0x3d49</value>
         <object_component_ref idref="oc-191"/>
      </symbol>
      <symbol id="sm-287">
         <name>ADCSequenceDataGet</name>
         <value>0x3e15</value>
         <object_component_ref idref="oc-197"/>
      </symbol>
      <symbol id="sm-2d1">
         <name>GPIOPinConfigure</name>
         <value>0x3b8d</value>
         <object_component_ref idref="oc-149"/>
      </symbol>
      <symbol id="sm-2d2">
         <name>GPIOPinTypeADC</name>
         <value>0x3f19</value>
         <object_component_ref idref="oc-119"/>
      </symbol>
      <symbol id="sm-2d3">
         <name>GPIOPinTypeUART</name>
         <value>0x3f2b</value>
         <object_component_ref idref="oc-14f"/>
      </symbol>
      <symbol id="sm-2d4">
         <name>GPIOPinTypeGPIOOutput</name>
         <value>0x3ebf</value>
         <object_component_ref idref="oc-13d"/>
      </symbol>
      <symbol id="sm-2d5">
         <name>GPIODirModeSet</name>
         <value>0x3da5</value>
         <object_component_ref idref="oc-27e"/>
      </symbol>
      <symbol id="sm-2d6">
         <name>GPIOPinWrite</name>
         <value>0x400d</value>
         <object_component_ref idref="oc-92"/>
      </symbol>
      <symbol id="sm-2d7">
         <name>GPIOPadConfigSet</name>
         <value>0x2e3f</value>
         <object_component_ref idref="oc-143"/>
      </symbol>
      <symbol id="sm-32b">
         <name>IntPrioritySet</name>
         <value>0x3dd1</value>
         <object_component_ref idref="oc-161"/>
      </symbol>
      <symbol id="sm-32c">
         <name>IntEnable</name>
         <value>0x39b5</value>
         <object_component_ref idref="oc-167"/>
      </symbol>
      <symbol id="sm-32d">
         <name>IntDisable</name>
         <value>0x394d</value>
         <object_component_ref idref="oc-1ec"/>
      </symbol>
      <symbol id="sm-32e">
         <name>IntMasterEnable</name>
         <value>0x3f4f</value>
         <object_component_ref idref="oc-aa"/>
      </symbol>
      <symbol id="sm-380">
         <name>SysCtlClockSet</name>
         <value>0x348d</value>
         <object_component_ref idref="oc-a4"/>
      </symbol>
      <symbol id="sm-381">
         <name>SysCtlDelay</name>
         <value>0x4013</value>
         <object_component_ref idref="oc-200"/>
      </symbol>
      <symbol id="sm-382">
         <name>SysCtlPeripheralEnable</name>
         <value>0x3ce1</value>
         <object_component_ref idref="oc-113"/>
      </symbol>
      <symbol id="sm-383">
         <name>SysCtlClockGet</name>
         <value>0x2f71</value>
         <object_component_ref idref="oc-10d"/>
      </symbol>
      <symbol id="sm-3d8">
         <name>TimerLoadSet</name>
         <value>0x3f3d</value>
         <object_component_ref idref="oc-173"/>
      </symbol>
      <symbol id="sm-3d9">
         <name>TimerDisable</name>
         <value>0x3ed9</value>
         <object_component_ref idref="oc-1e6"/>
      </symbol>
      <symbol id="sm-3da">
         <name>TimerEnable</name>
         <value>0x3f6d</value>
         <object_component_ref idref="oc-185"/>
      </symbol>
      <symbol id="sm-3db">
         <name>TimerValueGet</name>
         <value>0x3fdf</value>
         <object_component_ref idref="oc-80"/>
      </symbol>
      <symbol id="sm-3dc">
         <name>TimerControlTrigger</name>
         <value>0x3ae5</value>
         <object_component_ref idref="oc-179"/>
      </symbol>
      <symbol id="sm-3dd">
         <name>TimerIntEnable</name>
         <value>0x3ff3</value>
         <object_component_ref idref="oc-17f"/>
      </symbol>
      <symbol id="sm-3de">
         <name>TimerConfigure</name>
         <value>0x3a85</value>
         <object_component_ref idref="oc-16d"/>
      </symbol>
      <symbol id="sm-3df">
         <name>TimerIntClear</name>
         <value>0x4019</value>
         <object_component_ref idref="oc-74"/>
      </symbol>
      <symbol id="sm-429">
         <name>UARTConfigSetExpClk</name>
         <value>0x3c1d</value>
         <object_component_ref idref="oc-155"/>
      </symbol>
      <symbol id="sm-42a">
         <name>UARTDisable</name>
         <value>0x3df5</value>
         <object_component_ref idref="oc-293"/>
      </symbol>
      <symbol id="sm-42b">
         <name>UARTIntEnable</name>
         <value>0x3ffb</value>
         <object_component_ref idref="oc-15b"/>
      </symbol>
      <symbol id="sm-42c">
         <name>UARTCharsAvail</name>
         <value>0x3f89</value>
         <object_component_ref idref="oc-1e0"/>
      </symbol>
      <symbol id="sm-42d">
         <name>UARTCharGetNonBlocking</name>
         <value>0x3f7b</value>
         <object_component_ref idref="oc-1da"/>
      </symbol>
      <symbol id="sm-42e">
         <name>UARTCharPut</name>
         <value>0x3fe9</value>
         <object_component_ref idref="oc-1ce"/>
      </symbol>
      <symbol id="sm-42f">
         <name>UARTEnable</name>
         <value>0x3ef1</value>
         <object_component_ref idref="oc-299"/>
      </symbol>
      <symbol id="sm-430">
         <name>UARTIntClear</name>
         <value>0x401d</value>
         <object_component_ref idref="oc-98"/>
      </symbol>
      <symbol id="sm-43a">
         <name>CPUcpsie</name>
         <value>0x3fb1</value>
         <object_component_ref idref="oc-203"/>
      </symbol>
      <symbol id="sm-452">
         <name>roundl</name>
         <value>0x3581</value>
         <object_component_ref idref="oc-1bf"/>
      </symbol>
      <symbol id="sm-453">
         <name>round</name>
         <value>0x3581</value>
         <object_component_ref idref="oc-1bf"/>
      </symbol>
      <symbol id="sm-4a9">
         <name>sin</name>
         <value>0x1641</value>
         <object_component_ref idref="oc-1af"/>
      </symbol>
      <symbol id="sm-4aa">
         <name>sinl</name>
         <value>0x1641</value>
         <object_component_ref idref="oc-1af"/>
      </symbol>
      <symbol id="sm-4c1">
         <name>__aeabi_dsub</name>
         <value>0x2705</value>
         <object_component_ref idref="oc-1b5"/>
      </symbol>
      <symbol id="sm-4c2">
         <name>__aeabi_dadd</name>
         <value>0x270f</value>
         <object_component_ref idref="oc-1b5"/>
      </symbol>
      <symbol id="sm-4e4">
         <name>__aeabi_cdcmpeq</name>
         <value>0x36dd</value>
         <object_component_ref idref="oc-2c2"/>
      </symbol>
      <symbol id="sm-4e5">
         <name>__aeabi_cdcmple</name>
         <value>0x36dd</value>
         <object_component_ref idref="oc-2c2"/>
      </symbol>
      <symbol id="sm-4e6">
         <name>__aeabi_cdrcmple</name>
         <value>0x3763</value>
         <object_component_ref idref="oc-342"/>
      </symbol>
      <symbol id="sm-4fa">
         <name>__aeabi_ddiv</name>
         <value>0x2d09</value>
         <object_component_ref idref="oc-1ba"/>
      </symbol>
      <symbol id="sm-505">
         <name>__aeabi_dmul</name>
         <value>0x3299</value>
         <object_component_ref idref="oc-1a5"/>
      </symbol>
      <symbol id="sm-50f">
         <name>__aeabi_d2iz</name>
         <value>0x3bd5</value>
         <object_component_ref idref="oc-1c5"/>
      </symbol>
      <symbol id="sm-51b">
         <name>__aeabi_d2f</name>
         <value>0x38dd</value>
         <object_component_ref idref="oc-1aa"/>
      </symbol>
      <symbol id="sm-526">
         <name>__aeabi_f2d</name>
         <value>0x3ca9</value>
         <object_component_ref idref="oc-1a0"/>
      </symbol>
      <symbol id="sm-530">
         <name>__aeabi_i2d</name>
         <value>0x3d77</value>
         <object_component_ref idref="oc-2bd"/>
      </symbol>
      <symbol id="sm-539">
         <name>__aeabi_llsl</name>
         <value>0x3e33</value>
         <object_component_ref idref="oc-20a"/>
      </symbol>
      <symbol id="sm-542">
         <name>__aeabi_llsr</name>
         <value>0x3e51</value>
         <object_component_ref idref="oc-20f"/>
      </symbol>
      <symbol id="sm-554">
         <name>__TI_zero_init</name>
         <value>0x3fbd</value>
         <object_component_ref idref="oc-53"/>
      </symbol>
      <symbol id="sm-56b">
         <name>__TI_decompress_none</name>
         <value>0x3f97</value>
         <object_component_ref idref="oc-1b"/>
      </symbol>
      <symbol id="sm-58e">
         <name>__TI_decompress_lzss</name>
         <value>0x3a1d</value>
         <object_component_ref idref="oc-15"/>
      </symbol>
      <symbol id="sm-59e">
         <name>strcat</name>
         <value>0x3e6f</value>
         <object_component_ref idref="oc-1f2"/>
      </symbol>
      <symbol id="sm-5ac">
         <name>strlen</name>
         <value>0x3f05</value>
         <object_component_ref idref="oc-1f8"/>
      </symbol>
      <symbol id="sm-61c">
         <name>__kernel_rem_pio2</name>
         <value>0xf09</value>
         <object_component_ref idref="oc-2c7"/>
      </symbol>
      <symbol id="sm-62f">
         <name>__stack</name>
         <value>0x20003848</value>
         <object_component_ref idref="oc-24"/>
      </symbol>
      <symbol id="sm-630">
         <name>_c_int00_noargs</name>
         <value>0x3d15</value>
         <object_component_ref idref="oc-5f"/>
      </symbol>
      <symbol id="sm-646">
         <name>__kernel_cos</name>
         <value>0x2a31</value>
         <object_component_ref idref="oc-2cd"/>
      </symbol>
      <symbol id="sm-65d">
         <name>__kernel_sin</name>
         <value>0x28bd</value>
         <object_component_ref idref="oc-2b7"/>
      </symbol>
      <symbol id="sm-67a">
         <name>floorl</name>
         <value>0x3395</value>
         <object_component_ref idref="oc-2dc"/>
      </symbol>
      <symbol id="sm-67b">
         <name>floor</name>
         <value>0x3395</value>
         <object_component_ref idref="oc-2dc"/>
      </symbol>
      <symbol id="sm-698">
         <name>scalbn</name>
         <value>0x3081</value>
         <object_component_ref idref="oc-33c"/>
      </symbol>
      <symbol id="sm-699">
         <name>scalbnl</name>
         <value>0x3081</value>
         <object_component_ref idref="oc-33c"/>
      </symbol>
      <symbol id="sm-69a">
         <name>ldexpl</name>
         <value>0x3081</value>
         <object_component_ref idref="oc-33c"/>
      </symbol>
      <symbol id="sm-69b">
         <name>ldexp</name>
         <value>0x3081</value>
         <object_component_ref idref="oc-33c"/>
      </symbol>
      <symbol id="sm-6aa">
         <name>__aeabi_memset</name>
         <value>0x3865</value>
         <object_component_ref idref="oc-ee"/>
      </symbol>
      <symbol id="sm-6ab">
         <name>memset</name>
         <value>0x386b</value>
         <object_component_ref idref="oc-ee"/>
      </symbol>
      <symbol id="sm-6ac">
         <name>__aeabi_memset8</name>
         <value>0x3865</value>
         <object_component_ref idref="oc-ee"/>
      </symbol>
      <symbol id="sm-6ad">
         <name>__aeabi_memset4</name>
         <value>0x3865</value>
         <object_component_ref idref="oc-ee"/>
      </symbol>
      <symbol id="sm-6ae">
         <name>__aeabi_memclr8</name>
         <value>0x3863</value>
         <object_component_ref idref="oc-ee"/>
      </symbol>
      <symbol id="sm-6af">
         <name>__aeabi_memclr4</name>
         <value>0x3863</value>
         <object_component_ref idref="oc-ee"/>
      </symbol>
      <symbol id="sm-6b0">
         <name>__aeabi_memclr</name>
         <value>0x3863</value>
         <object_component_ref idref="oc-ee"/>
      </symbol>
      <symbol id="sm-6cb">
         <name>memcpy</name>
         <value>0x3641</value>
         <object_component_ref idref="oc-41"/>
      </symbol>
      <symbol id="sm-6cc">
         <name>__aeabi_memcpy</name>
         <value>0x3641</value>
         <object_component_ref idref="oc-41"/>
      </symbol>
      <symbol id="sm-6cd">
         <name>__aeabi_memcpy8</name>
         <value>0x3641</value>
         <object_component_ref idref="oc-41"/>
      </symbol>
      <symbol id="sm-6ce">
         <name>__aeabi_memcpy4</name>
         <value>0x3641</value>
         <object_component_ref idref="oc-41"/>
      </symbol>
      <symbol id="sm-6f6">
         <name>__TI_auto_init_nobinit_nopinit</name>
         <value>0x3c65</value>
         <object_component_ref idref="oc-245"/>
      </symbol>
      <symbol id="sm-700">
         <name>_system_pre_init</name>
         <value>0x4021</value>
         <object_component_ref idref="oc-f4"/>
      </symbol>
      <symbol id="sm-70c">
         <name>C$$EXIT</name>
         <value>0x4025</value>
         <object_component_ref idref="oc-239"/>
      </symbol>
      <symbol id="sm-70d">
         <name>abort</name>
         <value>0x4025</value>
         <object_component_ref idref="oc-239"/>
      </symbol>
      <symbol id="sm-725">
         <name>__aeabi_errno_addr</name>
         <value>0x4005</value>
         <object_component_ref idref="oc-386"/>
      </symbol>
      <symbol id="sm-726">
         <name>errno</name>
         <value>0x20003a74</value>
         <object_component_ref idref="oc-3b1"/>
      </symbol>
      <symbol id="sm-730">
         <name>copysign</name>
         <value>0x3e8d</value>
         <object_component_ref idref="oc-38c"/>
      </symbol>
      <symbol id="sm-731">
         <name>copysignl</name>
         <value>0x3e8d</value>
         <object_component_ref idref="oc-38c"/>
      </symbol>
      <symbol id="sm-732">
         <name>__TI_static_base__</name>
         <value>0x0</value>
      </symbol>
      <symbol id="sm-735">
         <name>__mpu_init</name>
         <value>0x0</value>
      </symbol>
      <symbol id="sm-736">
         <name>_system_post_cinit</name>
         <value>0x0</value>
      </symbol>
   </symbol_table>
   <title>Link successful</title>
</link_info>
