******************************************************************************
                  TI ARM Linker PC v20.2.1                     
******************************************************************************
>> Linked Thu Jun 18 23:20:41 2020

OUTPUT FILE NAME:   <EMG2.out>
ENTRY POINT SYMBOL: "_c_int00_noargs"  address: 00003d15


MEMORY CONFIGURATION

         name            origin    length      used     unused   attr    fill
----------------------  --------  ---------  --------  --------  ----  --------
  FLASH                 00000000   00040000  000043d0  0003bc30  R  X
  SRAM                  20000000   00008000  00003a78  00004588  RW X


SEGMENT ALLOCATION MAP

run origin  load origin   length   init length attrs members
----------  ----------- ---------- ----------- ----- -------
00000000    00000000    000043d0   000043d0    r-x
  00000000    00000000    0000026c   0000026c    r-- .intvecs
  0000026c    0000026c    00003dbc   00003dbc    r-x .text
  00004028    00004028    00000360   00000360    r-- .const
  00004388    00004388    00000048   00000048    r-- .cinit
20000000    20000000    00003a78   00000000    rw-
  20000000    20000000    00003848   00000000    rw- .bss
  20003848    20003848    00000200   00000000    rw- .stack
  20003a48    20003a48    00000030   00000000    rw- .data


SECTION ALLOCATION MAP

 output                                  attributes/
section   page    origin      length       input sections
--------  ----  ----------  ----------   ----------------
.intvecs   0    00000000    0000026c     
                  00000000    0000026c     tm4c123gh6pm_startup_ccs.obj (.intvecs)

.text      0    0000026c    00003dbc     
                  0000026c    00000c9a     comunication_protocol.obj (.text)
                  00000f06    00000002     --HOLE-- [fill = 0]
                  00000f08    00000738     rtsv7M4_T_le_v4SPD16_eabi.lib : k_rem_pio2.c.obj (.text:__kernel_rem_pio2)
                  00001640    000005c4                                   : s_sin.c.obj (.text:sin)
                  00001c04    0000053c     streaming_protocol.obj (.text)
                  00002140    000003b0     main.obj (.text)
                  000024f0    00000214     tiva_HAL.obj (.text)
                  00002704    000001b6     rtsv7M4_T_le_v4SPD16_eabi.lib : fd_add_t2.asm.obj (.text)
                  000028ba    00000002     --HOLE-- [fill = 0]
                  000028bc    00000174                                   : k_sin.c.obj (.text:__kernel_sin)
                  00002a30    0000016c                                   : k_cos.c.obj (.text:__kernel_cos)
                  00002b9c    0000016c     function_gen.obj (.text)
                  00002d08    00000136     rtsv7M4_T_le_v4SPD16_eabi.lib : fd_div_t2.asm.obj (.text)
                  00002e3e    00000132     driverlib.lib : gpio.obj (.text:GPIOPadConfigSet)
                  00002f70    00000110                   : sysctl.obj (.text:SysCtlClockGet)
                  00003080    00000110     rtsv7M4_T_le_v4SPD16_eabi.lib : s_scalbn.c.obj (.text:scalbn)
                  00003190    00000108     string_comun_prot.obj (.text)
                  00003298    000000fc     rtsv7M4_T_le_v4SPD16_eabi.lib : fd_mul_t2.asm.obj (.text)
                  00003394    000000f8                                   : s_floor.c.obj (.text:floor)
                  0000348c    000000f4     driverlib.lib : sysctl.obj (.text:SysCtlClockSet)
                  00003580    000000c0     rtsv7M4_T_le_v4SPD16_eabi.lib : s_round.c.obj (.text:round)
                  00003640    0000009c                                   : memcpy_t2.asm.obj (.text)
                  000036dc    00000086                                   : fd_cmp_t2.asm.obj (.text:__aeabi_cdcmple)
                  00003762    00000086                                   : fd_cmp_t2.asm.obj (.text:__aeabi_cdrcmple)
                  000037e8    0000007a     driverlib.lib : adc.obj (.text:ADCSequenceStepConfigure)
                  00003862    0000007a     rtsv7M4_T_le_v4SPD16_eabi.lib : memset_t2.asm.obj (.text)
                  000038dc    0000006e                                   : fd_tos_t2.asm.obj (.text)
                  0000394a    00000002     --HOLE-- [fill = 0]
                  0000394c    00000068     driverlib.lib : interrupt.obj (.text:IntDisable)
                  000039b4    00000068                   : interrupt.obj (.text:IntEnable)
                  00003a1c    00000068     rtsv7M4_T_le_v4SPD16_eabi.lib : copy_decompress_lzss.c.obj (.text:decompress:lzss:__TI_decompress_lzss)
                  00003a84    00000060     driverlib.lib : timer.obj (.text:TimerConfigure)
                  00003ae4    00000058                   : timer.obj (.text:TimerControlTrigger)
                  00003b3c    00000050                   : adc.obj (.text:ADCSequenceConfigure)
                  00003b8c    00000048                   : gpio.obj (.text:GPIOPinConfigure)
                  00003bd4    00000048     rtsv7M4_T_le_v4SPD16_eabi.lib : fd_toi_t2.asm.obj (.text)
                  00003c1c    00000046     driverlib.lib : uart.obj (.text:UARTConfigSetExpClk)
                  00003c62    00000002     --HOLE-- [fill = 0]
                  00003c64    00000044     rtsv7M4_T_le_v4SPD16_eabi.lib : autoinit.c.obj (.text:__TI_auto_init_nobinit_nopinit:__TI_auto_init_nobinit_nopinit)
                  00003ca8    00000038                                   : fs_tod_t2.asm.obj (.text)
                  00003ce0    00000034     driverlib.lib : sysctl.obj (.text:SysCtlPeripheralEnable)
                  00003d14    00000034     rtsv7M4_T_le_v4SPD16_eabi.lib : boot_cortex_m.c.obj (.text:_c_int00_noargs:_c_int00_noargs)
                  00003d48    0000002e     driverlib.lib : adc.obj (.text:ADCIntStatus)
                  00003d76    0000002e     rtsv7M4_T_le_v4SPD16_eabi.lib : i_tofd_t2.asm.obj (.text)
                  00003da4    0000002a     driverlib.lib : gpio.obj (.text:GPIODirModeSet)
                  00003dce    00000002     --HOLE-- [fill = 0]
                  00003dd0    00000024                   : interrupt.obj (.text:IntPrioritySet)
                  00003df4    00000020                   : uart.obj (.text:UARTDisable)
                  00003e14    0000001e                   : adc.obj (.text:ADCSequenceDataGet)
                  00003e32    0000001e     rtsv7M4_T_le_v4SPD16_eabi.lib : ll_lsl_t2.asm.obj (.text)
                  00003e50    0000001e                                   : ll_lsr_t2.asm.obj (.text)
                  00003e6e    0000001e                                   : strcat.c.obj (.text:strcat)
                  00003e8c    0000001a                                   : s_copysign.c.obj (.text:copysign)
                  00003ea6    00000018     driverlib.lib : adc.obj (.text:ADCProcessorTrigger)
                  00003ebe    00000018                   : gpio.obj (.text:GPIOPinTypeGPIOOutput)
                  00003ed6    00000002     --HOLE-- [fill = 0]
                  00003ed8    00000018                   : timer.obj (.text:TimerDisable)
                  00003ef0    00000014                   : uart.obj (.text:UARTEnable)
                  00003f04    00000014     rtsv7M4_T_le_v4SPD16_eabi.lib : strlen.c.obj (.text:strlen)
                  00003f18    00000012     driverlib.lib : gpio.obj (.text:GPIOPinTypeADC)
                  00003f2a    00000012                   : gpio.obj (.text:GPIOPinTypeUART)
                  00003f3c    00000012                   : timer.obj (.text:TimerLoadSet)
                  00003f4e    00000010                   : interrupt.obj (.text:IntMasterEnable)
                  00003f5e    0000000e                   : adc.obj (.text:ADCSequenceEnable)
                  00003f6c    0000000e                   : timer.obj (.text:TimerEnable)
                  00003f7a    0000000e                   : uart.obj (.text:UARTCharGetNonBlocking)
                  00003f88    0000000e                   : uart.obj (.text:UARTCharsAvail)
                  00003f96    0000000e     rtsv7M4_T_le_v4SPD16_eabi.lib : copy_decompress_none.c.obj (.text:decompress:none:__TI_decompress_none)
                  00003fa4    0000000c     driverlib.lib : adc.obj (.text:ADCReferenceSet)
                  00003fb0    0000000c                   : cpu.obj (.text:CPUcpsie)
                  00003fbc    0000000c     rtsv7M4_T_le_v4SPD16_eabi.lib : copy_zero_init.c.obj (.text:decompress:ZI:__TI_zero_init)
                  00003fc8    0000000c     tm4c123gh6pm_startup_ccs.obj (.text)
                  00003fd4    0000000a     driverlib.lib : adc.obj (.text:ADCIntClear)
                  00003fde    0000000a                   : timer.obj (.text:TimerValueGet)
                  00003fe8    0000000a                   : uart.obj (.text:UARTCharPut)
                  00003ff2    00000008                   : timer.obj (.text:TimerIntEnable)
                  00003ffa    00000008                   : uart.obj (.text:UARTIntEnable)
                  00004002    00000002     --HOLE-- [fill = 0]
                  00004004    00000008     rtsv7M4_T_le_v4SPD16_eabi.lib : errno.c.obj (.text:__aeabi_errno_addr)
                  0000400c    00000006     driverlib.lib : gpio.obj (.text:GPIOPinWrite)
                  00004012    00000006                   : sysctl.obj (.text:SysCtlDelay)
                  00004018    00000004                   : timer.obj (.text:TimerIntClear)
                  0000401c    00000004                   : uart.obj (.text:UARTIntClear)
                  00004020    00000004     rtsv7M4_T_le_v4SPD16_eabi.lib : pre_init.c.obj (.text:_system_pre_init)
                  00004024    00000004                                   : exit.c.obj (.text:abort:abort)

.const     0    00004028    00000360     
                  00004028    00000158     rtsv7M4_T_le_v4SPD16_eabi.lib : k_rem_pio2.c.obj (.const:$O1$$)
                  00004180    0000009c     driverlib.lib : interrupt.obj (.const:g_pui32Regs)
                  0000421c    00000090                   : gpio.obj (.const:g_pui32GPIOBaseAddrs)
                  000042ac    00000070                   : interrupt.obj (.const)
                  0000431c    0000006c                   : sysctl.obj (.const:g_pui32Xtals)

.cinit     0    00004388    00000048     
                  00004388    0000001e     (.cinit..data.load) [load image, compression = lzss]
                  000043a6    00000002     --HOLE-- [fill = 0]
                  000043a8    0000000c     (__TI_handler_table)
                  000043b4    00000004     --HOLE-- [fill = 0]
                  000043b8    00000008     (.cinit..bss.load) [load image, compression = zero_init]
                  000043c0    00000010     (__TI_cinit_table)

.init_array 
*          0    00000000    00000000     UNINITIALIZED

.bss       0    20000000    00003848     UNINITIALIZED
                  20000000    00001000     (.common:acquis_pingpong_buf_0)
                  20001000    00001000     (.common:acquis_pingpong_buf_1)
                  20002000    00000c00     (.common:stream_pigpong_buf_0)
                  20002c00    00000c00     (.common:stream_pigpong_buf_1)
                  20003800    00000024     (.common:tiva_actual_state)
                  20003824    00000020     (.common:string_streaming_buffer)
                  20003844    00000004     (.common:mux_channel)

.data      0    20003a48    00000030     UNINITIALIZED
                  20003a48    00000024     main.obj (.data)
                  20003a6c    00000008     function_gen.obj (.data)
                  20003a74    00000004     rtsv7M4_T_le_v4SPD16_eabi.lib : errno.c.obj (.data)

.stack     0    20003848    00000200     UNINITIALIZED
                  20003848    00000004     rtsv7M4_T_le_v4SPD16_eabi.lib : boot_cortex_m.c.obj (.stack)
                  2000384c    000001fc     --HOLE--

__llvm_prf_cnts 
*          0    20000000    00000000     UNINITIALIZED

MODULE SUMMARY

       Module                         code    ro data   rw data
       ------                         ----    -------   -------
    .\
       main.obj                       944     0         14444  
       comunication_protocol.obj      3226    0         0      
       streaming_protocol.obj         1340    0         0      
       tm4c123gh6pm_startup_ccs.obj   12      620       0      
       tiva_HAL.obj                   532     0         0      
       function_gen.obj               364     0         8      
       string_comun_prot.obj          264     0         0      
    +--+------------------------------+-------+---------+---------+
       Total:                         6682    620       14452  
                                                               
    C:/ti/TivaWare_C_Series-2.1.4.178/driverlib/ccs/Debug/driverlib.lib
       sysctl.obj                     574     108       0      
       gpio.obj                       486     144       0      
       interrupt.obj                  260     268       0      
       adc.obj                        338     0         0      
       timer.obj                      262     0         0      
       uart.obj                       172     0         0      
       cpu.obj                        12      0         0      
    +--+------------------------------+-------+---------+---------+
       Total:                         2104    520       0      
                                                               
    C:\ti\ccs930\ccs\tools\compiler\ti-cgt-arm_20.2.1.LTS\lib\rtsv7M4_T_le_v4SPD16_eabi.lib
       k_rem_pio2.c.obj               1848    344       0      
       s_sin.c.obj                    1476    0         0      
       fd_add_t2.asm.obj              438     0         0      
       k_sin.c.obj                    372     0         0      
       k_cos.c.obj                    364     0         0      
       fd_div_t2.asm.obj              310     0         0      
       s_scalbn.c.obj                 272     0         0      
       fd_cmp_t2.asm.obj              268     0         0      
       fd_mul_t2.asm.obj              252     0         0      
       s_floor.c.obj                  248     0         0      
       s_round.c.obj                  192     0         0      
       memcpy_t2.asm.obj              156     0         0      
       memset_t2.asm.obj              122     0         0      
       fd_tos_t2.asm.obj              110     0         0      
       copy_decompress_lzss.c.obj     104     0         0      
       fd_toi_t2.asm.obj              72      0         0      
       autoinit.c.obj                 68      0         0      
       fs_tod_t2.asm.obj              56      0         0      
       boot_cortex_m.c.obj            52      0         0      
       i_tofd_t2.asm.obj              46      0         0      
       ll_lsl_t2.asm.obj              30      0         0      
       ll_lsr_t2.asm.obj              30      0         0      
       strcat.c.obj                   30      0         0      
       s_copysign.c.obj               26      0         0      
       strlen.c.obj                   20      0         0      
       copy_decompress_none.c.obj     14      0         0      
       copy_zero_init.c.obj           12      0         0      
       errno.c.obj                    8       0         4      
       exit.c.obj                     4       0         0      
       pre_init.c.obj                 4       0         0      
    +--+------------------------------+-------+---------+---------+
       Total:                         7004    344       4      
                                                               
       Stack:                         0       0         512    
       Linker Generated:              0       66        0      
    +--+------------------------------+-------+---------+---------+
       Grand Total:                   15790   1550      14968  


LINKER GENERATED COPY TABLES

__TI_cinit_table @ 000043c0 records: 2, size/record: 8, table size: 16
	.data: load addr=00004388, load size=0000001e bytes, run addr=20003a48, run size=00000030 bytes, compression=lzss
	.bss: load addr=000043b8, load size=00000008 bytes, run addr=20000000, run size=00003848 bytes, compression=zero_init


LINKER GENERATED HANDLER TABLE

__TI_handler_table @ 000043a8 records: 3, size/record: 4, table size: 12
	index: 0, handler: __TI_decompress_lzss
	index: 1, handler: __TI_decompress_none
	index: 2, handler: __TI_zero_init


GLOBAL SYMBOLS: SORTED ALPHABETICALLY BY Name 

address   name                          
-------   ----                          
00003fd5  ADCIntClear                   
00003d49  ADCIntStatus                  
00003ea7  ADCProcessorTrigger           
00003fa5  ADCReferenceSet               
00003b3d  ADCSequenceConfigure          
00003e15  ADCSequenceDataGet            
00003f5f  ADCSequenceEnable             
000037e9  ADCSequenceStepConfigure      
00004025  C$$EXIT                       
00003fb1  CPUcpsie                      
00003da5  GPIODirModeSet                
00002e3f  GPIOPadConfigSet              
00003b8d  GPIOPinConfigure              
00003f19  GPIOPinTypeADC                
00003ebf  GPIOPinTypeGPIOOutput         
00003f2b  GPIOPinTypeUART               
0000400d  GPIOPinWrite                  
0000394d  IntDisable                    
000039b5  IntEnable                     
00003f4f  IntMasterEnable               
00003dd1  IntPrioritySet                
00003fc9  ResetISR                      
00002f71  SysCtlClockGet                
0000348d  SysCtlClockSet                
00004013  SysCtlDelay                   
00003ce1  SysCtlPeripheralEnable        
00003a85  TimerConfigure                
00003ae5  TimerControlTrigger           
00003ed9  TimerDisable                  
00003f6d  TimerEnable                   
00004019  TimerIntClear                 
00003ff3  TimerIntEnable                
00003f3d  TimerLoadSet                  
00003fdf  TimerValueGet                 
00003f7b  UARTCharGetNonBlocking        
00003fe9  UARTCharPut                   
00003f89  UARTCharsAvail                
00003c1d  UARTConfigSetExpClk           
00003df5  UARTDisable                   
00003ef1  UARTEnable                    
0000401d  UARTIntClear                  
00003ffb  UARTIntEnable                 
20003a48  __STACK_END                   
00000200  __STACK_SIZE                  
20003a48  __STACK_TOP                   
000043c0  __TI_CINIT_Base               
000043d0  __TI_CINIT_Limit              
000043a8  __TI_Handler_Table_Base       
000043b4  __TI_Handler_Table_Limit      
00003c65  __TI_auto_init_nobinit_nopinit
00003a1d  __TI_decompress_lzss          
00003f97  __TI_decompress_none          
ffffffff  __TI_pprof_out_hndl           
ffffffff  __TI_prof_data_size           
ffffffff  __TI_prof_data_start          
00000000  __TI_static_base__            
00003fbd  __TI_zero_init                
000036dd  __aeabi_cdcmpeq               
000036dd  __aeabi_cdcmple               
00003763  __aeabi_cdrcmple              
000038dd  __aeabi_d2f                   
00003bd5  __aeabi_d2iz                  
0000270f  __aeabi_dadd                  
00002d09  __aeabi_ddiv                  
00003299  __aeabi_dmul                  
00002705  __aeabi_dsub                  
00004005  __aeabi_errno_addr            
00003ca9  __aeabi_f2d                   
00003d77  __aeabi_i2d                   
00003e33  __aeabi_llsl                  
00003e51  __aeabi_llsr                  
00003863  __aeabi_memclr                
00003863  __aeabi_memclr4               
00003863  __aeabi_memclr8               
00003641  __aeabi_memcpy                
00003641  __aeabi_memcpy4               
00003641  __aeabi_memcpy8               
00003865  __aeabi_memset                
00003865  __aeabi_memset4               
00003865  __aeabi_memset8               
ffffffff  __binit__                     
ffffffff  __c_args__                    
00002a31  __kernel_cos                  
00000f09  __kernel_rem_pio2             
000028bd  __kernel_sin                  
UNDEFED   __mpu_init                    
20003848  __stack                       
20000000  __start___llvm_prf_cnts       
20000000  __stop___llvm_prf_cnts        
00003d15  _c_int00_noargs               
UNDEFED   _system_post_cinit            
00004021  _system_pre_init              
00004025  abort                         
000004ef  acknowledgment                
20003a48  acquired_sample               
20000000  acquis_pingpong_buf_0         
20001000  acquis_pingpong_buf_1         
20003a4c  acquisition_buffer            
0000269d  adc_sample_acquisition        
ffffffff  binit                         
20003a5c  board_index                   
20003a5e  channel_index                 
000031c3  clearStr                      
00002103  clear_acquisition_buffer      
00002079  clear_streaming_buffer        
0000026d  command_handler               
00003215  compareStr                    
0000230b  configurations                
0000254d  configureADC                  
00002595  configureSelectPins           
0000260d  configureTimer                
000025bd  configureUART                 
00001d1f  copy_streaming_buffer         
00003e8d  copysign                      
00003e8d  copysignl                     
20003a68  count                         
20003a74  errno                         
00003395  floor                         
00003395  floorl                        
00002b9d  function_gen                  
00000000  g_pfnVectors                  
00000c59  get_bits_per_sample           
00000c25  get_func_gen_frequency        
00000c3f  get_func_gen_wave_form        
00000d05  get_maximum_bytes_in_pkt      
00000cf1  get_maximum_fucgen_freq       
00000d4f  get_minimum_bytes_in_pkt      
00000bf1  get_number_of_boards          
00000c0b  get_number_of_bytes_in_packet 
00000bd7  get_number_of_channels        
00000bbd  get_sample_rate               
00000ba1  get_transmission_mode         
00000e59  itoa                          
00003081  ldexp                         
00003081  ldexpl                        
00001e41  left_shift_sample_as_uint128  
000031f1  lengthStr                     
00002415  main                          
00003641  memcpy                        
0000386b  memset                        
00000d9d  msg_generator                 
20003844  mux_channel                   
20003a64  mux_channel_index             
00000505  not_acknowledgment            
00001ddf  num_bytes_in_buffer           
00001dc1  num_samples_in_buffer         
00001f2d  pack_samples                  
00001eb5  pack_samples_                 
00001c05  pack_samples_buffer           
20003a50  packing_buffer_in             
20003a54  packing_buffer_out            
20003a6c  pecent_of_period              
20003a70  period_Func_Gen_              
00000465  recieve_packet                
00002375  reset_acquisition             
00003581  round                         
00003581  roundl                        
20003a60  sample_index                  
00002cb7  sawtooth_wave_gen             
00003081  scalbn                        
00003081  scalbnl                       
00000423  send_packet                   
00001fdf  send_stream_packet            
00000b15  set_bits_per_sample           
0000051b  set_func_gen_frequency        
0000075d  set_number_of_acquis_boards   
000008d5  set_number_of_bytes_in_packet 
000006cd  set_number_of_channels        
00000615  set_sample_rate               
000005b9  set_transmission_mode         
00001641  sin                           
00002c1f  sin_wave_gen                  
00001641  sinl                          
00002c8f  square_wave_gen               
000004c1  start_trasmission             
20003a63  state_of_processing           
20003a62  state_of_tx_pkt               
000004d3  stop_trasmission              
00003e6f  strcat                        
20002000  stream_pigpong_buf_0          
20002c00  stream_pigpong_buf_1          
20003824  string_streaming_buffer       
00003f05  strlen                        
00002141  timer0AInterrupt              
20003800  tiva_actual_state             
000024f1  tiva_actual_state_init        
20003a58  transmit_buffer               
000022ed  uart0Interrupt                
0000326d  uartSend                      
00003191  uintToStr                     


GLOBAL SYMBOLS: SORTED BY Symbol Address 

address   name                          
-------   ----                          
00000000  __TI_static_base__            
00000000  g_pfnVectors                  
00000200  __STACK_SIZE                  
0000026d  command_handler               
00000423  send_packet                   
00000465  recieve_packet                
000004c1  start_trasmission             
000004d3  stop_trasmission              
000004ef  acknowledgment                
00000505  not_acknowledgment            
0000051b  set_func_gen_frequency        
000005b9  set_transmission_mode         
00000615  set_sample_rate               
000006cd  set_number_of_channels        
0000075d  set_number_of_acquis_boards   
000008d5  set_number_of_bytes_in_packet 
00000b15  set_bits_per_sample           
00000ba1  get_transmission_mode         
00000bbd  get_sample_rate               
00000bd7  get_number_of_channels        
00000bf1  get_number_of_boards          
00000c0b  get_number_of_bytes_in_packet 
00000c25  get_func_gen_frequency        
00000c3f  get_func_gen_wave_form        
00000c59  get_bits_per_sample           
00000cf1  get_maximum_fucgen_freq       
00000d05  get_maximum_bytes_in_pkt      
00000d4f  get_minimum_bytes_in_pkt      
00000d9d  msg_generator                 
00000e59  itoa                          
00000f09  __kernel_rem_pio2             
00001641  sin                           
00001641  sinl                          
00001c05  pack_samples_buffer           
00001d1f  copy_streaming_buffer         
00001dc1  num_samples_in_buffer         
00001ddf  num_bytes_in_buffer           
00001e41  left_shift_sample_as_uint128  
00001eb5  pack_samples_                 
00001f2d  pack_samples                  
00001fdf  send_stream_packet            
00002079  clear_streaming_buffer        
00002103  clear_acquisition_buffer      
00002141  timer0AInterrupt              
000022ed  uart0Interrupt                
0000230b  configurations                
00002375  reset_acquisition             
00002415  main                          
000024f1  tiva_actual_state_init        
0000254d  configureADC                  
00002595  configureSelectPins           
000025bd  configureUART                 
0000260d  configureTimer                
0000269d  adc_sample_acquisition        
00002705  __aeabi_dsub                  
0000270f  __aeabi_dadd                  
000028bd  __kernel_sin                  
00002a31  __kernel_cos                  
00002b9d  function_gen                  
00002c1f  sin_wave_gen                  
00002c8f  square_wave_gen               
00002cb7  sawtooth_wave_gen             
00002d09  __aeabi_ddiv                  
00002e3f  GPIOPadConfigSet              
00002f71  SysCtlClockGet                
00003081  ldexp                         
00003081  ldexpl                        
00003081  scalbn                        
00003081  scalbnl                       
00003191  uintToStr                     
000031c3  clearStr                      
000031f1  lengthStr                     
00003215  compareStr                    
0000326d  uartSend                      
00003299  __aeabi_dmul                  
00003395  floor                         
00003395  floorl                        
0000348d  SysCtlClockSet                
00003581  round                         
00003581  roundl                        
00003641  __aeabi_memcpy                
00003641  __aeabi_memcpy4               
00003641  __aeabi_memcpy8               
00003641  memcpy                        
000036dd  __aeabi_cdcmpeq               
000036dd  __aeabi_cdcmple               
00003763  __aeabi_cdrcmple              
000037e9  ADCSequenceStepConfigure      
00003863  __aeabi_memclr                
00003863  __aeabi_memclr4               
00003863  __aeabi_memclr8               
00003865  __aeabi_memset                
00003865  __aeabi_memset4               
00003865  __aeabi_memset8               
0000386b  memset                        
000038dd  __aeabi_d2f                   
0000394d  IntDisable                    
000039b5  IntEnable                     
00003a1d  __TI_decompress_lzss          
00003a85  TimerConfigure                
00003ae5  TimerControlTrigger           
00003b3d  ADCSequenceConfigure          
00003b8d  GPIOPinConfigure              
00003bd5  __aeabi_d2iz                  
00003c1d  UARTConfigSetExpClk           
00003c65  __TI_auto_init_nobinit_nopinit
00003ca9  __aeabi_f2d                   
00003ce1  SysCtlPeripheralEnable        
00003d15  _c_int00_noargs               
00003d49  ADCIntStatus                  
00003d77  __aeabi_i2d                   
00003da5  GPIODirModeSet                
00003dd1  IntPrioritySet                
00003df5  UARTDisable                   
00003e15  ADCSequenceDataGet            
00003e33  __aeabi_llsl                  
00003e51  __aeabi_llsr                  
00003e6f  strcat                        
00003e8d  copysign                      
00003e8d  copysignl                     
00003ea7  ADCProcessorTrigger           
00003ebf  GPIOPinTypeGPIOOutput         
00003ed9  TimerDisable                  
00003ef1  UARTEnable                    
00003f05  strlen                        
00003f19  GPIOPinTypeADC                
00003f2b  GPIOPinTypeUART               
00003f3d  TimerLoadSet                  
00003f4f  IntMasterEnable               
00003f5f  ADCSequenceEnable             
00003f6d  TimerEnable                   
00003f7b  UARTCharGetNonBlocking        
00003f89  UARTCharsAvail                
00003f97  __TI_decompress_none          
00003fa5  ADCReferenceSet               
00003fb1  CPUcpsie                      
00003fbd  __TI_zero_init                
00003fc9  ResetISR                      
00003fd5  ADCIntClear                   
00003fdf  TimerValueGet                 
00003fe9  UARTCharPut                   
00003ff3  TimerIntEnable                
00003ffb  UARTIntEnable                 
00004005  __aeabi_errno_addr            
0000400d  GPIOPinWrite                  
00004013  SysCtlDelay                   
00004019  TimerIntClear                 
0000401d  UARTIntClear                  
00004021  _system_pre_init              
00004025  C$$EXIT                       
00004025  abort                         
000043a8  __TI_Handler_Table_Base       
000043b4  __TI_Handler_Table_Limit      
000043c0  __TI_CINIT_Base               
000043d0  __TI_CINIT_Limit              
20000000  __start___llvm_prf_cnts       
20000000  __stop___llvm_prf_cnts        
20000000  acquis_pingpong_buf_0         
20001000  acquis_pingpong_buf_1         
20002000  stream_pigpong_buf_0          
20002c00  stream_pigpong_buf_1          
20003800  tiva_actual_state             
20003824  string_streaming_buffer       
20003844  mux_channel                   
20003848  __stack                       
20003a48  __STACK_END                   
20003a48  __STACK_TOP                   
20003a48  acquired_sample               
20003a4c  acquisition_buffer            
20003a50  packing_buffer_in             
20003a54  packing_buffer_out            
20003a58  transmit_buffer               
20003a5c  board_index                   
20003a5e  channel_index                 
20003a60  sample_index                  
20003a62  state_of_tx_pkt               
20003a63  state_of_processing           
20003a64  mux_channel_index             
20003a68  count                         
20003a6c  pecent_of_period              
20003a70  period_Func_Gen_              
20003a74  errno                         
ffffffff  __TI_pprof_out_hndl           
ffffffff  __TI_prof_data_size           
ffffffff  __TI_prof_data_start          
ffffffff  __binit__                     
ffffffff  __c_args__                    
ffffffff  binit                         
UNDEFED   __mpu_init                    
UNDEFED   _system_post_cinit            

[190 symbols]
