******************************************************************************
                  TI ARM Linker PC v20.2.1                     
******************************************************************************
>> Linked Thu Oct 22 21:50:24 2020

OUTPUT FILE NAME:   <EMG2.out>
ENTRY POINT SYMBOL: "_c_int00_noargs"  address: 00003e1d


MEMORY CONFIGURATION

         name            origin    length      used     unused   attr    fill
----------------------  --------  ---------  --------  --------  ----  --------
  FLASH                 00000000   00040000  000044d8  0003bb28  R  X
  SRAM                  20000000   00008000  00005688  00002978  RW X


SEGMENT ALLOCATION MAP

run origin  load origin   length   init length attrs members
----------  ----------- ---------- ----------- ----- -------
00000000    00000000    000044d8   000044d8    r-x
  00000000    00000000    0000026c   0000026c    r-- .intvecs
  0000026c    0000026c    00003ec4   00003ec4    r-x .text
  00004130    00004130    00000360   00000360    r-- .const
  00004490    00004490    00000048   00000048    r-- .cinit
20000000    20000000    0000568c   00000000    rw-
  20000000    20000000    00005454   00000000    rw- .bss
  20005458    20005458    00000200   00000000    rw- .stack
  20005658    20005658    00000034   00000000    rw- .data


SECTION ALLOCATION MAP

 output                                  attributes/
section   page    origin      length       input sections
--------  ----  ----------  ----------   ----------------
.intvecs   0    00000000    0000026c     
                  00000000    0000026c     tm4c123gh6pm_startup_ccs.obj (.intvecs)

.text      0    0000026c    00003ec4     
                  0000026c    00000cf6     comunication_protocol.obj (.text)
                  00000f62    00000002     --HOLE-- [fill = 0]
                  00000f64    00000738     rtsv7M4_T_le_v4SPD16_eabi.lib : k_rem_pio2.c.obj (.text:__kernel_rem_pio2)
                  0000169c    000005c4                                   : s_sin.c.obj (.text:sin)
                  00001c60    0000053c     streaming_protocol.obj (.text)
                  0000219c    000003e4     main.obj (.text)
                  00002580    0000028c     tiva_HAL.obj (.text)
                  0000280c    000001b6     rtsv7M4_T_le_v4SPD16_eabi.lib : fd_add_t2.asm.obj (.text)
                  000029c2    00000002     --HOLE-- [fill = 0]
                  000029c4    00000174                                   : k_sin.c.obj (.text:__kernel_sin)
                  00002b38    0000016c                                   : k_cos.c.obj (.text:__kernel_cos)
                  00002ca4    0000016c     function_gen.obj (.text)
                  00002e10    00000136     rtsv7M4_T_le_v4SPD16_eabi.lib : fd_div_t2.asm.obj (.text)
                  00002f46    00000132     driverlib.lib : gpio.obj (.text:GPIOPadConfigSet)
                  00003078    00000110                   : sysctl.obj (.text:SysCtlClockGet)
                  00003188    00000110     rtsv7M4_T_le_v4SPD16_eabi.lib : s_scalbn.c.obj (.text:scalbn)
                  00003298    00000108     string_comun_prot.obj (.text)
                  000033a0    000000fc     rtsv7M4_T_le_v4SPD16_eabi.lib : fd_mul_t2.asm.obj (.text)
                  0000349c    000000f8                                   : s_floor.c.obj (.text:floor)
                  00003594    000000f4     driverlib.lib : sysctl.obj (.text:SysCtlClockSet)
                  00003688    000000c0     rtsv7M4_T_le_v4SPD16_eabi.lib : s_round.c.obj (.text:round)
                  00003748    0000009c                                   : memcpy_t2.asm.obj (.text)
                  000037e4    00000086                                   : fd_cmp_t2.asm.obj (.text:__aeabi_cdcmple)
                  0000386a    00000086                                   : fd_cmp_t2.asm.obj (.text:__aeabi_cdrcmple)
                  000038f0    0000007a     driverlib.lib : adc.obj (.text:ADCSequenceStepConfigure)
                  0000396a    0000007a     rtsv7M4_T_le_v4SPD16_eabi.lib : memset_t2.asm.obj (.text)
                  000039e4    0000006e                                   : fd_tos_t2.asm.obj (.text)
                  00003a52    00000002     --HOLE-- [fill = 0]
                  00003a54    00000068     driverlib.lib : interrupt.obj (.text:IntDisable)
                  00003abc    00000068                   : interrupt.obj (.text:IntEnable)
                  00003b24    00000068     rtsv7M4_T_le_v4SPD16_eabi.lib : copy_decompress_lzss.c.obj (.text:decompress:lzss:__TI_decompress_lzss)
                  00003b8c    00000060     driverlib.lib : timer.obj (.text:TimerConfigure)
                  00003bec    00000058                   : timer.obj (.text:TimerControlTrigger)
                  00003c44    00000050                   : adc.obj (.text:ADCSequenceConfigure)
                  00003c94    00000048                   : gpio.obj (.text:GPIOPinConfigure)
                  00003cdc    00000048     rtsv7M4_T_le_v4SPD16_eabi.lib : fd_toi_t2.asm.obj (.text)
                  00003d24    00000046     driverlib.lib : uart.obj (.text:UARTConfigSetExpClk)
                  00003d6a    00000002     --HOLE-- [fill = 0]
                  00003d6c    00000044     rtsv7M4_T_le_v4SPD16_eabi.lib : autoinit.c.obj (.text:__TI_auto_init_nobinit_nopinit:__TI_auto_init_nobinit_nopinit)
                  00003db0    00000038                                   : fs_tod_t2.asm.obj (.text)
                  00003de8    00000034     driverlib.lib : sysctl.obj (.text:SysCtlPeripheralEnable)
                  00003e1c    00000034     rtsv7M4_T_le_v4SPD16_eabi.lib : boot_cortex_m.c.obj (.text:_c_int00_noargs:_c_int00_noargs)
                  00003e50    0000002e     driverlib.lib : adc.obj (.text:ADCIntStatus)
                  00003e7e    0000002e     rtsv7M4_T_le_v4SPD16_eabi.lib : i_tofd_t2.asm.obj (.text)
                  00003eac    0000002a     driverlib.lib : gpio.obj (.text:GPIODirModeSet)
                  00003ed6    00000002     --HOLE-- [fill = 0]
                  00003ed8    00000024                   : interrupt.obj (.text:IntPrioritySet)
                  00003efc    00000020                   : uart.obj (.text:UARTDisable)
                  00003f1c    0000001e                   : adc.obj (.text:ADCSequenceDataGet)
                  00003f3a    0000001e     rtsv7M4_T_le_v4SPD16_eabi.lib : ll_lsl_t2.asm.obj (.text)
                  00003f58    0000001e                                   : ll_lsr_t2.asm.obj (.text)
                  00003f76    0000001e                                   : strcat.c.obj (.text:strcat)
                  00003f94    0000001a                                   : s_copysign.c.obj (.text:copysign)
                  00003fae    00000018     driverlib.lib : adc.obj (.text:ADCProcessorTrigger)
                  00003fc6    00000018                   : gpio.obj (.text:GPIOPinTypeGPIOOutput)
                  00003fde    00000002     --HOLE-- [fill = 0]
                  00003fe0    00000018                   : timer.obj (.text:TimerDisable)
                  00003ff8    00000014                   : uart.obj (.text:UARTEnable)
                  0000400c    00000014     rtsv7M4_T_le_v4SPD16_eabi.lib : strlen.c.obj (.text:strlen)
                  00004020    00000012     driverlib.lib : gpio.obj (.text:GPIOPinTypeADC)
                  00004032    00000012                   : gpio.obj (.text:GPIOPinTypeUART)
                  00004044    00000012                   : timer.obj (.text:TimerLoadSet)
                  00004056    00000010                   : interrupt.obj (.text:IntMasterEnable)
                  00004066    0000000e                   : adc.obj (.text:ADCSequenceEnable)
                  00004074    0000000e                   : timer.obj (.text:TimerEnable)
                  00004082    0000000e                   : uart.obj (.text:UARTCharGetNonBlocking)
                  00004090    0000000e                   : uart.obj (.text:UARTCharsAvail)
                  0000409e    0000000e     rtsv7M4_T_le_v4SPD16_eabi.lib : copy_decompress_none.c.obj (.text:decompress:none:__TI_decompress_none)
                  000040ac    0000000c     driverlib.lib : adc.obj (.text:ADCReferenceSet)
                  000040b8    0000000c                   : cpu.obj (.text:CPUcpsie)
                  000040c4    0000000c     rtsv7M4_T_le_v4SPD16_eabi.lib : copy_zero_init.c.obj (.text:decompress:ZI:__TI_zero_init)
                  000040d0    0000000c     tm4c123gh6pm_startup_ccs.obj (.text)
                  000040dc    0000000a     driverlib.lib : adc.obj (.text:ADCIntClear)
                  000040e6    0000000a                   : timer.obj (.text:TimerValueGet)
                  000040f0    0000000a                   : uart.obj (.text:UARTCharPut)
                  000040fa    00000008                   : timer.obj (.text:TimerIntEnable)
                  00004102    00000008                   : uart.obj (.text:UARTIntEnable)
                  0000410a    00000002     --HOLE-- [fill = 0]
                  0000410c    00000008     rtsv7M4_T_le_v4SPD16_eabi.lib : errno.c.obj (.text:__aeabi_errno_addr)
                  00004114    00000006     driverlib.lib : gpio.obj (.text:GPIOPinWrite)
                  0000411a    00000006                   : sysctl.obj (.text:SysCtlDelay)
                  00004120    00000004                   : timer.obj (.text:TimerIntClear)
                  00004124    00000004                   : uart.obj (.text:UARTIntClear)
                  00004128    00000004     rtsv7M4_T_le_v4SPD16_eabi.lib : pre_init.c.obj (.text:_system_pre_init)
                  0000412c    00000004                                   : exit.c.obj (.text:abort:abort)

.const     0    00004130    00000360     
                  00004130    00000158     rtsv7M4_T_le_v4SPD16_eabi.lib : k_rem_pio2.c.obj (.const:$O1$$)
                  00004288    0000009c     driverlib.lib : interrupt.obj (.const:g_pui32Regs)
                  00004324    00000090                   : gpio.obj (.const:g_pui32GPIOBaseAddrs)
                  000043b4    00000070                   : interrupt.obj (.const)
                  00004424    0000006c                   : sysctl.obj (.const:g_pui32Xtals)

.cinit     0    00004490    00000048     
                  00004490    00000022     (.cinit..data.load) [load image, compression = lzss]
                  000044b2    00000002     --HOLE-- [fill = 0]
                  000044b4    0000000c     (__TI_handler_table)
                  000044c0    00000008     (.cinit..bss.load) [load image, compression = zero_init]
                  000044c8    00000010     (__TI_cinit_table)

.init_array 
*          0    00000000    00000000     UNINITIALIZED

.bss       0    20000000    00005454     UNINITIALIZED
                  20000000    00001800     (.common:acquis_pingpong_buf_0)
                  20001800    00001800     (.common:acquis_pingpong_buf_1)
                  20003000    00001200     (.common:stream_pigpong_buf_0)
                  20004200    00001200     (.common:stream_pigpong_buf_1)
                  20005400    00000030     (.common:string_streaming_buffer)
                  20005430    00000024     (.common:tiva_actual_state)

.data      0    20005658    00000034     UNINITIALIZED
                  20005658    00000020     main.obj (.data)
                  20005678    00000008     function_gen.obj (.data)
                  20005680    00000004     main.obj (.data:acq_boards)
                  20005684    00000004     main.obj (.data:mux_channels)
                  20005688    00000004     rtsv7M4_T_le_v4SPD16_eabi.lib : errno.c.obj (.data)

.stack     0    20005458    00000200     UNINITIALIZED
                  20005458    00000004     rtsv7M4_T_le_v4SPD16_eabi.lib : boot_cortex_m.c.obj (.stack)
                  2000545c    000001fc     --HOLE--

__llvm_prf_cnts 
*          0    20000000    00000000     UNINITIALIZED

MODULE SUMMARY

       Module                         code    ro data   rw data
       ------                         ----    -------   -------
    .\
       main.obj                       996     0         21628  
       comunication_protocol.obj      3318    0         0      
       streaming_protocol.obj         1340    0         0      
       tiva_HAL.obj                   652     0         0      
       tm4c123gh6pm_startup_ccs.obj   12      620       0      
       function_gen.obj               364     0         8      
       string_comun_prot.obj          264     0         0      
    +--+------------------------------+-------+---------+---------+
       Total:                         6946    620       21636  
                                                               
    C:/ti/TivaWare_C_Series-2.1.4.178/driverlib/ccs/Debug/driverlib.lib
       sysctl.obj                     574     108       0      
       gpio.obj                       486     144       0      
       interrupt.obj                  260     268       0      
       adc.obj                        338     0         0      
       timer.obj                      262     0         0      
       uart.obj                       172     0         0      
       cpu.obj                        12      0         0      
    +--+------------------------------+-------+---------+---------+
       Total:                         2104    520       0      
                                                               
    C:\ti\ccs930\ccs\tools\compiler\ti-cgt-arm_20.2.1.LTS\lib\rtsv7M4_T_le_v4SPD16_eabi.lib
       k_rem_pio2.c.obj               1848    344       0      
       s_sin.c.obj                    1476    0         0      
       fd_add_t2.asm.obj              438     0         0      
       k_sin.c.obj                    372     0         0      
       k_cos.c.obj                    364     0         0      
       fd_div_t2.asm.obj              310     0         0      
       s_scalbn.c.obj                 272     0         0      
       fd_cmp_t2.asm.obj              268     0         0      
       fd_mul_t2.asm.obj              252     0         0      
       s_floor.c.obj                  248     0         0      
       s_round.c.obj                  192     0         0      
       memcpy_t2.asm.obj              156     0         0      
       memset_t2.asm.obj              122     0         0      
       fd_tos_t2.asm.obj              110     0         0      
       copy_decompress_lzss.c.obj     104     0         0      
       fd_toi_t2.asm.obj              72      0         0      
       autoinit.c.obj                 68      0         0      
       fs_tod_t2.asm.obj              56      0         0      
       boot_cortex_m.c.obj            52      0         0      
       i_tofd_t2.asm.obj              46      0         0      
       ll_lsl_t2.asm.obj              30      0         0      
       ll_lsr_t2.asm.obj              30      0         0      
       strcat.c.obj                   30      0         0      
       s_copysign.c.obj               26      0         0      
       strlen.c.obj                   20      0         0      
       copy_decompress_none.c.obj     14      0         0      
       copy_zero_init.c.obj           12      0         0      
       errno.c.obj                    8       0         4      
       exit.c.obj                     4       0         0      
       pre_init.c.obj                 4       0         0      
    +--+------------------------------+-------+---------+---------+
       Total:                         7004    344       4      
                                                               
       Stack:                         0       0         512    
       Linker Generated:              0       70        0      
    +--+------------------------------+-------+---------+---------+
       Grand Total:                   16054   1554      22152  


LINKER GENERATED COPY TABLES

__TI_cinit_table @ 000044c8 records: 2, size/record: 8, table size: 16
	.data: load addr=00004490, load size=00000022 bytes, run addr=20005658, run size=00000034 bytes, compression=lzss
	.bss: load addr=000044c0, load size=00000008 bytes, run addr=20000000, run size=00005454 bytes, compression=zero_init


LINKER GENERATED HANDLER TABLE

__TI_handler_table @ 000044b4 records: 3, size/record: 4, table size: 12
	index: 0, handler: __TI_decompress_lzss
	index: 1, handler: __TI_decompress_none
	index: 2, handler: __TI_zero_init


GLOBAL SYMBOLS: SORTED ALPHABETICALLY BY Name 

address   name                          
-------   ----                          
000040dd  ADCIntClear                   
00003e51  ADCIntStatus                  
00003faf  ADCProcessorTrigger           
000040ad  ADCReferenceSet               
00003c45  ADCSequenceConfigure          
00003f1d  ADCSequenceDataGet            
00004067  ADCSequenceEnable             
000038f1  ADCSequenceStepConfigure      
0000412d  C$$EXIT                       
000040b9  CPUcpsie                      
00003ead  GPIODirModeSet                
00002f47  GPIOPadConfigSet              
00003c95  GPIOPinConfigure              
00004021  GPIOPinTypeADC                
00003fc7  GPIOPinTypeGPIOOutput         
00004033  GPIOPinTypeUART               
00004115  GPIOPinWrite                  
00003a55  IntDisable                    
00003abd  IntEnable                     
00004057  IntMasterEnable               
00003ed9  IntPrioritySet                
000040d1  ResetISR                      
00003079  SysCtlClockGet                
00003595  SysCtlClockSet                
0000411b  SysCtlDelay                   
00003de9  SysCtlPeripheralEnable        
00003b8d  TimerConfigure                
00003bed  TimerControlTrigger           
00003fe1  TimerDisable                  
00004075  TimerEnable                   
00004121  TimerIntClear                 
000040fb  TimerIntEnable                
00004045  TimerLoadSet                  
000040e7  TimerValueGet                 
00004083  UARTCharGetNonBlocking        
000040f1  UARTCharPut                   
00004091  UARTCharsAvail                
00003d25  UARTConfigSetExpClk           
00003efd  UARTDisable                   
00003ff9  UARTEnable                    
00004125  UARTIntClear                  
00004103  UARTIntEnable                 
20005658  __STACK_END                   
00000200  __STACK_SIZE                  
20005658  __STACK_TOP                   
000044c8  __TI_CINIT_Base               
000044d8  __TI_CINIT_Limit              
000044b4  __TI_Handler_Table_Base       
000044c0  __TI_Handler_Table_Limit      
00003d6d  __TI_auto_init_nobinit_nopinit
00003b25  __TI_decompress_lzss          
0000409f  __TI_decompress_none          
ffffffff  __TI_pprof_out_hndl           
ffffffff  __TI_prof_data_size           
ffffffff  __TI_prof_data_start          
00000000  __TI_static_base__            
000040c5  __TI_zero_init                
000037e5  __aeabi_cdcmpeq               
000037e5  __aeabi_cdcmple               
0000386b  __aeabi_cdrcmple              
000039e5  __aeabi_d2f                   
00003cdd  __aeabi_d2iz                  
00002817  __aeabi_dadd                  
00002e11  __aeabi_ddiv                  
000033a1  __aeabi_dmul                  
0000280d  __aeabi_dsub                  
0000410d  __aeabi_errno_addr            
00003db1  __aeabi_f2d                   
00003e7f  __aeabi_i2d                   
00003f3b  __aeabi_llsl                  
00003f59  __aeabi_llsr                  
0000396b  __aeabi_memclr                
0000396b  __aeabi_memclr4               
0000396b  __aeabi_memclr8               
00003749  __aeabi_memcpy                
00003749  __aeabi_memcpy4               
00003749  __aeabi_memcpy8               
0000396d  __aeabi_memset                
0000396d  __aeabi_memset4               
0000396d  __aeabi_memset8               
ffffffff  __binit__                     
ffffffff  __c_args__                    
00002b39  __kernel_cos                  
00000f65  __kernel_rem_pio2             
000029c5  __kernel_sin                  
UNDEFED   __mpu_init                    
20005458  __stack                       
20000000  __start___llvm_prf_cnts       
20000000  __stop___llvm_prf_cnts        
00003e1d  _c_int00_noargs               
UNDEFED   _system_post_cinit            
00004129  _system_pre_init              
0000412d  abort                         
000004f5  acknowledgment                
20005680  acq_boards                    
20005658  acquired_sample               
20000000  acquis_pingpong_buf_0         
20001800  acquis_pingpong_buf_1         
2000565c  acquisition_buffer            
00002745  adc_sample_acquisition        
00002779  adc_set_acq_board             
ffffffff  binit                         
20005673  board_index                   
2000566c  channel_index                 
000032cb  clearStr                      
0000215f  clear_acquisition_buffer      
000020d5  clear_streaming_buffer        
0000026d  command_handler               
0000331d  compareStr                    
0000237f  configurations                
000025dd  configureADC                  
0000263d  configureSelectPins           
000026b5  configureTimer                
00002665  configureUART                 
00001d7b  copy_streaming_buffer         
00003f95  copysign                      
00003f95  copysignl                     
20005674  count                         
20005688  errno                         
0000349d  floor                         
0000349d  floorl                        
00002ca5  function_gen                  
00000000  g_pfnVectors                  
00000cb7  get_bits_per_sample           
00000c83  get_func_gen_frequency        
00000c9d  get_func_gen_wave_form        
00000ce5  get_maximum_bytes_in_pkt      
00000cd1  get_maximum_fucgen_freq       
00000d35  get_minimum_bytes_in_pkt      
00000beb  get_number_of_boards          
00000c69  get_number_of_bytes_in_packet 
00000bd1  get_number_of_channels        
00000bb7  get_sample_rate               
00000b9b  get_transmission_mode         
00000eb7  itoa                          
00003189  ldexp                         
00003189  ldexpl                        
00001e9d  left_shift_sample_as_uint128  
000032f9  lengthStr                     
000024b5  main                          
00003749  memcpy                        
00003973  memset                        
00000e01  msg_generator                 
20005672  mux_channel_index             
20005684  mux_channels                  
0000050b  not_acknowledgment            
00001e3b  num_bytes_in_buffer           
00001e1d  num_samples_in_buffer         
00001f89  pack_samples                  
00001f11  pack_samples_                 
00001c61  pack_samples_buffer           
20005660  packing_buffer_in             
20005664  packing_buffer_out            
20005678  pecent_of_period              
2000567c  period_Func_Gen_              
00000465  recieve_packet                
000023e9  reset_acquisition             
00003689  round                         
00003689  roundl                        
2000566e  sample_index                  
00002dbf  sawtooth_wave_gen             
00003189  scalbn                        
00003189  scalbnl                       
00000423  send_packet                   
0000203b  send_stream_packet            
00000b0f  set_bits_per_sample           
00000521  set_func_gen_frequency        
00000879  set_number_of_acquis_boards   
00000a6b  set_number_of_bytes_in_packet 
000006d5  set_number_of_channels        
00000619  set_sample_rate               
000005bf  set_transmission_mode         
0000169d  sin                           
00002d27  sin_wave_gen                  
0000169d  sinl                          
00002d97  square_wave_gen               
000004c1  start_trasmission             
20005671  state_of_processing           
20005670  state_of_tx_pkt               
000004d3  stop_trasmission              
00003f77  strcat                        
20003000  stream_pigpong_buf_0          
20004200  stream_pigpong_buf_1          
20005400  string_streaming_buffer       
0000400d  strlen                        
0000219d  timer0AInterrupt              
20005430  tiva_actual_state             
00002581  tiva_actual_state_init        
20005668  transmit_buffer               
00002361  uart0Interrupt                
00003375  uartSend                      
00003299  uintToStr                     


GLOBAL SYMBOLS: SORTED BY Symbol Address 

address   name                          
-------   ----                          
00000000  __TI_static_base__            
00000000  g_pfnVectors                  
00000200  __STACK_SIZE                  
0000026d  command_handler               
00000423  send_packet                   
00000465  recieve_packet                
000004c1  start_trasmission             
000004d3  stop_trasmission              
000004f5  acknowledgment                
0000050b  not_acknowledgment            
00000521  set_func_gen_frequency        
000005bf  set_transmission_mode         
00000619  set_sample_rate               
000006d5  set_number_of_channels        
00000879  set_number_of_acquis_boards   
00000a6b  set_number_of_bytes_in_packet 
00000b0f  set_bits_per_sample           
00000b9b  get_transmission_mode         
00000bb7  get_sample_rate               
00000bd1  get_number_of_channels        
00000beb  get_number_of_boards          
00000c69  get_number_of_bytes_in_packet 
00000c83  get_func_gen_frequency        
00000c9d  get_func_gen_wave_form        
00000cb7  get_bits_per_sample           
00000cd1  get_maximum_fucgen_freq       
00000ce5  get_maximum_bytes_in_pkt      
00000d35  get_minimum_bytes_in_pkt      
00000e01  msg_generator                 
00000eb7  itoa                          
00000f65  __kernel_rem_pio2             
0000169d  sin                           
0000169d  sinl                          
00001c61  pack_samples_buffer           
00001d7b  copy_streaming_buffer         
00001e1d  num_samples_in_buffer         
00001e3b  num_bytes_in_buffer           
00001e9d  left_shift_sample_as_uint128  
00001f11  pack_samples_                 
00001f89  pack_samples                  
0000203b  send_stream_packet            
000020d5  clear_streaming_buffer        
0000215f  clear_acquisition_buffer      
0000219d  timer0AInterrupt              
00002361  uart0Interrupt                
0000237f  configurations                
000023e9  reset_acquisition             
000024b5  main                          
00002581  tiva_actual_state_init        
000025dd  configureADC                  
0000263d  configureSelectPins           
00002665  configureUART                 
000026b5  configureTimer                
00002745  adc_sample_acquisition        
00002779  adc_set_acq_board             
0000280d  __aeabi_dsub                  
00002817  __aeabi_dadd                  
000029c5  __kernel_sin                  
00002b39  __kernel_cos                  
00002ca5  function_gen                  
00002d27  sin_wave_gen                  
00002d97  square_wave_gen               
00002dbf  sawtooth_wave_gen             
00002e11  __aeabi_ddiv                  
00002f47  GPIOPadConfigSet              
00003079  SysCtlClockGet                
00003189  ldexp                         
00003189  ldexpl                        
00003189  scalbn                        
00003189  scalbnl                       
00003299  uintToStr                     
000032cb  clearStr                      
000032f9  lengthStr                     
0000331d  compareStr                    
00003375  uartSend                      
000033a1  __aeabi_dmul                  
0000349d  floor                         
0000349d  floorl                        
00003595  SysCtlClockSet                
00003689  round                         
00003689  roundl                        
00003749  __aeabi_memcpy                
00003749  __aeabi_memcpy4               
00003749  __aeabi_memcpy8               
00003749  memcpy                        
000037e5  __aeabi_cdcmpeq               
000037e5  __aeabi_cdcmple               
0000386b  __aeabi_cdrcmple              
000038f1  ADCSequenceStepConfigure      
0000396b  __aeabi_memclr                
0000396b  __aeabi_memclr4               
0000396b  __aeabi_memclr8               
0000396d  __aeabi_memset                
0000396d  __aeabi_memset4               
0000396d  __aeabi_memset8               
00003973  memset                        
000039e5  __aeabi_d2f                   
00003a55  IntDisable                    
00003abd  IntEnable                     
00003b25  __TI_decompress_lzss          
00003b8d  TimerConfigure                
00003bed  TimerControlTrigger           
00003c45  ADCSequenceConfigure          
00003c95  GPIOPinConfigure              
00003cdd  __aeabi_d2iz                  
00003d25  UARTConfigSetExpClk           
00003d6d  __TI_auto_init_nobinit_nopinit
00003db1  __aeabi_f2d                   
00003de9  SysCtlPeripheralEnable        
00003e1d  _c_int00_noargs               
00003e51  ADCIntStatus                  
00003e7f  __aeabi_i2d                   
00003ead  GPIODirModeSet                
00003ed9  IntPrioritySet                
00003efd  UARTDisable                   
00003f1d  ADCSequenceDataGet            
00003f3b  __aeabi_llsl                  
00003f59  __aeabi_llsr                  
00003f77  strcat                        
00003f95  copysign                      
00003f95  copysignl                     
00003faf  ADCProcessorTrigger           
00003fc7  GPIOPinTypeGPIOOutput         
00003fe1  TimerDisable                  
00003ff9  UARTEnable                    
0000400d  strlen                        
00004021  GPIOPinTypeADC                
00004033  GPIOPinTypeUART               
00004045  TimerLoadSet                  
00004057  IntMasterEnable               
00004067  ADCSequenceEnable             
00004075  TimerEnable                   
00004083  UARTCharGetNonBlocking        
00004091  UARTCharsAvail                
0000409f  __TI_decompress_none          
000040ad  ADCReferenceSet               
000040b9  CPUcpsie                      
000040c5  __TI_zero_init                
000040d1  ResetISR                      
000040dd  ADCIntClear                   
000040e7  TimerValueGet                 
000040f1  UARTCharPut                   
000040fb  TimerIntEnable                
00004103  UARTIntEnable                 
0000410d  __aeabi_errno_addr            
00004115  GPIOPinWrite                  
0000411b  SysCtlDelay                   
00004121  TimerIntClear                 
00004125  UARTIntClear                  
00004129  _system_pre_init              
0000412d  C$$EXIT                       
0000412d  abort                         
000044b4  __TI_Handler_Table_Base       
000044c0  __TI_Handler_Table_Limit      
000044c8  __TI_CINIT_Base               
000044d8  __TI_CINIT_Limit              
20000000  __start___llvm_prf_cnts       
20000000  __stop___llvm_prf_cnts        
20000000  acquis_pingpong_buf_0         
20001800  acquis_pingpong_buf_1         
20003000  stream_pigpong_buf_0          
20004200  stream_pigpong_buf_1          
20005400  string_streaming_buffer       
20005430  tiva_actual_state             
20005458  __stack                       
20005658  __STACK_END                   
20005658  __STACK_TOP                   
20005658  acquired_sample               
2000565c  acquisition_buffer            
20005660  packing_buffer_in             
20005664  packing_buffer_out            
20005668  transmit_buffer               
2000566c  channel_index                 
2000566e  sample_index                  
20005670  state_of_tx_pkt               
20005671  state_of_processing           
20005672  mux_channel_index             
20005673  board_index                   
20005674  count                         
20005678  pecent_of_period              
2000567c  period_Func_Gen_              
20005680  acq_boards                    
20005684  mux_channels                  
20005688  errno                         
ffffffff  __TI_pprof_out_hndl           
ffffffff  __TI_prof_data_size           
ffffffff  __TI_prof_data_start          
ffffffff  __binit__                     
ffffffff  __c_args__                    
ffffffff  binit                         
UNDEFED   __mpu_init                    
UNDEFED   _system_post_cinit            

[192 symbols]
