******************************************************************************
                  TI ARM Linker PC v20.2.1                     
******************************************************************************
>> Linked Wed Jun 10 16:04:34 2020

OUTPUT FILE NAME:   <EMG2.out>
ENTRY POINT SYMBOL: "_c_int00_noargs"  address: 000039f5


MEMORY CONFIGURATION

         name            origin    length      used     unused   attr    fill
----------------------  --------  ---------  --------  --------  ----  --------
  FLASH                 00000000   00040000  00004074  0003bf8c  R  X
  SRAM                  20000000   00008000  0000729c  00000d64  RW X


SEGMENT ALLOCATION MAP

run origin  load origin   length   init length attrs members
----------  ----------- ---------- ----------- ----- -------
00000000    00000000    00004078   00004078    r-x
  00000000    00000000    0000026c   0000026c    r-- .intvecs
  0000026c    0000026c    00003a68   00003a68    r-x .text
  00003cd8    00003cd8    00000360   00000360    r-- .const
  00004038    00004038    00000040   00000040    r-- .cinit
20000000    20000000    000072a0   00000000    rw-
  20000000    20000000    0000706c   00000000    rw- .bss
  20007070    20007070    00000200   00000000    rw- .stack
  20007270    20007270    00000030   00000000    rw- .data


SECTION ALLOCATION MAP

 output                                  attributes/
section   page    origin      length       input sections
--------  ----  ----------  ----------   ----------------
.intvecs   0    00000000    0000026c     
                  00000000    0000026c     tm4c123gh6pm_startup_ccs.obj (.intvecs)

.text      0    0000026c    00003a68     
                  0000026c    0000097c     comunication_protocol.obj (.text)
                  00000be8    00000738     rtsv7M4_T_le_v4SPD16_eabi.lib : k_rem_pio2.c.obj (.text:__kernel_rem_pio2)
                  00001320    000005c4                                   : s_sin.c.obj (.text:sin)
                  000018e4    0000053c     streaming_protocol.obj (.text)
                  00001e20    000003b0     main.obj (.text)
                  000021d0    00000214     tiva_HAL.obj (.text)
                  000023e4    000001b6     rtsv7M4_T_le_v4SPD16_eabi.lib : fd_add_t2.asm.obj (.text)
                  0000259a    00000002     --HOLE-- [fill = 0]
                  0000259c    00000174                                   : k_sin.c.obj (.text:__kernel_sin)
                  00002710    0000016c                                   : k_cos.c.obj (.text:__kernel_cos)
                  0000287c    0000016c     function_gen.obj (.text)
                  000029e8    00000136     rtsv7M4_T_le_v4SPD16_eabi.lib : fd_div_t2.asm.obj (.text)
                  00002b1e    00000132     driverlib.lib : gpio.obj (.text:GPIOPadConfigSet)
                  00002c50    00000110                   : sysctl.obj (.text:SysCtlClockGet)
                  00002d60    00000110     rtsv7M4_T_le_v4SPD16_eabi.lib : s_scalbn.c.obj (.text:scalbn)
                  00002e70    00000108     string_comun_prot.obj (.text)
                  00002f78    000000fc     rtsv7M4_T_le_v4SPD16_eabi.lib : fd_mul_t2.asm.obj (.text)
                  00003074    000000f8                                   : s_floor.c.obj (.text:floor)
                  0000316c    000000f4     driverlib.lib : sysctl.obj (.text:SysCtlClockSet)
                  00003260    000000c0     rtsv7M4_T_le_v4SPD16_eabi.lib : s_round.c.obj (.text:round)
                  00003320    0000009c                                   : memcpy_t2.asm.obj (.text)
                  000033bc    00000086                                   : fd_cmp_t2.asm.obj (.text:__aeabi_cdcmple)
                  00003442    00000086                                   : fd_cmp_t2.asm.obj (.text:__aeabi_cdrcmple)
                  000034c8    0000007a     driverlib.lib : adc.obj (.text:ADCSequenceStepConfigure)
                  00003542    0000007a     rtsv7M4_T_le_v4SPD16_eabi.lib : memset_t2.asm.obj (.text)
                  000035bc    0000006e                                   : fd_tos_t2.asm.obj (.text)
                  0000362a    00000002     --HOLE-- [fill = 0]
                  0000362c    00000068     driverlib.lib : interrupt.obj (.text:IntDisable)
                  00003694    00000068                   : interrupt.obj (.text:IntEnable)
                  000036fc    00000068     rtsv7M4_T_le_v4SPD16_eabi.lib : copy_decompress_lzss.c.obj (.text:decompress:lzss:__TI_decompress_lzss)
                  00003764    00000060     driverlib.lib : timer.obj (.text:TimerConfigure)
                  000037c4    00000058                   : timer.obj (.text:TimerControlTrigger)
                  0000381c    00000050                   : adc.obj (.text:ADCSequenceConfigure)
                  0000386c    00000048                   : gpio.obj (.text:GPIOPinConfigure)
                  000038b4    00000048     rtsv7M4_T_le_v4SPD16_eabi.lib : fd_toi_t2.asm.obj (.text)
                  000038fc    00000046     driverlib.lib : uart.obj (.text:UARTConfigSetExpClk)
                  00003942    00000002     --HOLE-- [fill = 0]
                  00003944    00000044     rtsv7M4_T_le_v4SPD16_eabi.lib : autoinit.c.obj (.text:__TI_auto_init_nobinit_nopinit:__TI_auto_init_nobinit_nopinit)
                  00003988    00000038                                   : fs_tod_t2.asm.obj (.text)
                  000039c0    00000034     driverlib.lib : sysctl.obj (.text:SysCtlPeripheralEnable)
                  000039f4    00000034     rtsv7M4_T_le_v4SPD16_eabi.lib : boot_cortex_m.c.obj (.text:_c_int00_noargs:_c_int00_noargs)
                  00003a28    0000002e     driverlib.lib : adc.obj (.text:ADCIntStatus)
                  00003a56    0000002e     rtsv7M4_T_le_v4SPD16_eabi.lib : i_tofd_t2.asm.obj (.text)
                  00003a84    0000002a     driverlib.lib : gpio.obj (.text:GPIODirModeSet)
                  00003aae    00000002     --HOLE-- [fill = 0]
                  00003ab0    00000024                   : interrupt.obj (.text:IntPrioritySet)
                  00003ad4    00000020                   : uart.obj (.text:UARTDisable)
                  00003af4    0000001e                   : adc.obj (.text:ADCSequenceDataGet)
                  00003b12    0000001e     rtsv7M4_T_le_v4SPD16_eabi.lib : ll_lsl_t2.asm.obj (.text)
                  00003b30    0000001e                                   : ll_lsr_t2.asm.obj (.text)
                  00003b4e    0000001a                                   : s_copysign.c.obj (.text:copysign)
                  00003b68    00000018     driverlib.lib : adc.obj (.text:ADCProcessorTrigger)
                  00003b80    00000018                   : gpio.obj (.text:GPIOPinTypeGPIOOutput)
                  00003b98    00000018                   : timer.obj (.text:TimerDisable)
                  00003bb0    00000014                   : uart.obj (.text:UARTEnable)
                  00003bc4    00000012                   : gpio.obj (.text:GPIOPinTypeADC)
                  00003bd6    00000012                   : gpio.obj (.text:GPIOPinTypeUART)
                  00003be8    00000012                   : timer.obj (.text:TimerLoadSet)
                  00003bfa    00000010                   : interrupt.obj (.text:IntMasterEnable)
                  00003c0a    0000000e                   : adc.obj (.text:ADCSequenceEnable)
                  00003c18    0000000e                   : timer.obj (.text:TimerEnable)
                  00003c26    0000000e                   : uart.obj (.text:UARTCharGetNonBlocking)
                  00003c34    0000000e                   : uart.obj (.text:UARTCharsAvail)
                  00003c42    0000000e     rtsv7M4_T_le_v4SPD16_eabi.lib : copy_decompress_none.c.obj (.text:decompress:none:__TI_decompress_none)
                  00003c50    0000000c     driverlib.lib : adc.obj (.text:ADCReferenceSet)
                  00003c5c    0000000c                   : cpu.obj (.text:CPUcpsie)
                  00003c68    0000000c     rtsv7M4_T_le_v4SPD16_eabi.lib : copy_zero_init.c.obj (.text:decompress:ZI:__TI_zero_init)
                  00003c74    0000000c     tm4c123gh6pm_startup_ccs.obj (.text)
                  00003c80    0000000a     driverlib.lib : adc.obj (.text:ADCIntClear)
                  00003c8a    0000000a                   : timer.obj (.text:TimerValueGet)
                  00003c94    0000000a                   : uart.obj (.text:UARTCharPut)
                  00003c9e    00000008                   : timer.obj (.text:TimerIntEnable)
                  00003ca6    00000008                   : uart.obj (.text:UARTIntEnable)
                  00003cae    00000002     --HOLE-- [fill = 0]
                  00003cb0    00000008     rtsv7M4_T_le_v4SPD16_eabi.lib : errno.c.obj (.text:__aeabi_errno_addr)
                  00003cb8    00000006     driverlib.lib : gpio.obj (.text:GPIOPinWrite)
                  00003cbe    00000006                   : sysctl.obj (.text:SysCtlDelay)
                  00003cc4    00000004                   : timer.obj (.text:TimerIntClear)
                  00003cc8    00000004                   : uart.obj (.text:UARTIntClear)
                  00003ccc    00000004     rtsv7M4_T_le_v4SPD16_eabi.lib : pre_init.c.obj (.text:_system_pre_init)
                  00003cd0    00000004                                   : exit.c.obj (.text:abort:abort)

.const     0    00003cd8    00000360     
                  00003cd8    00000158     rtsv7M4_T_le_v4SPD16_eabi.lib : k_rem_pio2.c.obj (.const:$O1$$)
                  00003e30    0000009c     driverlib.lib : interrupt.obj (.const:g_pui32Regs)
                  00003ecc    00000090                   : gpio.obj (.const:g_pui32GPIOBaseAddrs)
                  00003f5c    00000070                   : interrupt.obj (.const)
                  00003fcc    0000006c                   : sysctl.obj (.const:g_pui32Xtals)

.cinit     0    00004038    00000040     
                  00004038    0000001c     (.cinit..data.load) [load image, compression = lzss]
                  00004054    0000000c     (__TI_handler_table)
                  00004060    00000008     (.cinit..bss.load) [load image, compression = zero_init]
                  00004068    00000010     (__TI_cinit_table)

.init_array 
*          0    00000000    00000000     UNINITIALIZED

.bss       0    20000000    0000706c     UNINITIALIZED
                  20000000    00002000     (.common:acquis_pingpong_buf_0)
                  20002000    00002000     (.common:acquis_pingpong_buf_1)
                  20004000    00001800     (.common:stream_pigpong_buf_0)
                  20005800    00001800     (.common:stream_pigpong_buf_1)
                  20007000    00000040     (.common:string_streaming_buffer)
                  20007040    00000024     (.common:tiva_actual_state)
                  20007064    00000008     (.common:mux_channel)

.data      0    20007270    00000030     UNINITIALIZED
                  20007270    00000024     main.obj (.data)
                  20007294    00000008     function_gen.obj (.data)
                  2000729c    00000004     rtsv7M4_T_le_v4SPD16_eabi.lib : errno.c.obj (.data)

.stack     0    20007070    00000200     UNINITIALIZED
                  20007070    00000004     rtsv7M4_T_le_v4SPD16_eabi.lib : boot_cortex_m.c.obj (.stack)
                  20007074    000001fc     --HOLE--

__llvm_prf_cnts 
*          0    20000000    00000000     UNINITIALIZED

MODULE SUMMARY

       Module                         code    ro data   rw data
       ------                         ----    -------   -------
    .\
       main.obj                       944     0         28816  
       comunication_protocol.obj      2428    0         0      
       streaming_protocol.obj         1340    0         0      
       tm4c123gh6pm_startup_ccs.obj   12      620       0      
       tiva_HAL.obj                   532     0         0      
       function_gen.obj               364     0         8      
       string_comun_prot.obj          264     0         0      
    +--+------------------------------+-------+---------+---------+
       Total:                         5884    620       28824  
                                                               
    C:/ti/TivaWare_C_Series-2.1.4.178/driverlib/ccs/Debug/driverlib.lib
       sysctl.obj                     574     108       0      
       gpio.obj                       486     144       0      
       interrupt.obj                  260     268       0      
       adc.obj                        338     0         0      
       timer.obj                      262     0         0      
       uart.obj                       172     0         0      
       cpu.obj                        12      0         0      
    +--+------------------------------+-------+---------+---------+
       Total:                         2104    520       0      
                                                               
    C:\ti\ccsv7\tools\compiler\ti-cgt-arm_20.2.1.LTS\lib\rtsv7M4_T_le_v4SPD16_eabi.lib
       k_rem_pio2.c.obj               1848    344       0      
       s_sin.c.obj                    1476    0         0      
       fd_add_t2.asm.obj              438     0         0      
       k_sin.c.obj                    372     0         0      
       k_cos.c.obj                    364     0         0      
       fd_div_t2.asm.obj              310     0         0      
       s_scalbn.c.obj                 272     0         0      
       fd_cmp_t2.asm.obj              268     0         0      
       fd_mul_t2.asm.obj              252     0         0      
       s_floor.c.obj                  248     0         0      
       s_round.c.obj                  192     0         0      
       memcpy_t2.asm.obj              156     0         0      
       memset_t2.asm.obj              122     0         0      
       fd_tos_t2.asm.obj              110     0         0      
       copy_decompress_lzss.c.obj     104     0         0      
       fd_toi_t2.asm.obj              72      0         0      
       autoinit.c.obj                 68      0         0      
       fs_tod_t2.asm.obj              56      0         0      
       boot_cortex_m.c.obj            52      0         0      
       i_tofd_t2.asm.obj              46      0         0      
       ll_lsl_t2.asm.obj              30      0         0      
       ll_lsr_t2.asm.obj              30      0         0      
       s_copysign.c.obj               26      0         0      
       copy_decompress_none.c.obj     14      0         0      
       copy_zero_init.c.obj           12      0         0      
       errno.c.obj                    8       0         4      
       exit.c.obj                     4       0         0      
       pre_init.c.obj                 4       0         0      
    +--+------------------------------+-------+---------+---------+
       Total:                         6954    344       4      
                                                               
       Stack:                         0       0         512    
       Linker Generated:              0       64        0      
    +--+------------------------------+-------+---------+---------+
       Grand Total:                   14942   1548      29340  


LINKER GENERATED COPY TABLES

__TI_cinit_table @ 00004068 records: 2, size/record: 8, table size: 16
	.data: load addr=00004038, load size=0000001c bytes, run addr=20007270, run size=00000030 bytes, compression=lzss
	.bss: load addr=00004060, load size=00000008 bytes, run addr=20000000, run size=0000706c bytes, compression=zero_init


LINKER GENERATED HANDLER TABLE

__TI_handler_table @ 00004054 records: 3, size/record: 4, table size: 12
	index: 0, handler: __TI_decompress_lzss
	index: 1, handler: __TI_decompress_none
	index: 2, handler: __TI_zero_init


GLOBAL SYMBOLS: SORTED ALPHABETICALLY BY Name 

address   name                          
-------   ----                          
00003c81  ADCIntClear                   
00003a29  ADCIntStatus                  
00003b69  ADCProcessorTrigger           
00003c51  ADCReferenceSet               
0000381d  ADCSequenceConfigure          
00003af5  ADCSequenceDataGet            
00003c0b  ADCSequenceEnable             
000034c9  ADCSequenceStepConfigure      
00003cd1  C$$EXIT                       
00003c5d  CPUcpsie                      
00003a85  GPIODirModeSet                
00002b1f  GPIOPadConfigSet              
0000386d  GPIOPinConfigure              
00003bc5  GPIOPinTypeADC                
00003b81  GPIOPinTypeGPIOOutput         
00003bd7  GPIOPinTypeUART               
00003cb9  GPIOPinWrite                  
0000362d  IntDisable                    
00003695  IntEnable                     
00003bfb  IntMasterEnable               
00003ab1  IntPrioritySet                
00003c75  ResetISR                      
00002c51  SysCtlClockGet                
0000316d  SysCtlClockSet                
00003cbf  SysCtlDelay                   
000039c1  SysCtlPeripheralEnable        
00003765  TimerConfigure                
000037c5  TimerControlTrigger           
00003b99  TimerDisable                  
00003c19  TimerEnable                   
00003cc5  TimerIntClear                 
00003c9f  TimerIntEnable                
00003be9  TimerLoadSet                  
00003c8b  TimerValueGet                 
00003c27  UARTCharGetNonBlocking        
00003c95  UARTCharPut                   
00003c35  UARTCharsAvail                
000038fd  UARTConfigSetExpClk           
00003ad5  UARTDisable                   
00003bb1  UARTEnable                    
00003cc9  UARTIntClear                  
00003ca7  UARTIntEnable                 
20007270  __STACK_END                   
00000200  __STACK_SIZE                  
20007270  __STACK_TOP                   
00004068  __TI_CINIT_Base               
00004078  __TI_CINIT_Limit              
00004054  __TI_Handler_Table_Base       
00004060  __TI_Handler_Table_Limit      
00003945  __TI_auto_init_nobinit_nopinit
000036fd  __TI_decompress_lzss          
00003c43  __TI_decompress_none          
ffffffff  __TI_pprof_out_hndl           
ffffffff  __TI_prof_data_size           
ffffffff  __TI_prof_data_start          
00000000  __TI_static_base__            
00003c69  __TI_zero_init                
000033bd  __aeabi_cdcmpeq               
000033bd  __aeabi_cdcmple               
00003443  __aeabi_cdrcmple              
000035bd  __aeabi_d2f                   
000038b5  __aeabi_d2iz                  
000023ef  __aeabi_dadd                  
000029e9  __aeabi_ddiv                  
00002f79  __aeabi_dmul                  
000023e5  __aeabi_dsub                  
00003cb1  __aeabi_errno_addr            
00003989  __aeabi_f2d                   
00003a57  __aeabi_i2d                   
00003b13  __aeabi_llsl                  
00003b31  __aeabi_llsr                  
00003543  __aeabi_memclr                
00003543  __aeabi_memclr4               
00003543  __aeabi_memclr8               
00003321  __aeabi_memcpy                
00003321  __aeabi_memcpy4               
00003321  __aeabi_memcpy8               
00003545  __aeabi_memset                
00003545  __aeabi_memset4               
00003545  __aeabi_memset8               
ffffffff  __binit__                     
ffffffff  __c_args__                    
00002711  __kernel_cos                  
00000be9  __kernel_rem_pio2             
0000259d  __kernel_sin                  
UNDEFED   __mpu_init                    
20007070  __stack                       
20000000  __start___llvm_prf_cnts       
20000000  __stop___llvm_prf_cnts        
000039f5  _c_int00_noargs               
UNDEFED   _system_post_cinit            
00003ccd  _system_pre_init              
00003cd1  abort                         
000004ef  acknowledgment                
20007270  acquired_sample               
20000000  acquis_pingpong_buf_0         
20002000  acquis_pingpong_buf_1         
20007274  acquisition_buffer            
0000237d  adc_sample_acquisition        
ffffffff  binit                         
20007284  board_index                   
20007286  channel_index                 
00002ea3  clearStr                      
00001de3  clear_acquisition_buffer      
00001d59  clear_streaming_buffer        
0000026d  command_handler               
00002ef5  compareStr                    
00001feb  configurations                
0000222d  configureADC                  
00002275  configureSelectPins           
000022ed  configureTimer                
0000229d  configureUART                 
000019ff  copy_streaming_buffer         
00003b4f  copysign                      
00003b4f  copysignl                     
20007290  count                         
2000729c  errno                         
00003075  floor                         
00003075  floorl                        
0000287d  function_gen                  
00000000  g_pfnVectors                  
00000aed  get_bits_per_sample           
00000ab9  get_func_gen_frequency        
00000ad3  get_func_gen_wave_form        
00000b5f  get_maximum_bytes_in_pkt      
00000b07  get_maximum_fucgen_freq       
00000b83  get_minimum_bytes_in_pkt      
00000a3f  get_number_of_boards          
00000a59  get_number_of_bytes_in_packet 
00000a25  get_number_of_channels        
00000a0b  get_sample_rate               
000009b5  get_transmission_mode         
00002d61  ldexp                         
00002d61  ldexpl                        
00001b21  left_shift_sample_as_uint128  
00002ed1  lengthStr                     
000020f5  main                          
00003321  memcpy                        
0000354b  memset                        
20007064  mux_channel                   
2000728c  mux_channel_index             
00000505  not_acknowledgment            
00001abf  num_bytes_in_buffer           
00001aa1  num_samples_in_buffer         
00001c0d  pack_samples                  
00001b95  pack_samples_                 
000018e5  pack_samples_buffer           
20007278  packing_buffer_in             
2000727c  packing_buffer_out            
20007294  pecent_of_period              
20007298  period_Func_Gen_              
00000465  recieve_packet                
00002055  reset_acquisition             
00003261  round                         
00003261  roundl                        
20007288  sample_index                  
00002997  sawtooth_wave_gen             
00002d61  scalbn                        
00002d61  scalbnl                       
00000423  send_packet                   
00001cbf  send_stream_packet            
000008b9  set_bits_per_sample           
0000051b  set_func_gen_frequency        
000006f1  set_number_of_acquis_boards   
0000076d  set_number_of_bytes_in_packet 
00000675  set_number_of_channels        
000005e9  set_sample_rate               
00000593  set_transmission_mode         
00001321  sin                           
000028ff  sin_wave_gen                  
00001321  sinl                          
0000296f  square_wave_gen               
000004c1  start_trasmission             
2000728b  state_of_processing           
2000728a  state_of_tx_pkt               
000004d3  stop_trasmission              
20004000  stream_pigpong_buf_0          
20005800  stream_pigpong_buf_1          
20007000  string_streaming_buffer       
00001e21  timer0AInterrupt              
20007040  tiva_actual_state             
000021d1  tiva_actual_state_init        
20007280  transmit_buffer               
00001fcd  uart0Interrupt                
00002f4d  uartSend                      
00002e71  uintToStr                     


GLOBAL SYMBOLS: SORTED BY Symbol Address 

address   name                          
-------   ----                          
00000000  __TI_static_base__            
00000000  g_pfnVectors                  
00000200  __STACK_SIZE                  
0000026d  command_handler               
00000423  send_packet                   
00000465  recieve_packet                
000004c1  start_trasmission             
000004d3  stop_trasmission              
000004ef  acknowledgment                
00000505  not_acknowledgment            
0000051b  set_func_gen_frequency        
00000593  set_transmission_mode         
000005e9  set_sample_rate               
00000675  set_number_of_channels        
000006f1  set_number_of_acquis_boards   
0000076d  set_number_of_bytes_in_packet 
000008b9  set_bits_per_sample           
000009b5  get_transmission_mode         
00000a0b  get_sample_rate               
00000a25  get_number_of_channels        
00000a3f  get_number_of_boards          
00000a59  get_number_of_bytes_in_packet 
00000ab9  get_func_gen_frequency        
00000ad3  get_func_gen_wave_form        
00000aed  get_bits_per_sample           
00000b07  get_maximum_fucgen_freq       
00000b5f  get_maximum_bytes_in_pkt      
00000b83  get_minimum_bytes_in_pkt      
00000be9  __kernel_rem_pio2             
00001321  sin                           
00001321  sinl                          
000018e5  pack_samples_buffer           
000019ff  copy_streaming_buffer         
00001aa1  num_samples_in_buffer         
00001abf  num_bytes_in_buffer           
00001b21  left_shift_sample_as_uint128  
00001b95  pack_samples_                 
00001c0d  pack_samples                  
00001cbf  send_stream_packet            
00001d59  clear_streaming_buffer        
00001de3  clear_acquisition_buffer      
00001e21  timer0AInterrupt              
00001fcd  uart0Interrupt                
00001feb  configurations                
00002055  reset_acquisition             
000020f5  main                          
000021d1  tiva_actual_state_init        
0000222d  configureADC                  
00002275  configureSelectPins           
0000229d  configureUART                 
000022ed  configureTimer                
0000237d  adc_sample_acquisition        
000023e5  __aeabi_dsub                  
000023ef  __aeabi_dadd                  
0000259d  __kernel_sin                  
00002711  __kernel_cos                  
0000287d  function_gen                  
000028ff  sin_wave_gen                  
0000296f  square_wave_gen               
00002997  sawtooth_wave_gen             
000029e9  __aeabi_ddiv                  
00002b1f  GPIOPadConfigSet              
00002c51  SysCtlClockGet                
00002d61  ldexp                         
00002d61  ldexpl                        
00002d61  scalbn                        
00002d61  scalbnl                       
00002e71  uintToStr                     
00002ea3  clearStr                      
00002ed1  lengthStr                     
00002ef5  compareStr                    
00002f4d  uartSend                      
00002f79  __aeabi_dmul                  
00003075  floor                         
00003075  floorl                        
0000316d  SysCtlClockSet                
00003261  round                         
00003261  roundl                        
00003321  __aeabi_memcpy                
00003321  __aeabi_memcpy4               
00003321  __aeabi_memcpy8               
00003321  memcpy                        
000033bd  __aeabi_cdcmpeq               
000033bd  __aeabi_cdcmple               
00003443  __aeabi_cdrcmple              
000034c9  ADCSequenceStepConfigure      
00003543  __aeabi_memclr                
00003543  __aeabi_memclr4               
00003543  __aeabi_memclr8               
00003545  __aeabi_memset                
00003545  __aeabi_memset4               
00003545  __aeabi_memset8               
0000354b  memset                        
000035bd  __aeabi_d2f                   
0000362d  IntDisable                    
00003695  IntEnable                     
000036fd  __TI_decompress_lzss          
00003765  TimerConfigure                
000037c5  TimerControlTrigger           
0000381d  ADCSequenceConfigure          
0000386d  GPIOPinConfigure              
000038b5  __aeabi_d2iz                  
000038fd  UARTConfigSetExpClk           
00003945  __TI_auto_init_nobinit_nopinit
00003989  __aeabi_f2d                   
000039c1  SysCtlPeripheralEnable        
000039f5  _c_int00_noargs               
00003a29  ADCIntStatus                  
00003a57  __aeabi_i2d                   
00003a85  GPIODirModeSet                
00003ab1  IntPrioritySet                
00003ad5  UARTDisable                   
00003af5  ADCSequenceDataGet            
00003b13  __aeabi_llsl                  
00003b31  __aeabi_llsr                  
00003b4f  copysign                      
00003b4f  copysignl                     
00003b69  ADCProcessorTrigger           
00003b81  GPIOPinTypeGPIOOutput         
00003b99  TimerDisable                  
00003bb1  UARTEnable                    
00003bc5  GPIOPinTypeADC                
00003bd7  GPIOPinTypeUART               
00003be9  TimerLoadSet                  
00003bfb  IntMasterEnable               
00003c0b  ADCSequenceEnable             
00003c19  TimerEnable                   
00003c27  UARTCharGetNonBlocking        
00003c35  UARTCharsAvail                
00003c43  __TI_decompress_none          
00003c51  ADCReferenceSet               
00003c5d  CPUcpsie                      
00003c69  __TI_zero_init                
00003c75  ResetISR                      
00003c81  ADCIntClear                   
00003c8b  TimerValueGet                 
00003c95  UARTCharPut                   
00003c9f  TimerIntEnable                
00003ca7  UARTIntEnable                 
00003cb1  __aeabi_errno_addr            
00003cb9  GPIOPinWrite                  
00003cbf  SysCtlDelay                   
00003cc5  TimerIntClear                 
00003cc9  UARTIntClear                  
00003ccd  _system_pre_init              
00003cd1  C$$EXIT                       
00003cd1  abort                         
00004054  __TI_Handler_Table_Base       
00004060  __TI_Handler_Table_Limit      
00004068  __TI_CINIT_Base               
00004078  __TI_CINIT_Limit              
20000000  __start___llvm_prf_cnts       
20000000  __stop___llvm_prf_cnts        
20000000  acquis_pingpong_buf_0         
20002000  acquis_pingpong_buf_1         
20004000  stream_pigpong_buf_0          
20005800  stream_pigpong_buf_1          
20007000  string_streaming_buffer       
20007040  tiva_actual_state             
20007064  mux_channel                   
20007070  __stack                       
20007270  __STACK_END                   
20007270  __STACK_TOP                   
20007270  acquired_sample               
20007274  acquisition_buffer            
20007278  packing_buffer_in             
2000727c  packing_buffer_out            
20007280  transmit_buffer               
20007284  board_index                   
20007286  channel_index                 
20007288  sample_index                  
2000728a  state_of_tx_pkt               
2000728b  state_of_processing           
2000728c  mux_channel_index             
20007290  count                         
20007294  pecent_of_period              
20007298  period_Func_Gen_              
2000729c  errno                         
ffffffff  __TI_pprof_out_hndl           
ffffffff  __TI_prof_data_size           
ffffffff  __TI_prof_data_start          
ffffffff  __binit__                     
ffffffff  __c_args__                    
ffffffff  binit                         
UNDEFED   __mpu_init                    
UNDEFED   _system_post_cinit            

[186 symbols]
