******************************************************************************
                  TI ARM Linker PC v18.1.3                     
******************************************************************************
>> Linked Mon Dec 16 15:50:44 2019

OUTPUT FILE NAME:   <EMG2.out>
ENTRY POINT SYMBOL: "_c_int00_noargs"  address: 000029ad


MEMORY CONFIGURATION

         name            origin    length      used     unused   attr    fill
----------------------  --------  ---------  --------  --------  ----  --------
  FLASH                 00000000   00040000  00003058  0003cfa8  R  X
  SRAM                  20000000   00008000  0000023c  00007dc4  RW X


SEGMENT ALLOCATION MAP

run origin  load origin   length   init length attrs members
----------  ----------- ---------- ----------- ----- -------
00000000    00000000    00003058   00003058    r-x
  00000000    00000000    0000026c   0000026c    r-- .intvecs
  0000026c    0000026c    00002a54   00002a54    r-x .text
  00002cc0    00002cc0    00000360   00000360    r-- .const
  00003020    00003020    00000038   00000038    r-- .cinit
20000000    20000000    0000023c   00000000    rw-
  20000000    20000000    00000200   00000000    rw- .stack
  20000200    20000200    00000020   00000000    rw- .bss
  20000220    20000220    0000001c   00000000    rw- .data


SECTION ALLOCATION MAP

 output                                  attributes/
section   page    origin      length       input sections
--------  ----  ----------  ----------   ----------------
.intvecs   0    00000000    0000026c     
                  00000000    0000026c     tm4c123gh6pm_startup_ccs.obj (.intvecs)

.text      0    0000026c    00002a54     
                  0000026c    00000738     rtsv7M4_T_le_v4SPD16_eabi.lib : k_rem_pio2.c.obj (.text:__kernel_rem_pio2)
                  000009a4    000005c4                                   : s_sin.c.obj (.text:sin)
                  00000f68    00000450     main.obj (.text)
                  000013b8    0000024c     comunication_protocol.obj (.text)
                  00001604    000001b6     rtsv7M4_T_le_v4SPD16_eabi.lib : fd_add_t2.asm.obj (.text)
                  000017ba    00000002     --HOLE-- [fill = 0]
                  000017bc    00000174                                   : k_sin.c.obj (.text:__kernel_sin)
                  00001930    0000016c                                   : k_cos.c.obj (.text:__kernel_cos)
                  00001a9c    00000160     function_gen.obj (.text)
                  00001bfc    00000136     rtsv7M4_T_le_v4SPD16_eabi.lib : fd_div_t2.asm.obj (.text)
                  00001d32    00000132     driverlib.lib : gpio.obj (.text:GPIOPadConfigSet)
                  00001e64    00000110                   : sysctl.obj (.text:SysCtlClockGet)
                  00001f74    00000110     rtsv7M4_T_le_v4SPD16_eabi.lib : s_scalbn.c.obj (.text:scalbn)
                  00002084    000000fc                                   : fd_mul_t2.asm.obj (.text)
                  00002180    000000f8                                   : s_floor.c.obj (.text:floor)
                  00002278    000000f4     driverlib.lib : sysctl.obj (.text:SysCtlClockSet)
                  0000236c    000000c0     rtsv7M4_T_le_v4SPD16_eabi.lib : s_round.c.obj (.text:round)
                  0000242c    0000009c                                   : memcpy_t2.asm.obj (.text)
                  000024c8    00000086                                   : fd_cmp_t2.asm.obj (.text:__aeabi_cdcmple)
                  0000254e    00000086                                   : fd_cmp_t2.asm.obj (.text:__aeabi_cdrcmple)
                  000025d4    0000007a     driverlib.lib : adc.obj (.text:ADCSequenceStepConfigure)
                  0000264e    00000002     --HOLE-- [fill = 0]
                  00002650    00000068                   : interrupt.obj (.text:IntDisable)
                  000026b8    00000068                   : interrupt.obj (.text:IntEnable)
                  00002720    00000068     rtsv7M4_T_le_v4SPD16_eabi.lib : copy_decompress_lzss.c.obj (.text:decompress:lzss:__TI_decompress_lzss)
                  00002788    00000060     driverlib.lib : timer.obj (.text:TimerConfigure)
                  000027e8    00000058                   : timer.obj (.text:TimerControlTrigger)
                  00002840    00000050                   : adc.obj (.text:ADCSequenceConfigure)
                  00002890    00000048                   : gpio.obj (.text:GPIOPinConfigure)
                  000028d8    00000048     rtsv7M4_T_le_v4SPD16_eabi.lib : fd_toi_t2.asm.obj (.text)
                  00002920    00000046     driverlib.lib : uart.obj (.text:UARTConfigSetExpClk)
                  00002966    00000002     --HOLE-- [fill = 0]
                  00002968    00000044     rtsv7M4_T_le_v4SPD16_eabi.lib : autoinit.c.obj (.text:__TI_auto_init_nobinit_nopinit:__TI_auto_init_nobinit_nopinit)
                  000029ac    00000038                                   : boot_cortex_m.c.obj (.text:_c_int00_noargs:_c_int00_noargs)
                  000029e4    00000038                                   : fs_tod_t2.asm.obj (.text)
                  00002a1c    00000034     driverlib.lib : sysctl.obj (.text:SysCtlPeripheralEnable)
                  00002a50    0000002e                   : adc.obj (.text:ADCIntStatus)
                  00002a7e    0000002e     rtsv7M4_T_le_v4SPD16_eabi.lib : i_tofd_t2.asm.obj (.text)
                  00002aac    0000002a     driverlib.lib : gpio.obj (.text:GPIODirModeSet)
                  00002ad6    00000002     --HOLE-- [fill = 0]
                  00002ad8    00000024                   : interrupt.obj (.text:IntPrioritySet)
                  00002afc    00000020                   : uart.obj (.text:UARTDisable)
                  00002b1c    0000001e                   : adc.obj (.text:ADCSequenceDataGet)
                  00002b3a    00000018                   : adc.obj (.text:ADCProcessorTrigger)
                  00002b52    00000018                   : gpio.obj (.text:GPIOPinTypeGPIOOutput)
                  00002b6a    00000002     --HOLE-- [fill = 0]
                  00002b6c    00000018                   : timer.obj (.text:TimerDisable)
                  00002b84    00000014                   : uart.obj (.text:UARTEnable)
                  00002b98    00000014     rtsv7M4_T_le_v4SPD16_eabi.lib : s_copysign.c.obj (.text:copysign)
                  00002bac    00000012     driverlib.lib : gpio.obj (.text:GPIOPinTypeADC)
                  00002bbe    00000012                   : gpio.obj (.text:GPIOPinTypeUART)
                  00002bd0    00000012                   : timer.obj (.text:TimerLoadSet)
                  00002be2    00000012     rtsv7M4_T_le_v4SPD16_eabi.lib : copy_zero_init.c.obj (.text:decompress:ZI:__TI_zero_init_nomemset:__TI_zero_init_nomemset)
                  00002bf4    00000010     driverlib.lib : interrupt.obj (.text:IntMasterEnable)
                  00002c04    0000000e                   : adc.obj (.text:ADCSequenceEnable)
                  00002c12    0000000e                   : timer.obj (.text:TimerEnable)
                  00002c20    0000000e                   : uart.obj (.text:UARTCharGetNonBlocking)
                  00002c2e    0000000e                   : uart.obj (.text:UARTCharsAvail)
                  00002c3c    0000000e     rtsv7M4_T_le_v4SPD16_eabi.lib : copy_decompress_none.c.obj (.text:decompress:none:__TI_decompress_none)
                  00002c4a    0000000c     driverlib.lib : adc.obj (.text:ADCReferenceSet)
                  00002c56    0000000c                   : cpu.obj (.text:CPUcpsie)
                  00002c62    0000000c     tm4c123gh6pm_startup_ccs.obj (.text)
                  00002c6e    0000000a     driverlib.lib : adc.obj (.text:ADCIntClear)
                  00002c78    0000000a                   : timer.obj (.text:TimerValueGet)
                  00002c82    0000000a                   : uart.obj (.text:UARTCharPut)
                  00002c8c    00000008                   : timer.obj (.text:TimerIntEnable)
                  00002c94    00000008                   : uart.obj (.text:UARTIntEnable)
                  00002c9c    00000008     rtsv7M4_T_le_v4SPD16_eabi.lib : errno.c.obj (.text:__aeabi_errno_addr)
                  00002ca4    00000006     driverlib.lib : gpio.obj (.text:GPIOPinWrite)
                  00002caa    00000006                   : sysctl.obj (.text:SysCtlDelay)
                  00002cb0    00000004                   : timer.obj (.text:TimerIntClear)
                  00002cb4    00000004                   : uart.obj (.text:UARTIntClear)
                  00002cb8    00000004     rtsv7M4_T_le_v4SPD16_eabi.lib : pre_init.c.obj (.text:_system_pre_init)
                  00002cbc    00000004                                   : exit.c.obj (.text:abort:abort)

.const     0    00002cc0    00000360     
                  00002cc0    00000158     rtsv7M4_T_le_v4SPD16_eabi.lib : k_rem_pio2.c.obj (.const:$O1$$)
                  00002e18    0000009c     driverlib.lib : interrupt.obj (.const:g_pui32Regs)
                  00002eb4    00000090                   : gpio.obj (.const:g_pui32GPIOBaseAddrs)
                  00002f44    00000070                   : interrupt.obj (.const)
                  00002fb4    0000006c                   : sysctl.obj (.const:g_pui32Xtals)

.cinit     0    00003020    00000038     
                  00003020    00000014     (.cinit..data.load) [load image, compression = lzss]
                  00003034    0000000c     (__TI_handler_table)
                  00003040    00000008     (.cinit..bss.load) [load image, compression = zero_init]
                  00003048    00000010     (__TI_cinit_table)

.init_array 
*          0    00000000    00000000     UNINITIALIZED

.bss       0    20000200    00000020     UNINITIALIZED
                  20000200    00000010     (.common:tiva_actual_state)
                  20000210    0000000c     (.common:data)
                  2000021c    00000004     (.common:adc_values)

.data      0    20000220    0000001c     UNINITIALIZED
                  20000220    0000000c     main.obj (.data)
                  2000022c    00000008     function_gen.obj (.data)
                  20000234    00000004     main.obj (.data:channels)
                  20000238    00000004     rtsv7M4_T_le_v4SPD16_eabi.lib : errno.c.obj (.data)

.stack     0    20000000    00000200     UNINITIALIZED
                  20000000    00000004     rtsv7M4_T_le_v4SPD16_eabi.lib : boot_cortex_m.c.obj (.stack)
                  20000004    000001fc     --HOLE--

MODULE SUMMARY

       Module                         code    ro data   rw data
       ------                         ----    -------   -------
    .\
       main.obj                       1104    0         48     
       tm4c123gh6pm_startup_ccs.obj   12      620       0      
       comunication_protocol.obj      588     0         0      
       function_gen.obj               352     0         8      
    +--+------------------------------+-------+---------+---------+
       Total:                         2056    620       56     
                                                               
    C:/ti/TivaWare_C_Series-2.1.4.178/driverlib/ccs/Debug/driverlib.lib
       sysctl.obj                     574     108       0      
       gpio.obj                       486     144       0      
       interrupt.obj                  260     268       0      
       adc.obj                        338     0         0      
       timer.obj                      262     0         0      
       uart.obj                       172     0         0      
       cpu.obj                        12      0         0      
    +--+------------------------------+-------+---------+---------+
       Total:                         2104    520       0      
                                                               
    C:\ti\ccsv8\tools\compiler\ti-cgt-arm_18.1.3.LTS\lib\rtsv7M4_T_le_v4SPD16_eabi.lib
       k_rem_pio2.c.obj               1848    344       0      
       s_sin.c.obj                    1476    0         0      
       fd_add_t2.asm.obj              438     0         0      
       k_sin.c.obj                    372     0         0      
       k_cos.c.obj                    364     0         0      
       fd_div_t2.asm.obj              310     0         0      
       s_scalbn.c.obj                 272     0         0      
       fd_cmp_t2.asm.obj              268     0         0      
       fd_mul_t2.asm.obj              252     0         0      
       s_floor.c.obj                  248     0         0      
       s_round.c.obj                  192     0         0      
       memcpy_t2.asm.obj              156     0         0      
       copy_decompress_lzss.c.obj     104     0         0      
       fd_toi_t2.asm.obj              72      0         0      
       autoinit.c.obj                 68      0         0      
       boot_cortex_m.c.obj            56      0         0      
       fs_tod_t2.asm.obj              56      0         0      
       i_tofd_t2.asm.obj              46      0         0      
       s_copysign.c.obj               20      0         0      
       copy_zero_init.c.obj           18      0         0      
       copy_decompress_none.c.obj     14      0         0      
       errno.c.obj                    8       0         4      
       exit.c.obj                     4       0         0      
       pre_init.c.obj                 4       0         0      
    +--+------------------------------+-------+---------+---------+
       Total:                         6666    344       4      
                                                               
       Stack:                         0       0         512    
       Linker Generated:              0       56        0      
    +--+------------------------------+-------+---------+---------+
       Grand Total:                   10826   1540      572    


LINKER GENERATED COPY TABLES

__TI_cinit_table @ 00003048 records: 2, size/record: 8, table size: 16
	.data: load addr=00003020, load size=00000014 bytes, run addr=20000220, run size=0000001c bytes, compression=lzss
	.bss: load addr=00003040, load size=00000008 bytes, run addr=20000200, run size=00000020 bytes, compression=zero_init


LINKER GENERATED HANDLER TABLE

__TI_handler_table @ 00003034 records: 3, size/record: 4, table size: 12
	index: 0, handler: __TI_decompress_lzss
	index: 1, handler: __TI_decompress_none
	index: 2, handler: __TI_zero_init


GLOBAL SYMBOLS: SORTED ALPHABETICALLY BY Name 

address   name                          
-------   ----                          
00002c6f  ADCIntClear                   
00002a51  ADCIntStatus                  
00002b3b  ADCProcessorTrigger           
00002c4b  ADCReferenceSet               
00002841  ADCSequenceConfigure          
00002b1d  ADCSequenceDataGet            
00002c05  ADCSequenceEnable             
000025d5  ADCSequenceStepConfigure      
00002cbd  C$$EXIT                       
00002c57  CPUcpsie                      
00002aad  GPIODirModeSet                
00001d33  GPIOPadConfigSet              
00002891  GPIOPinConfigure              
00002bad  GPIOPinTypeADC                
00002b53  GPIOPinTypeGPIOOutput         
00002bbf  GPIOPinTypeUART               
00002ca5  GPIOPinWrite                  
00002651  IntDisable                    
000026b9  IntEnable                     
00002bf5  IntMasterEnable               
00002ad9  IntPrioritySet                
00002c63  ResetISR                      
00001e65  SysCtlClockGet                
00002279  SysCtlClockSet                
00002cab  SysCtlDelay                   
00002a1d  SysCtlPeripheralEnable        
00002789  TimerConfigure                
000027e9  TimerControlTrigger           
00002b6d  TimerDisable                  
00002c13  TimerEnable                   
00002cb1  TimerIntClear                 
00002c8d  TimerIntEnable                
00002bd1  TimerLoadSet                  
00002c79  TimerValueGet                 
00002c21  UARTCharGetNonBlocking        
00002c83  UARTCharPut                   
00002c2f  UARTCharsAvail                
00002921  UARTConfigSetExpClk           
00002afd  UARTDisable                   
00002b85  UARTEnable                    
00002cb5  UARTIntClear                  
00002c95  UARTIntEnable                 
20000200  __STACK_END                   
00000200  __STACK_SIZE                  
20000200  __STACK_TOP                   
00003048  __TI_CINIT_Base               
00003058  __TI_CINIT_Limit              
00003034  __TI_Handler_Table_Base       
00003040  __TI_Handler_Table_Limit      
00002969  __TI_auto_init_nobinit_nopinit
00002721  __TI_decompress_lzss          
00002c3d  __TI_decompress_none          
ffffffff  __TI_pprof_out_hndl           
ffffffff  __TI_prof_data_size           
ffffffff  __TI_prof_data_start          
00000000  __TI_static_base__            
00002be3  __TI_zero_init_nomemset       
000024c9  __aeabi_cdcmpeq               
000024c9  __aeabi_cdcmple               
0000254f  __aeabi_cdrcmple              
000028d9  __aeabi_d2iz                  
0000160f  __aeabi_dadd                  
00001bfd  __aeabi_ddiv                  
00002085  __aeabi_dmul                  
00001605  __aeabi_dsub                  
00002c9d  __aeabi_errno_addr            
000029e5  __aeabi_f2d                   
00002a7f  __aeabi_i2d                   
0000242d  __aeabi_memcpy                
0000242d  __aeabi_memcpy4               
0000242d  __aeabi_memcpy8               
ffffffff  __binit__                     
ffffffff  __c_args__                    
00001931  __kernel_cos                  
0000026d  __kernel_rem_pio2             
000017bd  __kernel_sin                  
UNDEFED   __mpu_init                    
20000000  __stack                       
000029ad  _c_int00_noargs               
UNDEFED   _system_post_cinit            
00002cb9  _system_pre_init              
00002cbd  abort                         
0000159d  acknowledgment                
2000021c  adc_values                    
ffffffff  binit                         
20000234  channels                      
00000fdb  clearStr                      
000013b9  command_handler               
0000102d  compareStr                    
0000130b  configurations                
00001275  configureADC                  
000012bd  configureSelectPins           
000011dd  configureTimer                
00001189  configureUART                 
00002b99  copysign                      
00002b99  copysignl                     
20000210  data                          
20000238  errno                         
00002181  floor                         
00002181  floorl                        
00001a9d  function_gen                  
00000000  g_pfnVectors                  
20000224  index_channel                 
00001f75  ldexp                         
00001f75  ldexpl                        
00001009  lengthStr                     
0000134f  main                          
0000242d  memcpy                        
000015b3  not_acknowledgment            
20000220  num_channels                  
2000022c  pecent_of_period              
20000230  period_Func_Gen_              
00000f69  print_uint32                  
00001513  recieve_packet                
0000236d  round                         
0000236d  roundl                        
20000228  samplerate                    
00001bad  sawtooth_wave_gen             
00001f75  scalbn                        
00001f75  scalbnl                       
000014d1  send_packet                   
000015c9  set_func_gen_frequence        
000009a5  sin                           
00001b1f  sin_wave_gen                  
000009a5  sinl                          
00001b85  square_wave_gen               
0000156f  start_trasmission             
00001581  stop_trasmission              
000010ad  timer0AInterrupt              
20000200  tiva_actual_state             
000012e7  tiva_actual_state_init        
0000116b  uart0Interrupt                
00001085  uartSend                      
00000fa9  uintToStr                     


GLOBAL SYMBOLS: SORTED BY Symbol Address 

address   name                          
-------   ----                          
00000000  __TI_static_base__            
00000000  g_pfnVectors                  
00000200  __STACK_SIZE                  
0000026d  __kernel_rem_pio2             
000009a5  sin                           
000009a5  sinl                          
00000f69  print_uint32                  
00000fa9  uintToStr                     
00000fdb  clearStr                      
00001009  lengthStr                     
0000102d  compareStr                    
00001085  uartSend                      
000010ad  timer0AInterrupt              
0000116b  uart0Interrupt                
00001189  configureUART                 
000011dd  configureTimer                
00001275  configureADC                  
000012bd  configureSelectPins           
000012e7  tiva_actual_state_init        
0000130b  configurations                
0000134f  main                          
000013b9  command_handler               
000014d1  send_packet                   
00001513  recieve_packet                
0000156f  start_trasmission             
00001581  stop_trasmission              
0000159d  acknowledgment                
000015b3  not_acknowledgment            
000015c9  set_func_gen_frequence        
00001605  __aeabi_dsub                  
0000160f  __aeabi_dadd                  
000017bd  __kernel_sin                  
00001931  __kernel_cos                  
00001a9d  function_gen                  
00001b1f  sin_wave_gen                  
00001b85  square_wave_gen               
00001bad  sawtooth_wave_gen             
00001bfd  __aeabi_ddiv                  
00001d33  GPIOPadConfigSet              
00001e65  SysCtlClockGet                
00001f75  ldexp                         
00001f75  ldexpl                        
00001f75  scalbn                        
00001f75  scalbnl                       
00002085  __aeabi_dmul                  
00002181  floor                         
00002181  floorl                        
00002279  SysCtlClockSet                
0000236d  round                         
0000236d  roundl                        
0000242d  __aeabi_memcpy                
0000242d  __aeabi_memcpy4               
0000242d  __aeabi_memcpy8               
0000242d  memcpy                        
000024c9  __aeabi_cdcmpeq               
000024c9  __aeabi_cdcmple               
0000254f  __aeabi_cdrcmple              
000025d5  ADCSequenceStepConfigure      
00002651  IntDisable                    
000026b9  IntEnable                     
00002721  __TI_decompress_lzss          
00002789  TimerConfigure                
000027e9  TimerControlTrigger           
00002841  ADCSequenceConfigure          
00002891  GPIOPinConfigure              
000028d9  __aeabi_d2iz                  
00002921  UARTConfigSetExpClk           
00002969  __TI_auto_init_nobinit_nopinit
000029ad  _c_int00_noargs               
000029e5  __aeabi_f2d                   
00002a1d  SysCtlPeripheralEnable        
00002a51  ADCIntStatus                  
00002a7f  __aeabi_i2d                   
00002aad  GPIODirModeSet                
00002ad9  IntPrioritySet                
00002afd  UARTDisable                   
00002b1d  ADCSequenceDataGet            
00002b3b  ADCProcessorTrigger           
00002b53  GPIOPinTypeGPIOOutput         
00002b6d  TimerDisable                  
00002b85  UARTEnable                    
00002b99  copysign                      
00002b99  copysignl                     
00002bad  GPIOPinTypeADC                
00002bbf  GPIOPinTypeUART               
00002bd1  TimerLoadSet                  
00002be3  __TI_zero_init_nomemset       
00002bf5  IntMasterEnable               
00002c05  ADCSequenceEnable             
00002c13  TimerEnable                   
00002c21  UARTCharGetNonBlocking        
00002c2f  UARTCharsAvail                
00002c3d  __TI_decompress_none          
00002c4b  ADCReferenceSet               
00002c57  CPUcpsie                      
00002c63  ResetISR                      
00002c6f  ADCIntClear                   
00002c79  TimerValueGet                 
00002c83  UARTCharPut                   
00002c8d  TimerIntEnable                
00002c95  UARTIntEnable                 
00002c9d  __aeabi_errno_addr            
00002ca5  GPIOPinWrite                  
00002cab  SysCtlDelay                   
00002cb1  TimerIntClear                 
00002cb5  UARTIntClear                  
00002cb9  _system_pre_init              
00002cbd  C$$EXIT                       
00002cbd  abort                         
00003034  __TI_Handler_Table_Base       
00003040  __TI_Handler_Table_Limit      
00003048  __TI_CINIT_Base               
00003058  __TI_CINIT_Limit              
20000000  __stack                       
20000200  __STACK_END                   
20000200  __STACK_TOP                   
20000200  tiva_actual_state             
20000210  data                          
2000021c  adc_values                    
20000220  num_channels                  
20000224  index_channel                 
20000228  samplerate                    
2000022c  pecent_of_period              
20000230  period_Func_Gen_              
20000234  channels                      
20000238  errno                         
ffffffff  __TI_pprof_out_hndl           
ffffffff  __TI_prof_data_size           
ffffffff  __TI_prof_data_start          
ffffffff  __binit__                     
ffffffff  __c_args__                    
ffffffff  binit                         
UNDEFED   __mpu_init                    
UNDEFED   _system_post_cinit            

[134 symbols]
