******************************************************************************
                  TI ARM Linker PC v5.2.8                      
******************************************************************************
>> Linked Wed May 10 22:46:41 2017

OUTPUT FILE NAME:   <ProDIS.out>
ENTRY POINT SYMBOL: "_c_int00"  address: 00008ff9


MEMORY CONFIGURATION

         name            origin    length      used     unused   attr    fill
----------------------  --------  ---------  --------  --------  ----  --------
  FLASH                 00000000   00040000  0000a15e  00035ea2  R  X
  SRAM                  20000000   00008000  00006046  00001fba  RW X


SEGMENT ALLOCATION MAP

run origin  load origin   length   init length attrs members
----------  ----------- ---------- ----------- ----- -------
00000000    00000000    0000a160   0000a160    r-x
  00000000    00000000    0000026c   0000026c    r-- .intvecs
  0000026c    0000026c    00009740   00009740    r-x .text
  000099ac    000099ac    00000004   00000004    r-- .init_array
  000099b0    000099b0    000004ee   000004ee    r-- .const
  00009ea0    00009ea0    000002c0   000002c0    r-- .cinit
20000000    20000000    00006050   00000000    rw-
  20000000    20000000    00005692   00000000    rw- .bss
  20005698    20005698    000005b4   00000000    rw- .data
  20005c4c    20005c4c    00000200   00000000    rw- .stack
  20005e50    20005e50    00000200   00000000    rw- .sysmem


SECTION ALLOCATION MAP

 output                                  attributes/
section   page    origin      length       input sections
--------  ----  ----------  ----------   ----------------
.intvecs   0    00000000    0000026c     
                  00000000    0000026c     tm4c123gh6pm_startup_ccs.obj (.intvecs)

.text      0    0000026c    00009740     
                  0000026c    00002c38     mkfilter.obj (.text)
                  00002ea4    000010ba     rtsv7M4_T_le_v4SPD16_eabi.lib : _printfi.obj (.text)
                  00003f5e    00000002                                   : i_div0.obj (.text)
                  00003f60    000005d4     complex.obj (.text)
                  00004534    000004dc     uartstdio.obj (.text)
                  00004a10    00000498     rtsv7M4_T_le_v4SPD16_eabi.lib : pow.obj (.text)
                  00004ea8    0000040c     STELLARIS_AD9850.obj (.text)
                  000052b4    000003dc     rtsv7M4_T_le_v4SPD16_eabi.lib : memory.obj (.text)
                  00005690    00000380                                   : vec_newdel.obj (.text)
                  00005a10    0000030c                                   : lowlev.obj (.text)
                  00005d1c    000002ec                                   : xlog.obj (.text)
                  00006008    000002d4                                   : trgdrv.obj (.text)
                  000062dc    00000294                                   : xsin.obj (.text)
                  00006570    00000264                                   : xhypot.obj (.text)
                  000067d4    0000024c                                   : tan.obj (.text)
                  00006a20    0000023c                                   : strtod.obj (.text)
                  00006c5c    00000228                                   : xsinh.obj (.text)
                  00006e84    000001fc                                   : xexp.obj (.text)
                  00007080    000001f4                                   : ull_div_t2.obj (.text)
                  00007274    000001c4                                   : fopen.obj (.text)
                  00007438    000001b6                                   : fd_add_t2.obj (.text)
                  000075ee    00000002                                   : newhandler.obj (.text)
                  000075f0    00000174                                   : fmod.obj (.text)
                  00007764    00000148                                   : sqrt.obj (.text)
                  000078ac    00000136                                   : fd_div_t2.obj (.text)
                  000079e2    00000002     --HOLE-- [fill = 0]
                  000079e4    00000134                                   : fputs.obj (.text)
                  00007b18    00000132     driverlib.lib : gpio.obj (.text:GPIOPadConfigSet)
                  00007c4a    00000002     --HOLE-- [fill = 0]
                  00007c4c    00000110                   : sysctl.obj (.text:SysCtlClockGet)
                  00007d5c    00000110     rtsv7M4_T_le_v4SPD16_eabi.lib : xdscale.obj (.text)
                  00007e6c    000000fc                                   : fd_mul_t2.obj (.text)
                  00007f68    000000f4     driverlib.lib : sysctl.obj (.text:SysCtlClockSet)
                  0000805c    000000e4     rtsv7M4_T_le_v4SPD16_eabi.lib : xcosh.obj (.text)
                  00008140    000000dc                                   : setvbuf.obj (.text)
                  0000821c    000000c8                                   : fflush.obj (.text)
                  000082e4    000000c8                                   : floor.obj (.text)
                  000083ac    000000c0                                   : xdint.obj (.text)
                  0000846c    000000be                                   : xdnorm.obj (.text)
                  0000852a    000000ac                                   : _io_perm.obj (.text)
                  000085d6    0000009c                                   : memcpy_t2.obj (.text)
                  00008672    00000002     --HOLE-- [fill = 0]
                  00008674    00000098                                   : fclose.obj (.text)
                  0000870c    00000098                                   : fputc.obj (.text)
                  000087a4    00000090                                   : exp.obj (.text)
                  00008834    00000086                                   : fd_cmp_t2.obj (.text:__aeabi_cdcmple)
                  000088ba    00000086                                   : fd_cmp_t2.obj (.text:__aeabi_cdrcmple)
                  00008940    0000007a     driverlib.lib : adc.obj (.text:ADCSequenceStepConfigure)
                  000089ba    0000007a     rtsv7M4_T_le_v4SPD16_eabi.lib : memset_t2.obj (.text)
                  00008a34    00000070                                   : printf.obj (.text)
                  00008aa4    0000006c                                   : autoinit.obj (.text)
                  00008b10    0000006a                                   : copy_decompress_rle.obj (.text)
                  00008b7a    00000002     --HOLE-- [fill = 0]
                  00008b7c    00000068     driverlib.lib : interrupt.obj (.text:IntEnable)
                  00008be4    00000068     rtsv7M4_T_le_v4SPD16_eabi.lib : trgmsg.obj (.text)
                  00008c4c    00000066                                   : xdunscal.obj (.text)
                  00008cb2    00000002     --HOLE-- [fill = 0]
                  00008cb4    00000064                                   : fseek.obj (.text)
                  00008d18    00000062     mkfilter.obj (.text:_Zmi7complexS_)
                  00008d7a    00000062     complex.obj (.text:_Zpl7complexS_)
                  00008ddc    00000060     driverlib.lib : timer.obj (.text:TimerConfigure)
                  00008e3c    00000060     mkfilter.obj (.text:_Zng7complex)
                  00008e9c    0000005a     complex.obj (.text:_Zmld7complex)
                  00008ef6    00000002     --HOLE-- [fill = 0]
                  00008ef8    00000058     driverlib.lib : timer.obj (.text:TimerControlTrigger)
                  00008f50    00000056     rtsv7M4_T_le_v4SPD16_eabi.lib : ltoa.obj (.text)
                  00008fa6    00000052                                   : ldexp.obj (.text)
                  00008ff8    00000050                                   : boot.obj (.text)
                  00009048    0000004c                                   : atoi.obj (.text)
                  00009094    0000004c                                   : cpy_tbl.obj (.text)
                  000090e0    0000004a                                   : hypot.obj (.text)
                  0000912a    00000002     --HOLE-- [fill = 0]
                  0000912c    00000048     driverlib.lib : gpio.obj (.text:GPIOPinConfigure)
                  00009174    00000048     rtsv7M4_T_le_v4SPD16_eabi.lib : fd_toi_t2.obj (.text)
                  000091bc    00000044                                   : exit.obj (.text)
                  00009200    00000044                                   : fd_tou_t2.obj (.text)
                  00009244    00000040     mkfilter.obj (.text:_Z3sqr7complex)
                  00009284    00000040     rtsv7M4_T_le_v4SPD16_eabi.lib : signal.obj (.text)
                  000092c4    00000040                                   : u_divt2.obj (.text)
                  00009304    0000003e     driverlib.lib : adc.obj (.text:ADCSequenceConfigure)
                  00009342    0000003a     complex.obj (.text:_ZN7complexC1Edd)
                  0000937c    00000038     mkfilter.obj (.text:_Z5cconj7complex)
                  000093b4    00000038     complex.obj (.text:_Z7c_hypot7complex)
                  000093ec    00000038     mkfilter.obj (.text:_ZN7complexC1E9c_complex)
                  00009424    00000038     rtsv7M4_T_le_v4SPD16_eabi.lib : fs_tod_t2.obj (.text)
                  0000945c    00000034     driverlib.lib : sysctl.obj (.text:SysCtlPeripheralEnable)
                  00009490    00000034     rtsv7M4_T_le_v4SPD16_eabi.lib : feraiseexcept.obj (.text)
                  000094c4    00000030     mkfilter.obj (.text:_ZN5pzrepC1Ev)
                  000094f4    00000030     rtsv7M4_T_le_v4SPD16_eabi.lib : new_.obj (.text)
                  00009524    00000030                                   : strncpy.obj (.text)
                  00009554    00000030                                   : xdclass.obj (.text)
                  00009584    00000030                                   : xferaise.obj (.text)
                  000095b4    0000002e                                   : i_tofd_t2.obj (.text)
                  000095e2    0000002e                                   : raise.obj (.text)
                  00009610    0000002a     driverlib.lib : gpio.obj (.text:GPIODirModeSet)
                  0000963a    0000002a     rtsv7M4_T_le_v4SPD16_eabi.lib : frexp.obj (.text)
                  00009664    00000028                                   : cosh.obj (.text)
                  0000968c    00000028                                   : sinh.obj (.text)
                  000096b4    00000022     mkfilter.obj (.text:_Z3sqrd)
                  000096d6    00000020     rtsv7M4_T_le_v4SPD16_eabi.lib : memchr.obj (.text)
                  000096f6    00000020                                   : u_tofd_t2.obj (.text)
                  00009716    0000001e     driverlib.lib : adc.obj (.text:ADCSequenceDataGet)
                  00009734    0000001e     rtsv7M4_T_le_v4SPD16_eabi.lib : strcat.obj (.text)
                  00009752    0000001c                                   : memccpy.obj (.text)
                  0000976e    0000001a                                   : cos.obj (.text)
                  00009788    0000001a                                   : log.obj (.text)
                  000097a2    0000001a                                   : log10.obj (.text)
                  000097bc    0000001a                                   : sin.obj (.text)
                  000097d6    00000018     driverlib.lib : gpio.obj (.text:GPIOPinTypeGPIOOutput)
                  000097ee    00000002     --HOLE-- [fill = 0]
                  000097f0    00000018     rtsv7M4_T_le_v4SPD16_eabi.lib : args_main.obj (.text)
                  00009808    00000018                                   : strcmp.obj (.text)
                  00009820    00000016                                   : strchr.obj (.text)
                  00009836    00000002     --HOLE-- [fill = 0]
                  00009838    00000014                                   : _lock.obj (.text)
                  0000984c    00000014                                   : strcpy.obj (.text)
                  00009860    00000014                                   : strlen.obj (.text)
                  00009874    00000012     driverlib.lib : gpio.obj (.text:GPIOPinTypeADC)
                  00009886    00000012                   : gpio.obj (.text:GPIOPinTypeUART)
                  00009898    00000012                   : timer.obj (.text:TimerLoadSet)
                  000098aa    00000012     rtsv7M4_T_le_v4SPD16_eabi.lib : atof.obj (.text)
                  000098bc    00000010     driverlib.lib : adc.obj (.text:ADCIntEnable)
                  000098cc    00000010                   : interrupt.obj (.text:IntMasterEnable)
                  000098dc    00000010                   : sysctl.obj (.text:SysCtlReset)
                  000098ec    0000000e                   : adc.obj (.text:ADCSequenceEnable)
                  000098fa    0000000e                   : timer.obj (.text:TimerEnable)
                  00009908    0000000e                   : uart.obj (.text:UARTCharGetNonBlocking)
                  00009916    0000000e                   : uart.obj (.text:UARTCharsAvail)
                  00009924    0000000e     rtsv7M4_T_le_v4SPD16_eabi.lib : copy_decompress_none.obj (.text:decompress:none)
                  00009932    0000000c     driverlib.lib : cpu.obj (.text:CPUcpsie)
                  0000993e    0000000c     mkfilter.obj (.text:_ZN7complexC1Ev)
                  0000994a    0000000c     rtsv7M4_T_le_v4SPD16_eabi.lib : copy_zero_init.obj (.text:decompress:ZI)
                  00009956    0000000c     tm4c123gh6pm_startup_ccs.obj (.text)
                  00009962    0000000a     driverlib.lib : adc.obj (.text:ADCIntClear)
                  0000996c    0000000a                   : uart.obj (.text:UARTIntStatus)
                  00009976    00000008                   : uart.obj (.text:UARTIntEnable)
                  0000997e    00000008     rtsv7M4_T_le_v4SPD16_eabi.lib : delete.obj (.text)
                  00009986    00000006     driverlib.lib : gpio.obj (.text:GPIOPinRead)
                  0000998c    00000006                   : gpio.obj (.text:GPIOPinWrite)
                  00009992    00000006                   : sysctl.obj (.text:SysCtlDelay)
                  00009998    00000006                   : uart.obj (.text:UARTClockSourceSet)
                  0000999e    00000006     rtsv7M4_T_le_v4SPD16_eabi.lib : copy_decompress_rle.obj (.text:decompress:rle24)
                  000099a4    00000004     driverlib.lib : uart.obj (.text:UARTIntClear)
                  000099a8    00000004     rtsv7M4_T_le_v4SPD16_eabi.lib : pre_init.obj (.text)

.init_array 
*          0    000099ac    00000004     
                  000099ac    00000004     mkfilter.obj (.init_array)

.const     0    000099b0    000004ee     
                  000099b0    00000101     rtsv7M4_T_le_v4SPD16_eabi.lib : ctype.obj (.const:.string:_ctypes_)
                  00009ab1    00000007     --HOLE-- [fill = 0]
                  00009ab8    00000098                                   : strtod.obj (.const)
                  00009b50    00000090     driverlib.lib : gpio.obj (.const:g_pui32GPIOBaseAddrs)
                  00009be0    00000080     rtsv7M4_T_le_v4SPD16_eabi.lib : xsin.obj (.const)
                  00009c60    00000070     driverlib.lib : interrupt.obj (.const)
                  00009cd0    0000006c                   : sysctl.obj (.const:g_pui32Xtals)
                  00009d3c    00000004     --HOLE-- [fill = 0]
                  00009d40    00000050     rtsv7M4_T_le_v4SPD16_eabi.lib : tan.obj (.const)
                  00009d90    00000048                                   : xexp.obj (.const)
                  00009dd8    00000038                                   : xlog.obj (.const:p)
                  00009e10    00000030                                   : xdint.obj (.const)
                  00009e40    00000030                                   : xsinh.obj (.const)
                  00009e70    0000001c     uartstdio.obj (.const)
                  00009e8c    00000012     uartstdio.obj (.const:.string)

.cinit     0    00009ea0    000002c0     
                  00009ea0    0000029b     (.cinit..data.load) [load image, compression = rle]
                  0000a13b    00000001     --HOLE-- [fill = 0]
                  0000a13c    0000000c     (__TI_handler_table)
                  0000a148    00000008     (.cinit..bss.load) [load image, compression = zero_init]
                  0000a150    00000010     (__TI_cinit_table)

.bss       0    20000000    00005692     UNINITIALIZED
                  20000000    00001fe8     mkfilter.obj (.bss:splane)
                  20001fe8    00001fe8     mkfilter.obj (.bss:zplane)
                  20003fd0    00000800     mkfilter.obj (.bss:xcoeffs)
                  200047d0    00000800     mkfilter.obj (.bss:ycoeffs)
                  20004fd0    00000158     mkfilter.obj (.bss:xv)
                  20005128    00000158     mkfilter.obj (.bss:yv)
                  20005280    00000120     rtsv7M4_T_le_v4SPD16_eabi.lib : trgmsg.obj (.bss:__CIOBUF_)
                  200053a0    000000a8     mkfilter.obj (.bss:coef_filtro)
                  20005448    000000a0     rtsv7M4_T_le_v4SPD16_eabi.lib : defs.obj (.bss:__TI_tmpnams)
                  200054e8    00000040     mkfilter.obj (.bss)
                  20005528    00000034     mkfilter.obj (.bss:bufferRequisicao)
                  2000555c    00000034     mkfilter.obj (.bss:texto)
                  20005590    00000020     (.common:s)
                  200055b0    00000014     (.common:vetFreq)
                  200055c4    00000014     (.common:vetFreq_amostragem)
                  200055d8    00000008     (.common:alpha)
                  200055e0    00000008     (.common:alpha2)
                  200055e8    00000008     (.common:chebrip)
                  200055f0    00000008     (.common:doubleADC0Value)
                  200055f8    00000008     (.common:final_gain)
                  20005600    00000008     (.common:freq_amostragem)
                  20005608    00000008     (.common:incognita_filtro)
                  20005610    00000008     (.common:next_input)
                  20005618    00000008     (.common:next_output)
                  20005620    00000008     (.common:parmbuf)
                  20005628    00000008     (.common:pbgain)
                  20005630    00000008     (.common:raw_alpha1)
                  20005638    00000008     (.common:raw_alpha2)
                  20005640    00000008     (.common:total_partx)
                  20005648    00000008     (.common:total_party)
                  20005650    00000008     (.common:warped_alpha1)
                  20005658    00000008     (.common:warped_alpha2)
                  20005660    00000004     (.common:freq)
                  20005664    00000004     (.common:nEntrada)
                  20005668    00000004     (.common:npoles_gen)
                  2000566c    00000004     (.common:nxfacs)
                  20005670    00000004     (.common:nzeros_gen)
                  20005674    00000004     (.common:order)
                  20005678    00000004     (.common:pui32ADC0Value)
                  2000567c    00000004     (.common:segunda_vez)
                  20005680    00000002     (.common:ativaRecebimento)
                  20005682    00000002     (.common:cont)
                  20005684    00000002     (.common:flag)
                  20005686    00000002     (.common:flagEntrada)
                  20005688    00000002     (.common:flagInterrupcao)
                  2000568a    00000001     (.common:bp_bs)
                  2000568b    00000001     (.common:flag_freq_amostragem)
                  2000568c    00000001     (.common:flag_gerador)
                  2000568d    00000001     (.common:language)
                  2000568e    00000001     (.common:lp_hp)
                  2000568f    00000001     (.common:parte1)
                  20005690    00000001     (.common:parte2)
                  20005691    00000001     (.common:parte3)

.TI.noinit 
*          0    20000000    00000000     UNINITIALIZED

.data      0    20005698    000005b4     UNINITIALIZED
                  20005698    000001e0     mkfilter.obj (.data:bessel_poles)
                  20005878    000000f0     rtsv7M4_T_le_v4SPD16_eabi.lib : defs.obj (.data:_ftable)
                  20005968    000000d0                                   : lowlev.obj (.data)
                  20005a38    000000b0                                   : signal.obj (.data:sigtable)
                  20005ae8    00000080                                   : xvalues.obj (.data)
                  20005b68    00000068                                   : xfvalues.obj (.data)
                  20005bd0    00000030     mkfilter.obj (.data)
                  20005c00    00000010     rtsv7M4_T_le_v4SPD16_eabi.lib : defs.obj (.data)
                  20005c10    0000000c                                   : memory.obj (.data)
                  20005c1c    00000008                                   : _lock.obj (.data)
                  20005c24    00000008                                   : exit.obj (.data)
                  20005c2c    00000008                                   : feraiseexcept.obj (.data)
                  20005c34    00000005     uartstdio.obj (.data)
                  20005c39    00000003     --HOLE--
                  20005c3c    00000004     rtsv7M4_T_le_v4SPD16_eabi.lib : errno.obj (.data)
                  20005c40    00000004                                   : fopen.obj (.data)
                  20005c44    00000004                                   : stkdepth_vars.obj (.data)
                  20005c48    00000004                                   : vars.obj (.data)

.TI.persistent 
*          0    20005698    00000000     UNINITIALIZED

.stack     0    20005c4c    00000200     UNINITIALIZED
                  20005c4c    00000200     --HOLE--

.sysmem    0    20005e50    00000200     UNINITIALIZED
                  20005e50    00000008     rtsv7M4_T_le_v4SPD16_eabi.lib : memory.obj (.sysmem)
                  20005e58    000001f8     --HOLE--


LINKER GENERATED COPY TABLES

__TI_cinit_table @ 0000a150 records: 2, size/record: 8, table size: 16
	.data: load addr=00009ea0, load size=0000029b bytes, run addr=20005698, run size=000005b4 bytes, compression=rle
	.bss: load addr=0000a148, load size=00000008 bytes, run addr=20000000, run size=00005692 bytes, compression=zero_init


LINKER GENERATED HANDLER TABLE

__TI_handler_table @ 0000a13c records: 3, size/record: 4, table size: 12
	index: 0, handler: __TI_decompress_rle24
	index: 1, handler: __TI_decompress_none
	index: 2, handler: __TI_zero_init


GLOBAL SYMBOLS: SORTED ALPHABETICALLY BY Name 

address   name                             
-------   ----                             
00009963  ADCIntClear                      
000098bd  ADCIntEnable                     
0000299d  ADCIntHandler                    
00009305  ADCSequenceConfigure             
00009717  ADCSequenceDataGet               
000098ed  ADCSequenceEnable                
00008941  ADCSequenceStepConfigure         
000091bd  C$$EXIT                          
00008c13  C$$IO$$                          
00009933  CPUcpsie                         
00009611  GPIODirModeSet                   
00007b19  GPIOPadConfigSet                 
0000912d  GPIOPinConfigure                 
00009987  GPIOPinRead                      
00009875  GPIOPinTypeADC                   
000097d7  GPIOPinTypeGPIOOutput            
00009887  GPIOPinTypeUART                  
0000998d  GPIOPinWrite                     
00006295  HOSTclock                        
0000625d  HOSTclose                        
0000621f  HOSTgetenv                       
000061c3  HOSTlseek                        
00006171  HOSTopen                         
00006125  HOSTread                         
000060c7  HOSTrename                       
0000608d  HOSTtime                         
00006055  HOSTunlink                       
00006009  HOSTwrite                        
00008b7d  IntEnable                        
000098cd  IntMasterEnable                  
00009957  ResetISR                         
0000296d  ResetISRMod                      
000099ac  SHT$$INIT_ARRAY$$Base            
000099b0  SHT$$INIT_ARRAY$$Limit           
00007c4d  SysCtlClockGet                   
00007f69  SysCtlClockSet                   
00009993  SysCtlDelay                      
0000945d  SysCtlPeripheralEnable           
000098dd  SysCtlReset                      
00008ddd  TimerConfigure                   
00008ef9  TimerControlTrigger              
000098fb  TimerEnable                      
00009899  TimerLoadSet                     
00009909  UARTCharGetNonBlocking           
00009917  UARTCharsAvail                   
00009999  UARTClockSourceSet               
000099a5  UARTIntClear                     
00009977  UARTIntEnable                    
00002601  UARTIntHandler                   
0000996d  UARTIntStatus                    
00004535  UARTStdioConfig                  
000046ad  UARTgetc                         
000045e7  UARTgets                         
000049db  UARTprintf                       
000046e1  UARTvprintf                      
00004595  UARTwrite                        
0000805d  _Cosh                            
00009555  _Dclass                          
20005ae8  _Denorm                          
000083ad  _Dint                            
0000846d  _Dnorm                           
00007d5d  _Dscale                          
00008c4d  _Dunscale                        
20005af8  _Eps                             
20005c3c  _Errno                           
00006e85  _Exp                             
20005b68  _FDenorm                         
20005b78  _FEps                            
20005b88  _FInf                            
20005b98  _FNan                            
20005bb8  _FRteps                          
20005ba8  _FSnan                           
20005bc8  _FXbig                           
20005bcc  _FZero                           
20005c2c  _Fenv                            
00009585  _Feraise                         
20005b08  _Hugeval                         
00006571  _Hypot                           
20005b18  _Inf                             
00005d1d  _Log                             
20005b28  _Nan                             
20005b48  _Rteps                           
000062dd  _Sin                             
00006c5d  _Sinh                            
20005b38  _Snan                            
20005c30  _Tls_setup__Fenv                 
20005b58  _Xbig                            
00004f29  _Z10AD9850_Oscdd                 
00004ea9  _Z11AD9850_Initv                 
0000029f  _Z11InitConsolev                 
00004eb7  _Z12AD9850_Resetv                
000002db  _Z12calcula_coefv                
0000510f  _Z15AD9850_Sweep_Updddi          
00002319  _Z15processaEntradav             
00005095  _Z16AD9850_PowerDownv            
00005189  _Z17AD9850_Sweep_Downdddi        
00005225  _Z17AD9850_Sweep_Loopdddi        
000075ef  _Z21__default_new_handlerv       
00009245  _Z3sqr7complex                   
000096b5  _Z3sqrd                          
000041eb  _Z4cexp7complex                  
00002019  _Z4dtoaPcd                       
00004253  _Z4expjd                         
0000937d  _Z5cconj7complex                 
000040f5  _Z5csqrt7complex                 
000093b5  _Z7c_hypot7complex               
0000026d  _Z7delayMsj                      
00000287  _Z7delayUsj                      
00001a2b  _Z7gencodeRdRiPdS0_S1_           
00003f61  _Z8evaluateP7complexiS0_iS_      
000094c5  _ZN5pzrepC1Ev                    
000093ed  _ZN7complexC1E9c_complex         
00009343  _ZN7complexC1Edd                 
0000993f  _ZN7complexC1Ev                  
0000997f  _ZdaPv                           
0000997f  _ZdlPv                           
000043e1  _Zdv7complexS_                   
20005b60  _Zero                            
00008d19  _Zmi7complexS_                   
000042d1  _Zml7complexS_                   
00008e9d  _Zmld7complex                    
000094f5  _Znaj                            
00008e3d  _Zng7complex                     
000094f5  _Znwj                            
00008d7b  _Zpl7complexS_                   
20005280  __CIOBUF_                        
20005e4c  __STACK_END                      
00000200  __STACK_SIZE                     
20005e4c  __STACK_TOP                      
00000200  __SYSMEM_SIZE                    
0000a150  __TI_CINIT_Base                  
0000a160  __TI_CINIT_Limit                 
0000a13c  __TI_Handler_Table_Base          
0000a148  __TI_Handler_Table_Limit         
00008aa5  __TI_auto_init                   
0000733d  __TI_cleanup                     
20005c24  __TI_cleanup_ptr                 
00008675  __TI_closefile                   
00009925  __TI_decompress_none             
0000999f  __TI_decompress_rle24            
0000821d  __TI_doflush                     
20005c28  __TI_dtors_ptr                   
20005c00  __TI_ft_end                      
00003c59  __TI_printfi                     
0000858d  __TI_rd_ok                       
00008c17  __TI_readmsg                     
00000000  __TI_static_base__               
20005448  __TI_tmpnams                     
00008be5  __TI_writemsg                    
0000852b  __TI_wrt_ok                      
0000994b  __TI_zero_init                   
00008835  __aeabi_cdcmpeq                  
00008835  __aeabi_cdcmple                  
000088bb  __aeabi_cdrcmple                 
00009175  __aeabi_d2iz                     
00009201  __aeabi_d2uiz                    
00007443  __aeabi_dadd                     
000078ad  __aeabi_ddiv                     
00007e6d  __aeabi_dmul                     
00007439  __aeabi_dsub                     
00009425  __aeabi_f2d                      
000095b5  __aeabi_i2d                      
00003f5f  __aeabi_idiv0                    
000089bb  __aeabi_memclr                   
000089bb  __aeabi_memclr4                  
000089bb  __aeabi_memclr8                  
000085d7  __aeabi_memcpy                   
000085d7  __aeabi_memcpy4                  
000085d7  __aeabi_memcpy8                  
000089bd  __aeabi_memset                   
000089bd  __aeabi_memset4                  
000089bd  __aeabi_memset8                  
20005c0c  __aeabi_stderr                   
20005c04  __aeabi_stdin                    
20005c08  __aeabi_stdout                   
000096f7  __aeabi_ui2d                     
000092c5  __aeabi_uidiv                    
000092c5  __aeabi_uidivmod                 
00007081  __aeabi_uldivmod                 
000059fb  __aeabi_vec_cctor_nocookie_nodtor
000059d9  __aeabi_vec_ctor_cookie_nodtor   
000059c7  __aeabi_vec_ctor_nocookie_nodtor 
000059bb  __aeabi_vec_delete               
0000599f  __aeabi_vec_delete3              
00005985  __aeabi_vec_delete3_nodtor       
0000595f  __aeabi_vec_dtor                 
00005973  __aeabi_vec_dtor_cookie          
00005939  __aeabi_vec_new_cookie           
0000591d  __aeabi_vec_new_cookie_noctor    
00005907  __aeabi_vec_new_cookie_nodtor    
000058f3  __aeabi_vec_new_nocookie         
ffffffff  __binit__                        
ffffffff  __c_args__                       
000058c9  __cxa_vec_cctor                  
000058a9  __cxa_vec_cleanup                
00005885  __cxa_vec_ctor                   
0000585f  __cxa_vec_delete                 
00005839  __cxa_vec_delete2                
00005813  __cxa_vec_delete3                
000057f7  __cxa_vec_dtor                   
0000575b  __cxa_vec_new                    
0000572f  __cxa_vec_new2                   
00005703  __cxa_vec_new3                   
20005c4c  __stack                          
00002d7d  __sti___12_mkfilter_cpp_f5ec2cbd 
000097f1  _args_main                       
00008ff9  _c_int00                         
000099b0  _ctypes_                         
20005878  _ftable                          
20005c1c  _lock                            
20005c48  _new_handler                     
00009847  _nop                             
0000983f  _register_lock                   
00009839  _register_unlock                 
20005e50  _sys_memory                      
000099a9  _system_pre_init                 
20005c20  _unlock                          
000091c1  abort                            
00005c71  add_device                       
200055d8  alpha                            
200055e0  alpha2                           
000098ab  atof                             
00009049  atoi                             
ffffffff  binit                            
2000568a  bp_bs                            
20005528  bufferRequisicao                 
0000565d  calloc                           
00005c21  close                            
20005682  cont                             
00009095  copy_in                          
0000976f  cos                              
00009665  cosh                             
200055f0  doubleADC0Value                  
000091c9  exit                             
000087a5  exp                              
20005bec  f_ap                             
20005bd0  f_be                             
20005be4  f_bp                             
20005be8  f_bs                             
20005bd4  f_bu                             
20005bd8  f_ch                             
20005be0  f_hp                             
20005bdc  f_lp                             
000086db  fclose                           
00009491  feraiseexcept                    
00008269  fflush                           
20005684  flag                             
20005686  flagEntrada                      
20005688  flagInterrupcao                  
2000568b  flag_freq_amostragem             
2000568c  flag_gerador                     
000082e5  floor                            
000075f1  fmod                             
00007393  fopen                            
0000870d  fputc                            
000079e5  fputs                            
000053ab  free                             
00007369  freopen                          
20005660  freq                             
20005600  freq_amostragem                  
0000963b  frexp                            
00008cb5  fseek                            
00000000  g_pfnVectors                     
000090e1  hypot                            
00008fa7  ldexp                            
00009789  log                              
000097a3  log10                            
2000568e  lp_hp                            
00005bfd  lseek                            
00008f51  ltoa                             
00002b05  main                             
20005c44  main_func_sp                     
00005343  malloc                           
00005579  memalign                         
00009753  memccpy                          
000096d7  memchr                           
000085d7  memcpy                           
000089c3  memset                           
000052b5  minit                            
20005664  nEntrada                         
00005b4f  open                             
2000568f  parte1                           
20005690  parte2                           
20005691  parte3                           
00004a11  pow                              
00008a3d  printf                           
20005678  pui32ADC0Value                   
0000870d  putc                             
00008791  putchar                          
00007af1  puts                             
000095e3  raise                            
00005b2b  read                             
0000546d  realloc                          
00005aa1  remove                           
00005b03  remove_device                    
00005ac5  rename                           
00008141  setvbuf                          
00009285  signal                           
000097bd  sin                              
0000968d  sinh                             
00007765  sqrt                             
00009735  strcat                           
00009821  strchr                           
00009809  strcmp                           
0000984d  strcpy                           
00009861  strlen                           
00009525  strncpy                          
00006a21  strtod                           
00006a21  strtold                          
000067d5  tan                              
2000555c  texto                            
00005aa1  unlink                           
200055b0  vetFreq                          
200055c4  vetFreq_amostragem               
00005a11  write                            


GLOBAL SYMBOLS: SORTED BY Symbol Address 

address   name                             
-------   ----                             
00000000  __TI_static_base__               
00000000  g_pfnVectors                     
00000200  __STACK_SIZE                     
00000200  __SYSMEM_SIZE                    
0000026d  _Z7delayMsj                      
00000287  _Z7delayUsj                      
0000029f  _Z11InitConsolev                 
000002db  _Z12calcula_coefv                
00001a2b  _Z7gencodeRdRiPdS0_S1_           
00002019  _Z4dtoaPcd                       
00002319  _Z15processaEntradav             
00002601  UARTIntHandler                   
0000296d  ResetISRMod                      
0000299d  ADCIntHandler                    
00002b05  main                             
00002d7d  __sti___12_mkfilter_cpp_f5ec2cbd 
00003c59  __TI_printfi                     
00003f5f  __aeabi_idiv0                    
00003f61  _Z8evaluateP7complexiS0_iS_      
000040f5  _Z5csqrt7complex                 
000041eb  _Z4cexp7complex                  
00004253  _Z4expjd                         
000042d1  _Zml7complexS_                   
000043e1  _Zdv7complexS_                   
00004535  UARTStdioConfig                  
00004595  UARTwrite                        
000045e7  UARTgets                         
000046ad  UARTgetc                         
000046e1  UARTvprintf                      
000049db  UARTprintf                       
00004a11  pow                              
00004ea9  _Z11AD9850_Initv                 
00004eb7  _Z12AD9850_Resetv                
00004f29  _Z10AD9850_Oscdd                 
00005095  _Z16AD9850_PowerDownv            
0000510f  _Z15AD9850_Sweep_Updddi          
00005189  _Z17AD9850_Sweep_Downdddi        
00005225  _Z17AD9850_Sweep_Loopdddi        
000052b5  minit                            
00005343  malloc                           
000053ab  free                             
0000546d  realloc                          
00005579  memalign                         
0000565d  calloc                           
00005703  __cxa_vec_new3                   
0000572f  __cxa_vec_new2                   
0000575b  __cxa_vec_new                    
000057f7  __cxa_vec_dtor                   
00005813  __cxa_vec_delete3                
00005839  __cxa_vec_delete2                
0000585f  __cxa_vec_delete                 
00005885  __cxa_vec_ctor                   
000058a9  __cxa_vec_cleanup                
000058c9  __cxa_vec_cctor                  
000058f3  __aeabi_vec_new_nocookie         
00005907  __aeabi_vec_new_cookie_nodtor    
0000591d  __aeabi_vec_new_cookie_noctor    
00005939  __aeabi_vec_new_cookie           
0000595f  __aeabi_vec_dtor                 
00005973  __aeabi_vec_dtor_cookie          
00005985  __aeabi_vec_delete3_nodtor       
0000599f  __aeabi_vec_delete3              
000059bb  __aeabi_vec_delete               
000059c7  __aeabi_vec_ctor_nocookie_nodtor 
000059d9  __aeabi_vec_ctor_cookie_nodtor   
000059fb  __aeabi_vec_cctor_nocookie_nodtor
00005a11  write                            
00005aa1  remove                           
00005aa1  unlink                           
00005ac5  rename                           
00005b03  remove_device                    
00005b2b  read                             
00005b4f  open                             
00005bfd  lseek                            
00005c21  close                            
00005c71  add_device                       
00005d1d  _Log                             
00006009  HOSTwrite                        
00006055  HOSTunlink                       
0000608d  HOSTtime                         
000060c7  HOSTrename                       
00006125  HOSTread                         
00006171  HOSTopen                         
000061c3  HOSTlseek                        
0000621f  HOSTgetenv                       
0000625d  HOSTclose                        
00006295  HOSTclock                        
000062dd  _Sin                             
00006571  _Hypot                           
000067d5  tan                              
00006a21  strtod                           
00006a21  strtold                          
00006c5d  _Sinh                            
00006e85  _Exp                             
00007081  __aeabi_uldivmod                 
0000733d  __TI_cleanup                     
00007369  freopen                          
00007393  fopen                            
00007439  __aeabi_dsub                     
00007443  __aeabi_dadd                     
000075ef  _Z21__default_new_handlerv       
000075f1  fmod                             
00007765  sqrt                             
000078ad  __aeabi_ddiv                     
000079e5  fputs                            
00007af1  puts                             
00007b19  GPIOPadConfigSet                 
00007c4d  SysCtlClockGet                   
00007d5d  _Dscale                          
00007e6d  __aeabi_dmul                     
00007f69  SysCtlClockSet                   
0000805d  _Cosh                            
00008141  setvbuf                          
0000821d  __TI_doflush                     
00008269  fflush                           
000082e5  floor                            
000083ad  _Dint                            
0000846d  _Dnorm                           
0000852b  __TI_wrt_ok                      
0000858d  __TI_rd_ok                       
000085d7  __aeabi_memcpy                   
000085d7  __aeabi_memcpy4                  
000085d7  __aeabi_memcpy8                  
000085d7  memcpy                           
00008675  __TI_closefile                   
000086db  fclose                           
0000870d  fputc                            
0000870d  putc                             
00008791  putchar                          
000087a5  exp                              
00008835  __aeabi_cdcmpeq                  
00008835  __aeabi_cdcmple                  
000088bb  __aeabi_cdrcmple                 
00008941  ADCSequenceStepConfigure         
000089bb  __aeabi_memclr                   
000089bb  __aeabi_memclr4                  
000089bb  __aeabi_memclr8                  
000089bd  __aeabi_memset                   
000089bd  __aeabi_memset4                  
000089bd  __aeabi_memset8                  
000089c3  memset                           
00008a3d  printf                           
00008aa5  __TI_auto_init                   
00008b7d  IntEnable                        
00008be5  __TI_writemsg                    
00008c13  C$$IO$$                          
00008c17  __TI_readmsg                     
00008c4d  _Dunscale                        
00008cb5  fseek                            
00008d19  _Zmi7complexS_                   
00008d7b  _Zpl7complexS_                   
00008ddd  TimerConfigure                   
00008e3d  _Zng7complex                     
00008e9d  _Zmld7complex                    
00008ef9  TimerControlTrigger              
00008f51  ltoa                             
00008fa7  ldexp                            
00008ff9  _c_int00                         
00009049  atoi                             
00009095  copy_in                          
000090e1  hypot                            
0000912d  GPIOPinConfigure                 
00009175  __aeabi_d2iz                     
000091bd  C$$EXIT                          
000091c1  abort                            
000091c9  exit                             
00009201  __aeabi_d2uiz                    
00009245  _Z3sqr7complex                   
00009285  signal                           
000092c5  __aeabi_uidiv                    
000092c5  __aeabi_uidivmod                 
00009305  ADCSequenceConfigure             
00009343  _ZN7complexC1Edd                 
0000937d  _Z5cconj7complex                 
000093b5  _Z7c_hypot7complex               
000093ed  _ZN7complexC1E9c_complex         
00009425  __aeabi_f2d                      
0000945d  SysCtlPeripheralEnable           
00009491  feraiseexcept                    
000094c5  _ZN5pzrepC1Ev                    
000094f5  _Znaj                            
000094f5  _Znwj                            
00009525  strncpy                          
00009555  _Dclass                          
00009585  _Feraise                         
000095b5  __aeabi_i2d                      
000095e3  raise                            
00009611  GPIODirModeSet                   
0000963b  frexp                            
00009665  cosh                             
0000968d  sinh                             
000096b5  _Z3sqrd                          
000096d7  memchr                           
000096f7  __aeabi_ui2d                     
00009717  ADCSequenceDataGet               
00009735  strcat                           
00009753  memccpy                          
0000976f  cos                              
00009789  log                              
000097a3  log10                            
000097bd  sin                              
000097d7  GPIOPinTypeGPIOOutput            
000097f1  _args_main                       
00009809  strcmp                           
00009821  strchr                           
00009839  _register_unlock                 
0000983f  _register_lock                   
00009847  _nop                             
0000984d  strcpy                           
00009861  strlen                           
00009875  GPIOPinTypeADC                   
00009887  GPIOPinTypeUART                  
00009899  TimerLoadSet                     
000098ab  atof                             
000098bd  ADCIntEnable                     
000098cd  IntMasterEnable                  
000098dd  SysCtlReset                      
000098ed  ADCSequenceEnable                
000098fb  TimerEnable                      
00009909  UARTCharGetNonBlocking           
00009917  UARTCharsAvail                   
00009925  __TI_decompress_none             
00009933  CPUcpsie                         
0000993f  _ZN7complexC1Ev                  
0000994b  __TI_zero_init                   
00009957  ResetISR                         
00009963  ADCIntClear                      
0000996d  UARTIntStatus                    
00009977  UARTIntEnable                    
0000997f  _ZdaPv                           
0000997f  _ZdlPv                           
00009987  GPIOPinRead                      
0000998d  GPIOPinWrite                     
00009993  SysCtlDelay                      
00009999  UARTClockSourceSet               
0000999f  __TI_decompress_rle24            
000099a5  UARTIntClear                     
000099a9  _system_pre_init                 
000099ac  SHT$$INIT_ARRAY$$Base            
000099b0  SHT$$INIT_ARRAY$$Limit           
000099b0  _ctypes_                         
0000a13c  __TI_Handler_Table_Base          
0000a148  __TI_Handler_Table_Limit         
0000a150  __TI_CINIT_Base                  
0000a160  __TI_CINIT_Limit                 
20005280  __CIOBUF_                        
20005448  __TI_tmpnams                     
20005528  bufferRequisicao                 
2000555c  texto                            
200055b0  vetFreq                          
200055c4  vetFreq_amostragem               
200055d8  alpha                            
200055e0  alpha2                           
200055f0  doubleADC0Value                  
20005600  freq_amostragem                  
20005660  freq                             
20005664  nEntrada                         
20005678  pui32ADC0Value                   
20005682  cont                             
20005684  flag                             
20005686  flagEntrada                      
20005688  flagInterrupcao                  
2000568a  bp_bs                            
2000568b  flag_freq_amostragem             
2000568c  flag_gerador                     
2000568e  lp_hp                            
2000568f  parte1                           
20005690  parte2                           
20005691  parte3                           
20005878  _ftable                          
20005ae8  _Denorm                          
20005af8  _Eps                             
20005b08  _Hugeval                         
20005b18  _Inf                             
20005b28  _Nan                             
20005b38  _Snan                            
20005b48  _Rteps                           
20005b58  _Xbig                            
20005b60  _Zero                            
20005b68  _FDenorm                         
20005b78  _FEps                            
20005b88  _FInf                            
20005b98  _FNan                            
20005ba8  _FSnan                           
20005bb8  _FRteps                          
20005bc8  _FXbig                           
20005bcc  _FZero                           
20005bd0  f_be                             
20005bd4  f_bu                             
20005bd8  f_ch                             
20005bdc  f_lp                             
20005be0  f_hp                             
20005be4  f_bp                             
20005be8  f_bs                             
20005bec  f_ap                             
20005c00  __TI_ft_end                      
20005c04  __aeabi_stdin                    
20005c08  __aeabi_stdout                   
20005c0c  __aeabi_stderr                   
20005c1c  _lock                            
20005c20  _unlock                          
20005c24  __TI_cleanup_ptr                 
20005c28  __TI_dtors_ptr                   
20005c2c  _Fenv                            
20005c30  _Tls_setup__Fenv                 
20005c3c  _Errno                           
20005c44  main_func_sp                     
20005c48  _new_handler                     
20005c4c  __stack                          
20005e4c  __STACK_END                      
20005e4c  __STACK_TOP                      
20005e50  _sys_memory                      
ffffffff  __binit__                        
ffffffff  __c_args__                       
ffffffff  binit                            

[315 symbols]
